Archive member included to satisfy reference by file (symbol)

c:/program files (x86)/atollic/truestudio for stm32 9.2.0/armtools/bin/../lib/gcc/arm-atollic-eabi/6.3.1/../../../../arm-atollic-eabi/lib/armv7e-m/fpu/fpv5-d16\libc_nano.a(lib_a-errno.o)
                              Src\syscalls.o (__errno)
c:/program files (x86)/atollic/truestudio for stm32 9.2.0/armtools/bin/../lib/gcc/arm-atollic-eabi/6.3.1/../../../../arm-atollic-eabi/lib/armv7e-m/fpu/fpv5-d16\libc_nano.a(lib_a-impure.o)
                              c:/program files (x86)/atollic/truestudio for stm32 9.2.0/armtools/bin/../lib/gcc/arm-atollic-eabi/6.3.1/../../../../arm-atollic-eabi/lib/armv7e-m/fpu/fpv5-d16\libc_nano.a(lib_a-errno.o) (_impure_ptr)
c:/program files (x86)/atollic/truestudio for stm32 9.2.0/armtools/bin/../lib/gcc/arm-atollic-eabi/6.3.1/../../../../arm-atollic-eabi/lib/armv7e-m/fpu/fpv5-d16\libc_nano.a(lib_a-init.o)
                              startup\startup_stm32f767xx.o (__libc_init_array)
c:/program files (x86)/atollic/truestudio for stm32 9.2.0/armtools/bin/../lib/gcc/arm-atollic-eabi/6.3.1/../../../../arm-atollic-eabi/lib/armv7e-m/fpu/fpv5-d16\libc_nano.a(lib_a-memcpy-stub.o)
                              Src\user\fifo_queue.o (memcpy)
c:/program files (x86)/atollic/truestudio for stm32 9.2.0/armtools/bin/../lib/gcc/arm-atollic-eabi/6.3.1/../../../../arm-atollic-eabi/lib/armv7e-m/fpu/fpv5-d16\libc_nano.a(lib_a-memset.o)
                              Src\main.o (memset)
c:/program files (x86)/atollic/truestudio for stm32 9.2.0/armtools/bin/../lib/gcc/arm-atollic-eabi/6.3.1/../../../../arm-atollic-eabi/lib/armv7e-m/fpu/fpv5-d16\libc_nano.a(lib_a-sprintf.o)
                              Src\user\data_saver.o (sprintf)
c:/program files (x86)/atollic/truestudio for stm32 9.2.0/armtools/bin/../lib/gcc/arm-atollic-eabi/6.3.1/../../../../arm-atollic-eabi/lib/armv7e-m/fpu/fpv5-d16\libc_nano.a(lib_a-strlen.o)
                              Src\user\file_system_wrapper.o (strlen)
c:/program files (x86)/atollic/truestudio for stm32 9.2.0/armtools/bin/../lib/gcc/arm-atollic-eabi/6.3.1/../../../../arm-atollic-eabi/lib/armv7e-m/fpu/fpv5-d16\libc_nano.a(lib_a-nano-svfprintf.o)
                              c:/program files (x86)/atollic/truestudio for stm32 9.2.0/armtools/bin/../lib/gcc/arm-atollic-eabi/6.3.1/../../../../arm-atollic-eabi/lib/armv7e-m/fpu/fpv5-d16\libc_nano.a(lib_a-sprintf.o) (_svfprintf_r)
c:/program files (x86)/atollic/truestudio for stm32 9.2.0/armtools/bin/../lib/gcc/arm-atollic-eabi/6.3.1/../../../../arm-atollic-eabi/lib/armv7e-m/fpu/fpv5-d16\libc_nano.a(lib_a-nano-vfprintf_i.o)
                              c:/program files (x86)/atollic/truestudio for stm32 9.2.0/armtools/bin/../lib/gcc/arm-atollic-eabi/6.3.1/../../../../arm-atollic-eabi/lib/armv7e-m/fpu/fpv5-d16\libc_nano.a(lib_a-nano-svfprintf.o) (_printf_i)
c:/program files (x86)/atollic/truestudio for stm32 9.2.0/armtools/bin/../lib/gcc/arm-atollic-eabi/6.3.1/../../../../arm-atollic-eabi/lib/armv7e-m/fpu/fpv5-d16\libc_nano.a(lib_a-memchr.o)
                              c:/program files (x86)/atollic/truestudio for stm32 9.2.0/armtools/bin/../lib/gcc/arm-atollic-eabi/6.3.1/../../../../arm-atollic-eabi/lib/armv7e-m/fpu/fpv5-d16\libc_nano.a(lib_a-nano-svfprintf.o) (memchr)
c:/program files (x86)/atollic/truestudio for stm32 9.2.0/armtools/bin/../lib/gcc/arm-atollic-eabi/6.3.1/../../../../arm-atollic-eabi/lib/armv7e-m/fpu/fpv5-d16\libc_nano.a(lib_a-memmove.o)
                              c:/program files (x86)/atollic/truestudio for stm32 9.2.0/armtools/bin/../lib/gcc/arm-atollic-eabi/6.3.1/../../../../arm-atollic-eabi/lib/armv7e-m/fpu/fpv5-d16\libc_nano.a(lib_a-nano-svfprintf.o) (memmove)
c:/program files (x86)/atollic/truestudio for stm32 9.2.0/armtools/bin/../lib/gcc/arm-atollic-eabi/6.3.1/../../../../arm-atollic-eabi/lib/armv7e-m/fpu/fpv5-d16\libc_nano.a(lib_a-nano-freer.o)
                              c:/program files (x86)/atollic/truestudio for stm32 9.2.0/armtools/bin/../lib/gcc/arm-atollic-eabi/6.3.1/../../../../arm-atollic-eabi/lib/armv7e-m/fpu/fpv5-d16\libc_nano.a(lib_a-nano-svfprintf.o) (_free_r)
c:/program files (x86)/atollic/truestudio for stm32 9.2.0/armtools/bin/../lib/gcc/arm-atollic-eabi/6.3.1/../../../../arm-atollic-eabi/lib/armv7e-m/fpu/fpv5-d16\libc_nano.a(lib_a-nano-mallocr.o)
                              c:/program files (x86)/atollic/truestudio for stm32 9.2.0/armtools/bin/../lib/gcc/arm-atollic-eabi/6.3.1/../../../../arm-atollic-eabi/lib/armv7e-m/fpu/fpv5-d16\libc_nano.a(lib_a-nano-svfprintf.o) (_malloc_r)
c:/program files (x86)/atollic/truestudio for stm32 9.2.0/armtools/bin/../lib/gcc/arm-atollic-eabi/6.3.1/../../../../arm-atollic-eabi/lib/armv7e-m/fpu/fpv5-d16\libc_nano.a(lib_a-nano-reallocr.o)
                              c:/program files (x86)/atollic/truestudio for stm32 9.2.0/armtools/bin/../lib/gcc/arm-atollic-eabi/6.3.1/../../../../arm-atollic-eabi/lib/armv7e-m/fpu/fpv5-d16\libc_nano.a(lib_a-nano-svfprintf.o) (_realloc_r)
[...]
Memory Configuration

Name             Origin             Length             Attributes
RAM              0x20000000         0x00080000         xrw
FLASH            0x08000000         0x00200000         xr
*default*        0x00000000         0xffffffff

Linker script and memory map

LOAD c:/program files (x86)/atollic/truestudio for stm32 9.2.0/armtools/bin/../lib/gcc/arm-atollic-eabi/6.3.1/armv7e-m/fpu/fpv5-d16/crti.o
LOAD c:/program files (x86)/atollic/truestudio for stm32 9.2.0/armtools/bin/../lib/gcc/arm-atollic-eabi/6.3.1/armv7e-m/fpu/fpv5-d16/crtbegin.o
LOAD Drivers\STM32F7xx_HAL_Driver\Src\stm32f7xx_hal.o
LOAD Drivers\STM32F7xx_HAL_Driver\Src\stm32f7xx_hal_can.o
LOAD Drivers\STM32F7xx_HAL_Driver\Src\stm32f7xx_hal_cortex.o
LOAD Drivers\STM32F7xx_HAL_Driver\Src\stm32f7xx_hal_dma.o
LOAD Drivers\STM32F7xx_HAL_Driver\Src\stm32f7xx_hal_dma_ex.o
LOAD Drivers\STM32F7xx_HAL_Driver\Src\stm32f7xx_hal_exti.o
LOAD Drivers\STM32F7xx_HAL_Driver\Src\stm32f7xx_hal_flash.o
LOAD Drivers\STM32F7xx_HAL_Driver\Src\stm32f7xx_hal_flash_ex.o
LOAD Drivers\STM32F7xx_HAL_Driver\Src\stm32f7xx_hal_gpio.o
LOAD Drivers\STM32F7xx_HAL_Driver\Src\stm32f7xx_hal_i2c.o
LOAD Drivers\STM32F7xx_HAL_Driver\Src\stm32f7xx_hal_i2c_ex.o
LOAD Drivers\STM32F7xx_HAL_Driver\Src\stm32f7xx_hal_pwr.o
LOAD Drivers\STM32F7xx_HAL_Driver\Src\stm32f7xx_hal_pwr_ex.o
LOAD Drivers\STM32F7xx_HAL_Driver\Src\stm32f7xx_hal_rcc.o
LOAD Drivers\STM32F7xx_HAL_Driver\Src\stm32f7xx_hal_rcc_ex.o
LOAD Drivers\STM32F7xx_HAL_Driver\Src\stm32f7xx_hal_rtc.o
LOAD Drivers\STM32F7xx_HAL_Driver\Src\stm32f7xx_hal_rtc_ex.o
LOAD Drivers\STM32F7xx_HAL_Driver\Src\stm32f7xx_hal_sd.o
LOAD Drivers\STM32F7xx_HAL_Driver\Src\stm32f7xx_hal_tim.o
LOAD Drivers\STM32F7xx_HAL_Driver\Src\stm32f7xx_hal_tim_ex.o
LOAD Drivers\STM32F7xx_HAL_Driver\Src\stm32f7xx_hal_uart.o
LOAD Drivers\STM32F7xx_HAL_Driver\Src\stm32f7xx_ll_sdmmc.o
LOAD Middlewares\Third_Party\FatFs\src\diskio.o
LOAD Middlewares\Third_Party\FatFs\src\ff.o
LOAD Middlewares\Third_Party\FatFs\src\ff_gen_drv.o
LOAD Middlewares\Third_Party\FatFs\src\option\ccsbcs.o
LOAD Middlewares\Third_Party\FatFs\src\option\syscall.o
LOAD Src\bsp_driver_sd.o
LOAD Src\can.o
LOAD Src\fatfs.o
LOAD Src\gfxsimulator.o
LOAD Src\gpio.o
LOAD Src\main.o
LOAD Src\rtc.o
LOAD Src\sd_diskio.o
LOAD Src\sdmmc.o
LOAD Src\stm32f7xx_hal_msp.o
LOAD Src\stm32f7xx_it.o
LOAD Src\syscalls.o
LOAD Src\system_stm32f7xx.o
LOAD Src\usart.o
LOAD Src\user\action_scheduler.o
LOAD Src\user\can_receiver.o
LOAD Src\user\can_transceiver_driver.o
LOAD Src\user\config.o
LOAD Src\user\data_saver.o
LOAD Src\user\fifo_queue.o
LOAD Src\user\fifo_queue_multiread.o
LOAD Src\user\file_reading_buffer.o
LOAD Src\user\file_system_wrapper.o
LOAD Src\user\file_writing_buffer.o
LOAD Src\user\fixed_point.o
LOAD Src\user\gps_driver.o
LOAD Src\user\gps_receiver.o
LOAD Src\user\led_driver.o
LOAD Src\user\ms_timer_driver.o
LOAD Src\user\rtc_driver.o
LOAD Src\user\string_operations.o
LOAD Src\user\uart_driver.o
LOAD startup\startup_stm32f767xx.o
                0x00000080                malloc_getpagesize_P = 0x80
START GROUP
LOAD c:/program files (x86)/atollic/truestudio for stm32 9.2.0/armtools/bin/../lib/gcc/arm-atollic-eabi/6.3.1/../../../../arm-atollic-eabi/lib/armv7e-m/fpu/fpv5-d16\libc_nano.a
LOAD c:/program files (x86)/atollic/truestudio for stm32 9.2.0/armtools/bin/../lib/gcc/arm-atollic-eabi/6.3.1/../../../../arm-atollic-eabi/lib/armv7e-m/fpu/fpv5-d16\libm.a
END GROUP
START GROUP
LOAD c:/program files (x86)/atollic/truestudio for stm32 9.2.0/armtools/bin/../lib/gcc/arm-atollic-eabi/6.3.1/armv7e-m/fpu/fpv5-d16\libgcc.a
LOAD c:/program files (x86)/atollic/truestudio for stm32 9.2.0/armtools/bin/../lib/gcc/arm-atollic-eabi/6.3.1/../../../../arm-atollic-eabi/lib/armv7e-m/fpu/fpv5-d16\libc_nano.a
END GROUP
START GROUP
LOAD c:/program files (x86)/atollic/truestudio for stm32 9.2.0/armtools/bin/../lib/gcc/arm-atollic-eabi/6.3.1/armv7e-m/fpu/fpv5-d16\libgcc.a
LOAD c:/program files (x86)/atollic/truestudio for stm32 9.2.0/armtools/bin/../lib/gcc/arm-atollic-eabi/6.3.1/../../../../arm-atollic-eabi/lib/armv7e-m/fpu/fpv5-d16\libc_nano.a
LOAD c:/program files (x86)/atollic/truestudio for stm32 9.2.0/armtools/bin/../lib/gcc/arm-atollic-eabi/6.3.1/../../../../arm-atollic-eabi/lib/armv7e-m/fpu/fpv5-d16\libnosys.a
END GROUP
START GROUP
LOAD c:/program files (x86)/atollic/truestudio for stm32 9.2.0/armtools/bin/../lib/gcc/arm-atollic-eabi/6.3.1/armv7e-m/fpu/fpv5-d16\libgcc.a
LOAD c:/program files (x86)/atollic/truestudio for stm32 9.2.0/armtools/bin/../lib/gcc/arm-atollic-eabi/6.3.1/../../../../arm-atollic-eabi/lib/armv7e-m/fpu/fpv5-d16\libc_nano.a
LOAD c:/program files (x86)/atollic/truestudio for stm32 9.2.0/armtools/bin/../lib/gcc/arm-atollic-eabi/6.3.1/../../../../arm-atollic-eabi/lib/armv7e-m/fpu/fpv5-d16\libnosys.a
END GROUP
LOAD c:/program files (x86)/atollic/truestudio for stm32 9.2.0/armtools/bin/../lib/gcc/arm-atollic-eabi/6.3.1/armv7e-m/fpu/fpv5-d16/crtend.o
LOAD c:/program files (x86)/atollic/truestudio for stm32 9.2.0/armtools/bin/../lib/gcc/arm-atollic-eabi/6.3.1/armv7e-m/fpu/fpv5-d16/crtn.o
                0x20080000                _estack = 0x20080000
                0x00000200                _Min_Heap_Size = 0x200
                0x00040000                _Min_Stack_Size = 0x40000

.isr_vector     0x08000000      0x1f8
                0x08000000                . = ALIGN (0x4)
 *(.isr_vector)
 .isr_vector    0x08000000      0x1f8 startup\startup_stm32f767xx.o
                0x08000000                g_pfnVectors
                0x080001f8                . = ALIGN (0x4)

.text           0x08000200     0xa540
                0x08000200                . = ALIGN (0x4)
 *(.text)
 .text          0x08000200       0x40 c:/program files (x86)/atollic/truestudio for stm32 9.2.0/armtools/bin/../lib/gcc/arm-atollic-eabi/6.3.1/armv7e-m/fpu/fpv5-d16/crtbegin.o
 .text          0x08000240       0xa0 c:/program files (x86)/atollic/truestudio for stm32 9.2.0/armtools/bin/../lib/gcc/arm-atollic-eabi/6.3.1/../../../../arm-atollic-eabi/lib/armv7e-m/fpu/fpv5-d16\libc_nano.a(lib_a-memchr.o)
                0x08000240                memchr
 .text          0x080002e0       0x30 c:/program files (x86)/atollic/truestudio for stm32 9.2.0/armtools/bin/../lib/gcc/arm-atollic-eabi/6.3.1/armv7e-m/fpu/fpv5-d16\libgcc.a(_aeabi_uldivmod.o)
                0x080002e0                __aeabi_uldivmod
 .text          0x08000310      0x2dc c:/program files (x86)/atollic/truestudio for stm32 9.2.0/armtools/bin/../lib/gcc/arm-atollic-eabi/6.3.1/armv7e-m/fpu/fpv5-d16\libgcc.a(_udivmoddi4.o)
                0x08000310                __udivmoddi4
 .text          0x080005ec        0x4 c:/program files (x86)/atollic/truestudio for stm32 9.2.0/armtools/bin/../lib/gcc/arm-atollic-eabi/6.3.1/armv7e-m/fpu/fpv5-d16\libgcc.a(_dvmd_tls.o)
                0x080005ec                __aeabi_idiv0
                0x080005ec                __aeabi_ldiv0
 *(.text*)
 .text.HAL_Init
                0x080005f0       0x1a Drivers\STM32F7xx_HAL_Driver\Src\stm32f7xx_hal.o
                0x080005f0                HAL_Init
 *fill*         0x0800060a        0x2 
 .text.HAL_InitTick
                0x0800060c       0x60 Drivers\STM32F7xx_HAL_Driver\Src\stm32f7xx_hal.o
                0x0800060c                HAL_InitTick
 .text.HAL_IncTick
                0x0800066c       0x28 Drivers\STM32F7xx_HAL_Driver\Src\stm32f7xx_hal.o
                0x0800066c                HAL_IncTick
 .text.HAL_GetTick
                0x08000694       0x18 Drivers\STM32F7xx_HAL_Driver\Src\stm32f7xx_hal.o
                0x08000694                HAL_GetTick
 .text.HAL_Delay
                0x080006ac       0x44 Drivers\STM32F7xx_HAL_Driver\Src\stm32f7xx_hal.o
                0x080006ac                HAL_Delay
 .text.HAL_CAN_GetRxMessage
                0x080006f0      0x226 Drivers\STM32F7xx_HAL_Driver\Src\stm32f7xx_hal_can.o
                0x080006f0                HAL_CAN_GetRxMessage
 .text.HAL_CAN_IRQHandler
                0x08000916      0x362 Drivers\STM32F7xx_HAL_Driver\Src\stm32f7xx_hal_can.o
                0x08000916                HAL_CAN_IRQHandler
 .text.HAL_CAN_TxMailbox0CompleteCallback
                0x08000c78       0x14 Drivers\STM32F7xx_HAL_Driver\Src\stm32f7xx_hal_can.o
                0x08000c78                HAL_CAN_TxMailbox0CompleteCallback
 .text.HAL_CAN_TxMailbox1CompleteCallback
                0x08000c8c       0x14 Drivers\STM32F7xx_HAL_Driver\Src\stm32f7xx_hal_can.o
                0x08000c8c                HAL_CAN_TxMailbox1CompleteCallback
 .text.HAL_CAN_TxMailbox2CompleteCallback
                0x08000ca0       0x14 Drivers\STM32F7xx_HAL_Driver\Src\stm32f7xx_hal_can.o
                0x08000ca0                HAL_CAN_TxMailbox2CompleteCallback
 .text.HAL_CAN_TxMailbox0AbortCallback
                0x08000cb4       0x14 Drivers\STM32F7xx_HAL_Driver\Src\stm32f7xx_hal_can.o
                0x08000cb4                HAL_CAN_TxMailbox0AbortCallback
 .text.HAL_CAN_TxMailbox1AbortCallback
                0x08000cc8       0x14 Drivers\STM32F7xx_HAL_Driver\Src\stm32f7xx_hal_can.o
                0x08000cc8                HAL_CAN_TxMailbox1AbortCallback
 .text.HAL_CAN_TxMailbox2AbortCallback
                0x08000cdc       0x14 Drivers\STM32F7xx_HAL_Driver\Src\stm32f7xx_hal_can.o
                0x08000cdc                HAL_CAN_TxMailbox2AbortCallback
 .text.HAL_CAN_RxFifo0FullCallback
                0x08000cf0       0x14 Drivers\STM32F7xx_HAL_Driver\Src\stm32f7xx_hal_can.o
                0x08000cf0                HAL_CAN_RxFifo0FullCallback
 .text.HAL_CAN_RxFifo1FullCallback
                0x08000d04       0x14 Drivers\STM32F7xx_HAL_Driver\Src\stm32f7xx_hal_can.o
                0x08000d04                HAL_CAN_RxFifo1FullCallback
 .text.HAL_CAN_SleepCallback
                0x08000d18       0x14 Drivers\STM32F7xx_HAL_Driver\Src\stm32f7xx_hal_can.o
                0x08000d18                HAL_CAN_SleepCallback
 .text.HAL_CAN_WakeUpFromRxMsgCallback
                0x08000d2c       0x14 Drivers\STM32F7xx_HAL_Driver\Src\stm32f7xx_hal_can.o
                0x08000d2c                HAL_CAN_WakeUpFromRxMsgCallback
 .text.HAL_CAN_GetError
                0x08000d40       0x18 Drivers\STM32F7xx_HAL_Driver\Src\stm32f7xx_hal_can.o
                0x08000d40                HAL_CAN_GetError
 .text.HAL_CAN_ResetError
                0x08000d58       0x46 Drivers\STM32F7xx_HAL_Driver\Src\stm32f7xx_hal_can.o
                0x08000d58                HAL_CAN_ResetError
 *fill*         0x08000d9e        0x2 
 .text.__NVIC_SetPriorityGrouping
                0x08000da0       0x48 Drivers\STM32F7xx_HAL_Driver\Src\stm32f7xx_hal_cortex.o
 .text.__NVIC_GetPriorityGrouping
                0x08000de8       0x1c Drivers\STM32F7xx_HAL_Driver\Src\stm32f7xx_hal_cortex.o
 .text.__NVIC_EnableIRQ
                0x08000e04       0x3c Drivers\STM32F7xx_HAL_Driver\Src\stm32f7xx_hal_cortex.o
 .text.__NVIC_DisableIRQ
                0x08000e40       0x44 Drivers\STM32F7xx_HAL_Driver\Src\stm32f7xx_hal_cortex.o
 .text.__NVIC_SetPriority
                0x08000e84       0x54 Drivers\STM32F7xx_HAL_Driver\Src\stm32f7xx_hal_cortex.o
 .text.NVIC_EncodePriority
                0x08000ed8       0x62 Drivers\STM32F7xx_HAL_Driver\Src\stm32f7xx_hal_cortex.o
 *fill*         0x08000f3a        0x2 
 .text.SysTick_Config
                0x08000f3c       0x44 Drivers\STM32F7xx_HAL_Driver\Src\stm32f7xx_hal_cortex.o
 .text.HAL_NVIC_SetPriorityGrouping
                0x08000f80       0x16 Drivers\STM32F7xx_HAL_Driver\Src\stm32f7xx_hal_cortex.o
                0x08000f80                HAL_NVIC_SetPriorityGrouping
 .text.HAL_NVIC_SetPriority
                0x08000f96       0x38 Drivers\STM32F7xx_HAL_Driver\Src\stm32f7xx_hal_cortex.o
                0x08000f96                HAL_NVIC_SetPriority
 .text.HAL_NVIC_EnableIRQ
                0x08000fce       0x1c Drivers\STM32F7xx_HAL_Driver\Src\stm32f7xx_hal_cortex.o
                0x08000fce                HAL_NVIC_EnableIRQ
 .text.HAL_NVIC_DisableIRQ
                0x08000fea       0x1c Drivers\STM32F7xx_HAL_Driver\Src\stm32f7xx_hal_cortex.o
                0x08000fea                HAL_NVIC_DisableIRQ
 .text.HAL_SYSTICK_Config
                0x08001006       0x18 Drivers\STM32F7xx_HAL_Driver\Src\stm32f7xx_hal_cortex.o
                0x08001006                HAL_SYSTICK_Config
 .text.HAL_SYSTICK_IRQHandler
                0x0800101e        0xc Drivers\STM32F7xx_HAL_Driver\Src\stm32f7xx_hal_cortex.o
                0x0800101e                HAL_SYSTICK_IRQHandler
 .text.HAL_DMA_Abort
                0x0800102a       0xe0 Drivers\STM32F7xx_HAL_Driver\Src\stm32f7xx_hal_dma.o
                0x0800102a                HAL_DMA_Abort
 .text.HAL_DMA_Abort_IT
                0x0800110a       0x44 Drivers\STM32F7xx_HAL_Driver\Src\stm32f7xx_hal_dma.o
                0x0800110a                HAL_DMA_Abort_IT
 .text.HAL_DMA_GetError
                0x0800114e       0x18 Drivers\STM32F7xx_HAL_Driver\Src\stm32f7xx_hal_dma.o
                0x0800114e                HAL_DMA_GetError
 *fill*         0x08001166        0x2 
 .text.HAL_GPIO_Init
                0x08001168      0x354 Drivers\STM32F7xx_HAL_Driver\Src\stm32f7xx_hal_gpio.o
                0x08001168                HAL_GPIO_Init
 .text.HAL_GPIO_DeInit
                0x080014bc      0x218 Drivers\STM32F7xx_HAL_Driver\Src\stm32f7xx_hal_gpio.o
                0x080014bc                HAL_GPIO_DeInit
 .text.HAL_GPIO_WritePin
                0x080016d4       0x32 Drivers\STM32F7xx_HAL_Driver\Src\stm32f7xx_hal_gpio.o
                0x080016d4                HAL_GPIO_WritePin
 *fill*         0x08001706        0x2 
 .text.HAL_PWR_EnableBkUpAccess
                0x08001708       0x20 Drivers\STM32F7xx_HAL_Driver\Src\stm32f7xx_hal_pwr.o
                0x08001708                HAL_PWR_EnableBkUpAccess
 .text.HAL_PWR_DisableBkUpAccess
                0x08001728       0x20 Drivers\STM32F7xx_HAL_Driver\Src\stm32f7xx_hal_pwr.o
                0x08001728                HAL_PWR_DisableBkUpAccess
 .text.HAL_PWREx_EnableOverDrive
                0x08001748       0xa0 Drivers\STM32F7xx_HAL_Driver\Src\stm32f7xx_hal_pwr_ex.o
                0x08001748                HAL_PWREx_EnableOverDrive
 .text.HAL_RCC_OscConfig
                0x080017e8      0x4e4 Drivers\STM32F7xx_HAL_Driver\Src\stm32f7xx_hal_rcc.o
                0x080017e8                HAL_RCC_OscConfig
 .text.HAL_RCC_ClockConfig
                0x08001ccc      0x1d0 Drivers\STM32F7xx_HAL_Driver\Src\stm32f7xx_hal_rcc.o
                0x08001ccc                HAL_RCC_ClockConfig
 .text.HAL_RCC_GetSysClockFreq
                0x08001e9c      0x1ac Drivers\STM32F7xx_HAL_Driver\Src\stm32f7xx_hal_rcc.o
                0x08001e9c                HAL_RCC_GetSysClockFreq
 .text.HAL_RCC_GetHCLKFreq
                0x08002048       0x18 Drivers\STM32F7xx_HAL_Driver\Src\stm32f7xx_hal_rcc.o
                0x08002048                HAL_RCC_GetHCLKFreq
 .text.HAL_RCC_GetPCLK1Freq
                0x08002060       0x28 Drivers\STM32F7xx_HAL_Driver\Src\stm32f7xx_hal_rcc.o
                0x08002060                HAL_RCC_GetPCLK1Freq
 .text.HAL_RCC_GetPCLK2Freq
                0x08002088       0x28 Drivers\STM32F7xx_HAL_Driver\Src\stm32f7xx_hal_rcc.o
                0x08002088                HAL_RCC_GetPCLK2Freq
 .text.HAL_RCCEx_PeriphCLKConfig
                0x080020b0      0x84c Drivers\STM32F7xx_HAL_Driver\Src\stm32f7xx_hal_rcc_ex.o
                0x080020b0                HAL_RCCEx_PeriphCLKConfig
 .text.HAL_RTC_Init
                0x080028fc       0xf8 Drivers\STM32F7xx_HAL_Driver\Src\stm32f7xx_hal_rtc.o
                0x080028fc                HAL_RTC_Init
 .text.HAL_RTC_SetTime
                0x080029f4      0x17c Drivers\STM32F7xx_HAL_Driver\Src\stm32f7xx_hal_rtc.o
                0x080029f4                HAL_RTC_SetTime
 .text.HAL_RTC_GetTime
                0x08002b70       0xbc Drivers\STM32F7xx_HAL_Driver\Src\stm32f7xx_hal_rtc.o
                0x08002b70                HAL_RTC_GetTime
 .text.HAL_RTC_SetDate
                0x08002c2c      0x150 Drivers\STM32F7xx_HAL_Driver\Src\stm32f7xx_hal_rtc.o
                0x08002c2c                HAL_RTC_SetDate
 .text.HAL_RTC_GetDate
                0x08002d7c       0xa0 Drivers\STM32F7xx_HAL_Driver\Src\stm32f7xx_hal_rtc.o
                0x08002d7c                HAL_RTC_GetDate
 .text.HAL_RTC_WaitForSynchro
                0x08002e1c       0x50 Drivers\STM32F7xx_HAL_Driver\Src\stm32f7xx_hal_rtc.o
                0x08002e1c                HAL_RTC_WaitForSynchro
 .text.RTC_EnterInitMode
                0x08002e6c       0x58 Drivers\STM32F7xx_HAL_Driver\Src\stm32f7xx_hal_rtc.o
                0x08002e6c                RTC_EnterInitMode
 .text.RTC_ByteToBcd2
                0x08002ec4       0x3c Drivers\STM32F7xx_HAL_Driver\Src\stm32f7xx_hal_rtc.o
                0x08002ec4                RTC_ByteToBcd2
 .text.RTC_Bcd2ToByte
                0x08002f00       0x3c Drivers\STM32F7xx_HAL_Driver\Src\stm32f7xx_hal_rtc.o
                0x08002f00                RTC_Bcd2ToByte
 .text.HAL_RTCEx_BKUPWrite
                0x08002f3c       0x34 Drivers\STM32F7xx_HAL_Driver\Src\stm32f7xx_hal_rtc_ex.o
                0x08002f3c                HAL_RTCEx_BKUPWrite
 .text.HAL_RTCEx_BKUPRead
                0x08002f70       0x30 Drivers\STM32F7xx_HAL_Driver\Src\stm32f7xx_hal_rtc_ex.o
                0x08002f70                HAL_RTCEx_BKUPRead
 .text.HAL_SD_Init
                0x08002fa0       0x56 Drivers\STM32F7xx_HAL_Driver\Src\stm32f7xx_hal_sd.o
                0x08002fa0                HAL_SD_Init
 .text.HAL_SD_InitCard
                0x08002ff6       0xc8 Drivers\STM32F7xx_HAL_Driver\Src\stm32f7xx_hal_sd.o
                0x08002ff6                HAL_SD_InitCard
 .text.HAL_SD_ReadBlocks
                0x080030be      0x32c Drivers\STM32F7xx_HAL_Driver\Src\stm32f7xx_hal_sd.o
                0x080030be                HAL_SD_ReadBlocks
 .text.HAL_SD_WriteBlocks
                0x080033ea      0x2ce Drivers\STM32F7xx_HAL_Driver\Src\stm32f7xx_hal_sd.o
                0x080033ea                HAL_SD_WriteBlocks
 .text.HAL_SD_IRQHandler
                0x080036b8      0x2a8 Drivers\STM32F7xx_HAL_Driver\Src\stm32f7xx_hal_sd.o
                0x080036b8                HAL_SD_IRQHandler
 .text.HAL_SD_ErrorCallback
                0x08003960       0x14 Drivers\STM32F7xx_HAL_Driver\Src\stm32f7xx_hal_sd.o
                0x08003960                HAL_SD_ErrorCallback
 .text.HAL_SD_GetCardCSD
                0x08003974      0x456 Drivers\STM32F7xx_HAL_Driver\Src\stm32f7xx_hal_sd.o
                0x08003974                HAL_SD_GetCardCSD
 .text.HAL_SD_GetCardInfo
                0x08003dca       0x58 Drivers\STM32F7xx_HAL_Driver\Src\stm32f7xx_hal_sd.o
                0x08003dca                HAL_SD_GetCardInfo
 .text.HAL_SD_GetCardState
                0x08003e22       0x4a Drivers\STM32F7xx_HAL_Driver\Src\stm32f7xx_hal_sd.o
                0x08003e22                HAL_SD_GetCardState
 .text.SD_DMATxAbort
                0x08003e6c       0x7c Drivers\STM32F7xx_HAL_Driver\Src\stm32f7xx_hal_sd.o
 .text.SD_DMARxAbort
                0x08003ee8       0x7c Drivers\STM32F7xx_HAL_Driver\Src\stm32f7xx_hal_sd.o
 .text.SD_InitCard
                0x08003f64      0x192 Drivers\STM32F7xx_HAL_Driver\Src\stm32f7xx_hal_sd.o
 .text.SD_PowerON
                0x080040f6      0x150 Drivers\STM32F7xx_HAL_Driver\Src\stm32f7xx_hal_sd.o
 .text.SD_SendStatus
                0x08004246       0x54 Drivers\STM32F7xx_HAL_Driver\Src\stm32f7xx_hal_sd.o
 .text.SD_Read_IT
                0x0800429a       0x50 Drivers\STM32F7xx_HAL_Driver\Src\stm32f7xx_hal_sd.o
 .text.SD_Write_IT
                0x080042ea       0x4c Drivers\STM32F7xx_HAL_Driver\Src\stm32f7xx_hal_sd.o
 .text.HAL_UART_Init
                0x08004336       0x9c Drivers\STM32F7xx_HAL_Driver\Src\stm32f7xx_hal_uart.o
                0x08004336                HAL_UART_Init
 .text.HAL_UART_DeInit
                0x080043d2       0x6a Drivers\STM32F7xx_HAL_Driver\Src\stm32f7xx_hal_uart.o
                0x080043d2                HAL_UART_DeInit
 .text.HAL_UART_Transmit_IT
                0x0800443c       0xb8 Drivers\STM32F7xx_HAL_Driver\Src\stm32f7xx_hal_uart.o
                0x0800443c                HAL_UART_Transmit_IT
 .text.HAL_UART_Receive_IT
                0x080044f4      0x144 Drivers\STM32F7xx_HAL_Driver\Src\stm32f7xx_hal_uart.o
                0x080044f4                HAL_UART_Receive_IT
 .text.HAL_UART_AbortReceive
                0x08004638       0xb0 Drivers\STM32F7xx_HAL_Driver\Src\stm32f7xx_hal_uart.o
                0x08004638                HAL_UART_AbortReceive
 .text.HAL_UART_IRQHandler
                0x080046e8      0x238 Drivers\STM32F7xx_HAL_Driver\Src\stm32f7xx_hal_uart.o
                0x080046e8                HAL_UART_IRQHandler
 .text.HAL_UART_ErrorCallback
                0x08004920       0x14 Drivers\STM32F7xx_HAL_Driver\Src\stm32f7xx_hal_uart.o
                0x08004920                HAL_UART_ErrorCallback
 .text.UART_SetConfig
                0x08004934      0x548 Drivers\STM32F7xx_HAL_Driver\Src\stm32f7xx_hal_uart.o
                0x08004934                UART_SetConfig
 .text.UART_AdvFeatureConfig
                0x08004e7c      0x144 Drivers\STM32F7xx_HAL_Driver\Src\stm32f7xx_hal_uart.o
                0x08004e7c                UART_AdvFeatureConfig
 .text.UART_CheckIdleState
                0x08004fc0       0x5e Drivers\STM32F7xx_HAL_Driver\Src\stm32f7xx_hal_uart.o
                0x08004fc0                UART_CheckIdleState
 .text.UART_WaitOnFlagUntilTimeout
                0x0800501e       0x90 Drivers\STM32F7xx_HAL_Driver\Src\stm32f7xx_hal_uart.o
                0x0800501e                UART_WaitOnFlagUntilTimeout
 .text.UART_EndRxTransfer
                0x080050ae       0x40 Drivers\STM32F7xx_HAL_Driver\Src\stm32f7xx_hal_uart.o
 .text.UART_DMAAbortOnError
                0x080050ee       0x2c Drivers\STM32F7xx_HAL_Driver\Src\stm32f7xx_hal_uart.o
 .text.UART_TxISR_8BIT
                0x0800511a       0x72 Drivers\STM32F7xx_HAL_Driver\Src\stm32f7xx_hal_uart.o
 .text.UART_TxISR_16BIT
                0x0800518c       0x7a Drivers\STM32F7xx_HAL_Driver\Src\stm32f7xx_hal_uart.o
 .text.UART_EndTransmit_IT
                0x08005206       0x32 Drivers\STM32F7xx_HAL_Driver\Src\stm32f7xx_hal_uart.o
 .text.UART_RxISR_8BIT
                0x08005238       0xa6 Drivers\STM32F7xx_HAL_Driver\Src\stm32f7xx_hal_uart.o
 .text.UART_RxISR_16BIT
                0x080052de       0xa6 Drivers\STM32F7xx_HAL_Driver\Src\stm32f7xx_hal_uart.o
 .text.SDMMC_Init
                0x08005384       0x58 Drivers\STM32F7xx_HAL_Driver\Src\stm32f7xx_ll_sdmmc.o
                0x08005384                SDMMC_Init
 .text.SDMMC_ReadFIFO
                0x080053dc       0x1a Drivers\STM32F7xx_HAL_Driver\Src\stm32f7xx_ll_sdmmc.o
                0x080053dc                SDMMC_ReadFIFO
 .text.SDMMC_WriteFIFO
                0x080053f6       0x22 Drivers\STM32F7xx_HAL_Driver\Src\stm32f7xx_ll_sdmmc.o
                0x080053f6                SDMMC_WriteFIFO
 .text.SDMMC_PowerState_ON
                0x08005418       0x1c Drivers\STM32F7xx_HAL_Driver\Src\stm32f7xx_ll_sdmmc.o
                0x08005418                SDMMC_PowerState_ON
 .text.SDMMC_GetPowerState
                0x08005434       0x1c Drivers\STM32F7xx_HAL_Driver\Src\stm32f7xx_ll_sdmmc.o
                0x08005434                SDMMC_GetPowerState
 .text.SDMMC_SendCommand
                0x08005450       0x54 Drivers\STM32F7xx_HAL_Driver\Src\stm32f7xx_ll_sdmmc.o
                0x08005450                SDMMC_SendCommand
 .text.SDMMC_GetCommandResponse
                0x080054a4       0x1a Drivers\STM32F7xx_HAL_Driver\Src\stm32f7xx_ll_sdmmc.o
                0x080054a4                SDMMC_GetCommandResponse
 .text.SDMMC_GetResponse
                0x080054be       0x2a Drivers\STM32F7xx_HAL_Driver\Src\stm32f7xx_ll_sdmmc.o
                0x080054be                SDMMC_GetResponse
 .text.SDMMC_ConfigData
                0x080054e8       0x58 Drivers\STM32F7xx_HAL_Driver\Src\stm32f7xx_ll_sdmmc.o
                0x080054e8                SDMMC_ConfigData
 .text.SDMMC_CmdBlockLength
                0x08005540       0x48 Drivers\STM32F7xx_HAL_Driver\Src\stm32f7xx_ll_sdmmc.o
                0x08005540                SDMMC_CmdBlockLength
 .text.SDMMC_CmdReadSingleBlock
                0x08005588       0x48 Drivers\STM32F7xx_HAL_Driver\Src\stm32f7xx_ll_sdmmc.o
                0x08005588                SDMMC_CmdReadSingleBlock
 .text.SDMMC_CmdReadMultiBlock
                0x080055d0       0x48 Drivers\STM32F7xx_HAL_Driver\Src\stm32f7xx_ll_sdmmc.o
                0x080055d0                SDMMC_CmdReadMultiBlock
 .text.SDMMC_CmdWriteSingleBlock
                0x08005618       0x48 Drivers\STM32F7xx_HAL_Driver\Src\stm32f7xx_ll_sdmmc.o
                0x08005618                SDMMC_CmdWriteSingleBlock
 .text.SDMMC_CmdWriteMultiBlock
                0x08005660       0x48 Drivers\STM32F7xx_HAL_Driver\Src\stm32f7xx_ll_sdmmc.o
                0x08005660                SDMMC_CmdWriteMultiBlock
 .text.SDMMC_CmdStopTransfer
                0x080056a8       0x48 Drivers\STM32F7xx_HAL_Driver\Src\stm32f7xx_ll_sdmmc.o
                0x080056a8                SDMMC_CmdStopTransfer
 .text.SDMMC_CmdSelDesel
                0x080056f0       0x4a Drivers\STM32F7xx_HAL_Driver\Src\stm32f7xx_ll_sdmmc.o
                0x080056f0                SDMMC_CmdSelDesel
 .text.SDMMC_CmdGoIdleState
                0x0800573a       0x40 Drivers\STM32F7xx_HAL_Driver\Src\stm32f7xx_ll_sdmmc.o
                0x0800573a                SDMMC_CmdGoIdleState
 .text.SDMMC_CmdOperCond
                0x0800577a       0x42 Drivers\STM32F7xx_HAL_Driver\Src\stm32f7xx_ll_sdmmc.o
                0x0800577a                SDMMC_CmdOperCond
 .text.SDMMC_CmdAppCommand
                0x080057bc       0x48 Drivers\STM32F7xx_HAL_Driver\Src\stm32f7xx_ll_sdmmc.o
                0x080057bc                SDMMC_CmdAppCommand
 .text.SDMMC_CmdAppOperCommand
                0x08005804       0x4c Drivers\STM32F7xx_HAL_Driver\Src\stm32f7xx_ll_sdmmc.o
                0x08005804                SDMMC_CmdAppOperCommand
 .text.SDMMC_CmdSendCID
                0x08005850       0x40 Drivers\STM32F7xx_HAL_Driver\Src\stm32f7xx_ll_sdmmc.o
                0x08005850                SDMMC_CmdSendCID
 .text.SDMMC_CmdSendCSD
                0x08005890       0x42 Drivers\STM32F7xx_HAL_Driver\Src\stm32f7xx_ll_sdmmc.o
                0x08005890                SDMMC_CmdSendCSD
 .text.SDMMC_CmdSetRelAdd
                0x080058d2       0x46 Drivers\STM32F7xx_HAL_Driver\Src\stm32f7xx_ll_sdmmc.o
                0x080058d2                SDMMC_CmdSetRelAdd
 .text.SDMMC_CmdSendStatus
                0x08005918       0x48 Drivers\STM32F7xx_HAL_Driver\Src\stm32f7xx_ll_sdmmc.o
                0x08005918                SDMMC_CmdSendStatus
 .text.SDMMC_GetCmdError
                0x08005960       0x54 Drivers\STM32F7xx_HAL_Driver\Src\stm32f7xx_ll_sdmmc.o
 .text.SDMMC_GetCmdResp1
                0x080059b4      0x1cc Drivers\STM32F7xx_HAL_Driver\Src\stm32f7xx_ll_sdmmc.o
 .text.SDMMC_GetCmdResp2
                0x08005b80       0x80 Drivers\STM32F7xx_HAL_Driver\Src\stm32f7xx_ll_sdmmc.o
 .text.SDMMC_GetCmdResp3
                0x08005c00       0x68 Drivers\STM32F7xx_HAL_Driver\Src\stm32f7xx_ll_sdmmc.o
 .text.SDMMC_GetCmdResp6
                0x08005c68       0xdc Drivers\STM32F7xx_HAL_Driver\Src\stm32f7xx_ll_sdmmc.o
 .text.SDMMC_GetCmdResp7
                0x08005d44       0x74 Drivers\STM32F7xx_HAL_Driver\Src\stm32f7xx_ll_sdmmc.o
 .text.FATFS_LinkDriverEx
                0x08005db8       0x98 Middlewares\Third_Party\FatFs\src\ff_gen_drv.o
                0x08005db8                FATFS_LinkDriverEx
 .text.FATFS_LinkDriver
                0x08005e50       0x1e Middlewares\Third_Party\FatFs\src\ff_gen_drv.o
                0x08005e50                FATFS_LinkDriver
 *fill*         0x08005e6e        0x2 
 .text.BSP_SD_Init
                0x08005e70       0x30 Src\bsp_driver_sd.o
                0x08005e70                BSP_SD_Init
 .text.BSP_SD_ReadBlocks
                0x08005ea0       0x3c Src\bsp_driver_sd.o
                0x08005ea0                BSP_SD_ReadBlocks
 .text.BSP_SD_WriteBlocks
                0x08005edc       0x3c Src\bsp_driver_sd.o
                0x08005edc                BSP_SD_WriteBlocks
 .text.BSP_SD_GetCardState
                0x08005f18       0x20 Src\bsp_driver_sd.o
                0x08005f18                BSP_SD_GetCardState
 .text.BSP_SD_GetCardInfo
                0x08005f38       0x1c Src\bsp_driver_sd.o
                0x08005f38                BSP_SD_GetCardInfo
 .text.HAL_SD_AbortCallback
                0x08005f54       0x14 Src\bsp_driver_sd.o
                0x08005f54                HAL_SD_AbortCallback
 .text.HAL_SD_TxCpltCallback
                0x08005f68       0x14 Src\bsp_driver_sd.o
                0x08005f68                HAL_SD_TxCpltCallback
 .text.HAL_SD_RxCpltCallback
                0x08005f7c       0x14 Src\bsp_driver_sd.o
                0x08005f7c                HAL_SD_RxCpltCallback
 .text.BSP_SD_AbortCallback
                0x08005f90        0xe Src\bsp_driver_sd.o
                0x08005f90                BSP_SD_AbortCallback
 .text.BSP_SD_WriteCpltCallback
                0x08005f9e        0xe Src\bsp_driver_sd.o
                0x08005f9e                BSP_SD_WriteCpltCallback
 .text.BSP_SD_ReadCpltCallback
                0x08005fac        0xe Src\bsp_driver_sd.o
                0x08005fac                BSP_SD_ReadCpltCallback
 .text.BSP_SD_IsDetected
                0x08005fba       0x1a Src\bsp_driver_sd.o
                0x08005fba                BSP_SD_IsDetected
 .text.MX_FATFS_Init
                0x08005fd4       0x24 Src\fatfs.o
                0x08005fd4                MX_FATFS_Init
 .text.MX_GPIO_Init
                0x08005ff8       0xe0 Src\gpio.o
                0x08005ff8                MX_GPIO_Init
 .text.HAL_SYSTICK_Callback
                0x080060d8       0x30 Src\main.o
                0x080060d8                HAL_SYSTICK_Callback
 .text.main     0x08006108      0x120 Src\main.o
                0x08006108                main
 .text.SystemClock_Config
                0x08006228      0x14c Src\main.o
                0x08006228                SystemClock_Config
 .text.MX_NVIC_Init
                0x08006374       0x78 Src\main.o
 .text.Warning_Handler
                0x080063ec       0x14 Src\main.o
                0x080063ec                Warning_Handler
 .text.Error_Handler
                0x08006400       0x58 Src\main.o
                0x08006400                Error_Handler
 .text.HAL_RTC_MspInit
                0x08006458       0x34 Src\rtc.o
                0x08006458                HAL_RTC_MspInit
 .text.SD_CheckStatus
                0x0800648c       0x3c Src\sd_diskio.o
 .text.SD_initialize
                0x080064c8       0x3c Src\sd_diskio.o
                0x080064c8                SD_initialize
 .text.SD_status
                0x08006504       0x1c Src\sd_diskio.o
                0x08006504                SD_status
 .text.SD_read  0x08006520       0x42 Src\sd_diskio.o
                0x08006520                SD_read
 .text.SD_write
                0x08006562       0x42 Src\sd_diskio.o
                0x08006562                SD_write
 .text.SD_ioctl
                0x080065a4       0xb0 Src\sd_diskio.o
                0x080065a4                SD_ioctl
 .text.MX_SDMMC1_SD_Init
                0x08006654       0x40 Src\sdmmc.o
                0x08006654                MX_SDMMC1_SD_Init
 .text.HAL_SD_MspInit
                0x08006694       0xc4 Src\sdmmc.o
                0x08006694                HAL_SD_MspInit
 .text.HAL_MspInit
                0x08006758       0x48 Src\stm32f7xx_hal_msp.o
                0x08006758                HAL_MspInit
 .text.NMI_Handler
                0x080067a0        0xe Src\stm32f7xx_it.o
                0x080067a0                NMI_Handler
 .text.HardFault_Handler
                0x080067ae        0x6 Src\stm32f7xx_it.o
                0x080067ae                HardFault_Handler
 .text.MemManage_Handler
                0x080067b4        0x6 Src\stm32f7xx_it.o
                0x080067b4                MemManage_Handler
 .text.BusFault_Handler
                0x080067ba        0x6 Src\stm32f7xx_it.o
                0x080067ba                BusFault_Handler
 .text.UsageFault_Handler
                0x080067c0        0x6 Src\stm32f7xx_it.o
                0x080067c0                UsageFault_Handler
 .text.SVC_Handler
                0x080067c6        0xe Src\stm32f7xx_it.o
                0x080067c6                SVC_Handler
 .text.DebugMon_Handler
                0x080067d4        0xe Src\stm32f7xx_it.o
                0x080067d4                DebugMon_Handler
 .text.PendSV_Handler
                0x080067e2        0xe Src\stm32f7xx_it.o
                0x080067e2                PendSV_Handler
 .text.SysTick_Handler
                0x080067f0       0x10 Src\stm32f7xx_it.o
                0x080067f0                SysTick_Handler
 .text.RCC_IRQHandler
                0x08006800        0xe Src\stm32f7xx_it.o
                0x08006800                RCC_IRQHandler
 *fill*         0x0800680e        0x2 
 .text.CAN1_TX_IRQHandler
                0x08006810       0x14 Src\stm32f7xx_it.o
                0x08006810                CAN1_TX_IRQHandler
 .text.CAN1_RX0_IRQHandler
                0x08006824       0x14 Src\stm32f7xx_it.o
                0x08006824                CAN1_RX0_IRQHandler
 .text.CAN1_RX1_IRQHandler
                0x08006838       0x14 Src\stm32f7xx_it.o
                0x08006838                CAN1_RX1_IRQHandler
 .text.CAN1_SCE_IRQHandler
                0x0800684c       0x14 Src\stm32f7xx_it.o
                0x0800684c                CAN1_SCE_IRQHandler
 .text.USART1_IRQHandler
                0x08006860       0x14 Src\stm32f7xx_it.o
                0x08006860                USART1_IRQHandler
 .text.SDMMC1_IRQHandler
                0x08006874       0x14 Src\stm32f7xx_it.o
                0x08006874                SDMMC1_IRQHandler
 .text._sbrk    0x08006888       0x58 Src\syscalls.o
                0x08006888                _sbrk
 .text.SystemInit
                0x080068e0       0x6c Src\system_stm32f7xx.o
                0x080068e0                SystemInit
 .text.HAL_UART_MspInit
                0x0800694c       0x88 Src\usart.o
                0x0800694c                HAL_UART_MspInit
 .text.HAL_UART_MspDeInit
                0x080069d4       0x44 Src\usart.o
                0x080069d4                HAL_UART_MspDeInit
 .text.CANTransceiverDriver_receivedMsgCallbackHandler
                0x08006a18       0x74 Src\user\can_transceiver_driver.o
                0x08006a18                CANTransceiverDriver_receivedMsgCallbackHandler
 .text.checkErrorcode
                0x08006a8c       0x32 Src\user\can_transceiver_driver.o
 .text.CANTransceiverDriver_errorCallbackHandler
                0x08006abe      0x142 Src\user\can_transceiver_driver.o
                0x08006abe                CANTransceiverDriver_errorCallbackHandler
 .text.HAL_CAN_RxFifo0MsgPendingCallback
                0x08006c00       0x64 Src\user\can_transceiver_driver.o
                0x08006c00                HAL_CAN_RxFifo0MsgPendingCallback
 .text.HAL_CAN_RxFifo1MsgPendingCallback
                0x08006c64       0x64 Src\user\can_transceiver_driver.o
                0x08006c64                HAL_CAN_RxFifo1MsgPendingCallback
 .text.HAL_CAN_ErrorCallback
                0x08006cc8       0x34 Src\user\can_transceiver_driver.o
                0x08006cc8                HAL_CAN_ErrorCallback
 .text.FIFOQueue_init
                0x08006cfc       0x6c Src\user\fifo_queue.o
                0x08006cfc                FIFOQueue_init
 .text.FIFOQueue_enqueue
                0x08006d68       0x94 Src\user\fifo_queue.o
                0x08006d68                FIFOQueue_enqueue
 .text.FIFOQueue_dequeue
                0x08006dfc       0x94 Src\user\fifo_queue.o
                0x08006dfc                FIFOQueue_dequeue
 .text.FIFOQueue_isFull
                0x08006e90       0x42 Src\user\fifo_queue.o
                0x08006e90                FIFOQueue_isFull
 .text.FIFOQueue_isEmpty
                0x08006ed2       0x3c Src\user\fifo_queue.o
                0x08006ed2                FIFOQueue_isEmpty
 .text.FIFOMultiread_init
                0x08006f0e       0xaa Src\user\fifo_queue_multiread.o
                0x08006f0e                FIFOMultiread_init
 .text.FIFOMultiread_registerReaderIdentifier
                0x08006fb8       0x8c Src\user\fifo_queue_multiread.o
                0x08006fb8                FIFOMultiread_registerReaderIdentifier
 .text.FIFOMultiread_unregisterReaderIdentifier
                0x08007044       0x62 Src\user\fifo_queue_multiread.o
                0x08007044                FIFOMultiread_unregisterReaderIdentifier
 .text.FIFOMultiread_enqueue
                0x080070a6       0xc6 Src\user\fifo_queue_multiread.o
                0x080070a6                FIFOMultiread_enqueue
 .text.FIFOMultiread_isFull
                0x0800716c       0x6c Src\user\fifo_queue_multiread.o
                0x0800716c                FIFOMultiread_isFull
 .text.FIFOMultiread_isEmpty
                0x080071d8       0x6c Src\user\fifo_queue_multiread.o
                0x080071d8                FIFOMultiread_isEmpty
 .text.FIFOMultiread_dequeue
                0x08007244      0x104 Src\user\fifo_queue_multiread.o
                0x08007244                FIFOMultiread_dequeue
 .text.FIFOMultiread_lastElement
                0x08007348       0xa0 Src\user\fifo_queue_multiread.o
                0x08007348                FIFOMultiread_lastElement
 .text.FixedPoint_constrDecimalFrac
                0x080073e8       0x72 Src\user\fixed_point.o
                0x080073e8                FixedPoint_constrDecimalFrac
 .text.FixedPoint_a_mult_b
                0x0800745a       0x82 Src\user\fixed_point.o
                0x0800745a                FixedPoint_a_mult_b
 .text._GPSDriver_dataReceivedCallback
                0x080074dc       0xa4 Src\user\gps_driver.o
 .text._GPSDriver_sendCommandAndWaitForResponseTemporaryCallback
                0x08007580       0x94 Src\user\gps_driver.o
 .text.GPSDriver_init
                0x08007614      0x198 Src\user\gps_driver.o
                0x08007614                GPSDriver_init
 .text.GPSDriver_startReceiver
                0x080077ac       0x56 Src\user\gps_driver.o
                0x080077ac                GPSDriver_startReceiver
 *fill*         0x08007802        0x2 
 .text.GPSDriver_thread
                0x08007804      0x248 Src\user\gps_driver.o
                0x08007804                GPSDriver_thread
 .text._GPSDriver_addCommandSufix
                0x08007a4c       0xa0 Src\user\gps_driver.o
 .text._GPSDriver_sendCommandAndWaitForResponse
                0x08007aec      0x14c Src\user\gps_driver.o
 .text._GPSDriver_sendCommand
                0x08007c38       0x30 Src\user\gps_driver.o
 .text._GPSDriver_sendTestCommand
                0x08007c68       0x84 Src\user\gps_driver.o
 .text._GPSDriver_changeUartBaudrateCommand
                0x08007cec       0xf8 Src\user\gps_driver.o
 .text._GPSDriver_changeUpdateFrequemcyCommand
                0x08007de4      0x1fc Src\user\gps_driver.o
 .text._GPSDriver_getNMEAChecksumString
                0x08007fe0       0x7a Src\user\gps_driver.o
 .text._GPSDriver_checkNMEAChecksum
                0x0800805a       0xac Src\user\gps_driver.o
 .text._GPSDriver_parseTime
                0x08008106      0x128 Src\user\gps_driver.o
 .text._GPSDriver_parseDate
                0x0800822e      0x12c Src\user\gps_driver.o
 .text._GPSDriver_parseLatitude
                0x0800835a       0xd4 Src\user\gps_driver.o
 .text._GPSDriver_parseLongitude
                0x0800842e       0xd4 Src\user\gps_driver.o
 .text._GPSDriver_parseFixedPoint
                0x08008502       0xd8 Src\user\gps_driver.o
 .text._GPSDriver_handleGPGGASentence
                0x080085da      0x2c2 Src\user\gps_driver.o
 .text._GPSDriver_handleGPGSASentence
                0x0800889c      0x19a Src\user\gps_driver.o
 .text._GPSDriver_handleGPRMCSentence
                0x08008a36      0x31a Src\user\gps_driver.o
 .text.GPSReceiver_start
                0x08008d50       0x36 Src\user\gps_receiver.o
                0x08008d50                GPSReceiver_start
 .text.GPSReceiver_pullLastFrame
                0x08008d86       0x3e Src\user\gps_receiver.o
                0x08008d86                GPSReceiver_pullLastFrame
 .text.LedDriver_init
                0x08008dc4       0x58 Src\user\led_driver.o
                0x08008dc4                LedDriver_init
 .text.LedDriver_1msElapsedCallbackHandler
                0x08008e1c       0x72 Src\user\led_driver.o
                0x08008e1c                LedDriver_1msElapsedCallbackHandler
 .text.MSTimerDriver_init
                0x08008e8e       0x2a Src\user\ms_timer_driver.o
                0x08008e8e                MSTimerDriver_init
 .text.MSTimerDriver_getMSTime
                0x08008eb8       0x5c Src\user\ms_timer_driver.o
                0x08008eb8                MSTimerDriver_getMSTime
 .text.RTCDriver_HALInit
                0x08008f14       0x74 Src\user\rtc_driver.o
 .text.RTCDriver_HALRestoreTimeAndDate
                0x08008f88       0xb8 Src\user\rtc_driver.o
 .text.RTCDriver_HALSetTimeAndDate
                0x08009040       0x84 Src\user\rtc_driver.o
 .text.RTCDriver_init
                0x080090c4       0xc8 Src\user\rtc_driver.o
                0x080090c4                RTCDriver_init
 .text.findChar
                0x0800918c       0x62 Src\user\string_operations.o
                0x0800918c                findChar
 .text.stringEqual
                0x080091ee       0x58 Src\user\string_operations.o
                0x080091ee                stringEqual
 .text.stringToFixedPoint
                0x08009246       0xf4 Src\user\string_operations.o
                0x08009246                stringToFixedPoint
 .text.decChar2Uint8
                0x0800933a       0x3e Src\user\string_operations.o
                0x0800933a                decChar2Uint8
 .text.string2UInt32
                0x08009378       0x98 Src\user\string_operations.o
                0x08009378                string2UInt32
 .text.uInt8ToString
                0x08009410       0x30 Src\user\string_operations.o
                0x08009410                uInt8ToString
 .text.UartDriver_init
                0x08009440      0x1b8 Src\user\uart_driver.o
                0x08009440                UartDriver_init
 .text.UartDriver_getBaudRate
                0x080095f8       0x40 Src\user\uart_driver.o
                0x080095f8                UartDriver_getBaudRate
 .text.UartDriver_setBaudRate
                0x08009638       0xbe Src\user\uart_driver.o
                0x08009638                UartDriver_setBaudRate
 .text.UartDriver_sendBytes
                0x080096f6       0x72 Src\user\uart_driver.o
                0x080096f6                UartDriver_sendBytes
 .text.UartDriver_setReceivedBytesStartAndTerminationSignCallback
                0x08009768      0x11c Src\user\uart_driver.o
                0x08009768                UartDriver_setReceivedBytesStartAndTerminationSignCallback
 .text.UartDriver_removeReceivedBytesStartAndTerminationSignCallback
                0x08009884       0xc2 Src\user\uart_driver.o
                0x08009884                UartDriver_removeReceivedBytesStartAndTerminationSignCallback
 .text.UartDriver_startReceiver
                0x08009946       0x44 Src\user\uart_driver.o
                0x08009946                UartDriver_startReceiver
 .text.UartDriver_stopReceiver
                0x0800998a       0x30 Src\user\uart_driver.o
                0x0800998a                UartDriver_stopReceiver
 .text.UartDriver_transmitBytes
                0x080099ba       0x42 Src\user\uart_driver.o
 .text.UartDriver_receivedBytesCallback
                0x080099fc      0x3b4 Src\user\uart_driver.o
                0x080099fc                UartDriver_receivedBytesCallback
 .text.UartDriver_transmitCompleteCallback
                0x08009db0       0x1c Src\user\uart_driver.o
                0x08009db0                UartDriver_transmitCompleteCallback
 .text.HAL_UART_TxCpltCallback
                0x08009dcc       0x34 Src\user\uart_driver.o
                0x08009dcc                HAL_UART_TxCpltCallback
 .text.HAL_UART_RxCpltCallback
                0x08009e00       0x34 Src\user\uart_driver.o
                0x08009e00                HAL_UART_RxCpltCallback
 .text.Reset_Handler
                0x08009e34       0x50 startup\startup_stm32f767xx.o
                0x08009e34                Reset_Handler
 .text.Default_Handler
                0x08009e84        0x2 startup\startup_stm32f767xx.o
                0x08009e84                RTC_Alarm_IRQHandler
                0x08009e84                EXTI2_IRQHandler
                0x08009e84                TIM8_CC_IRQHandler
                0x08009e84                UART8_IRQHandler
                0x08009e84                SPI4_IRQHandler
                0x08009e84                TIM1_CC_IRQHandler
                0x08009e84                DMA2_Stream5_IRQHandler
                0x08009e84                JPEG_IRQHandler
                0x08009e84                DMA1_Stream5_IRQHandler
                0x08009e84                CAN3_RX1_IRQHandler
                0x08009e84                PVD_IRQHandler
                0x08009e84                TAMP_STAMP_IRQHandler
                0x08009e84                CAN2_RX1_IRQHandler
                0x08009e84                EXTI3_IRQHandler
                0x08009e84                TIM8_TRG_COM_TIM14_IRQHandler
                0x08009e84                DFSDM1_FLT1_IRQHandler
                0x08009e84                TIM1_UP_TIM10_IRQHandler
                0x08009e84                TIM8_UP_TIM13_IRQHandler
                0x08009e84                I2C3_ER_IRQHandler
                0x08009e84                DFSDM1_FLT2_IRQHandler
                0x08009e84                EXTI0_IRQHandler
                0x08009e84                I2C2_EV_IRQHandler
                0x08009e84                DMA1_Stream2_IRQHandler
                0x08009e84                FPU_IRQHandler
                0x08009e84                OTG_HS_WKUP_IRQHandler
                0x08009e84                CAN3_SCE_IRQHandler
                0x08009e84                LTDC_ER_IRQHandler
                0x08009e84                CAN2_SCE_IRQHandler
                0x08009e84                DMA2_Stream2_IRQHandler
                0x08009e84                SPI1_IRQHandler
                0x08009e84                TIM6_DAC_IRQHandler
                0x08009e84                TIM1_BRK_TIM9_IRQHandler
                0x08009e84                DCMI_IRQHandler
                0x08009e84                CAN2_RX0_IRQHandler
                0x08009e84                DMA2_Stream3_IRQHandler
                0x08009e84                SAI2_IRQHandler
                0x08009e84                DFSDM1_FLT3_IRQHandler
                0x08009e84                USART6_IRQHandler
                0x08009e84                CAN3_RX0_IRQHandler
                0x08009e84                USART3_IRQHandler
                0x08009e84                UART5_IRQHandler
                0x08009e84                DMA2_Stream0_IRQHandler
                0x08009e84                TIM4_IRQHandler
                0x08009e84                QUADSPI_IRQHandler
                0x08009e84                I2C1_EV_IRQHandler
                0x08009e84                DMA1_Stream6_IRQHandler
                0x08009e84                DMA1_Stream1_IRQHandler
                0x08009e84                UART4_IRQHandler
                0x08009e84                TIM3_IRQHandler
                0x08009e84                TIM8_BRK_TIM12_IRQHandler
                0x08009e84                Default_Handler
                0x08009e84                CEC_IRQHandler
                0x08009e84                EXTI15_10_IRQHandler
                0x08009e84                ADC_IRQHandler
                0x08009e84                DMA1_Stream7_IRQHandler
                0x08009e84                SPI5_IRQHandler
                0x08009e84                TIM7_IRQHandler
                0x08009e84                CAN2_TX_IRQHandler
                0x08009e84                TIM5_IRQHandler
                0x08009e84                DMA2_Stream7_IRQHandler
                0x08009e84                I2C3_EV_IRQHandler
                0x08009e84                EXTI9_5_IRQHandler
                0x08009e84                RTC_WKUP_IRQHandler
                0x08009e84                LTDC_IRQHandler
                0x08009e84                ETH_WKUP_IRQHandler
                0x08009e84                SPDIF_RX_IRQHandler
                0x08009e84                SPI2_IRQHandler
                0x08009e84                OTG_HS_EP1_IN_IRQHandler
                0x08009e84                DMA1_Stream0_IRQHandler
                0x08009e84                EXTI4_IRQHandler
                0x08009e84                RNG_IRQHandler
                0x08009e84                ETH_IRQHandler
                0x08009e84                OTG_HS_EP1_OUT_IRQHandler
                0x08009e84                WWDG_IRQHandler
                0x08009e84                SPI6_IRQHandler
                0x08009e84                MDIOS_IRQHandler
                0x08009e84                I2C4_EV_IRQHandler
                0x08009e84                CAN3_TX_IRQHandler
                0x08009e84                TIM2_IRQHandler
                0x08009e84                OTG_FS_WKUP_IRQHandler
                0x08009e84                TIM1_TRG_COM_TIM11_IRQHandler
                0x08009e84                OTG_HS_IRQHandler
                0x08009e84                DMA2D_IRQHandler
                0x08009e84                EXTI1_IRQHandler
                0x08009e84                SDMMC2_IRQHandler
                0x08009e84                UART7_IRQHandler
                0x08009e84                USART2_IRQHandler
                0x08009e84                DFSDM1_FLT0_IRQHandler
                0x08009e84                I2C2_ER_IRQHandler
                0x08009e84                DMA2_Stream1_IRQHandler
                0x08009e84                FLASH_IRQHandler
                0x08009e84                DMA2_Stream4_IRQHandler
                0x08009e84                OTG_FS_IRQHandler
                0x08009e84                SPI3_IRQHandler
                0x08009e84                DMA1_Stream4_IRQHandler
                0x08009e84                I2C1_ER_IRQHandler
                0x08009e84                FMC_IRQHandler
                0x08009e84                LPTIM1_IRQHandler
                0x08009e84                I2C4_ER_IRQHandler
                0x08009e84                DMA2_Stream6_IRQHandler
                0x08009e84                SAI1_IRQHandler
                0x08009e84                DMA1_Stream3_IRQHandler
 *fill*         0x08009e86        0x2 
 .text.__errno  0x08009e88        0xc c:/program files (x86)/atollic/truestudio for stm32 9.2.0/armtools/bin/../lib/gcc/arm-atollic-eabi/6.3.1/../../../../arm-atollic-eabi/lib/armv7e-m/fpu/fpv5-d16\libc_nano.a(lib_a-errno.o)
                0x08009e88                __errno
 .text.__libc_init_array
                0x08009e94       0x48 c:/program files (x86)/atollic/truestudio for stm32 9.2.0/armtools/bin/../lib/gcc/arm-atollic-eabi/6.3.1/../../../../arm-atollic-eabi/lib/armv7e-m/fpu/fpv5-d16\libc_nano.a(lib_a-init.o)
                0x08009e94                __libc_init_array
 .text.memcpy   0x08009edc       0x16 c:/program files (x86)/atollic/truestudio for stm32 9.2.0/armtools/bin/../lib/gcc/arm-atollic-eabi/6.3.1/../../../../arm-atollic-eabi/lib/armv7e-m/fpu/fpv5-d16\libc_nano.a(lib_a-memcpy-stub.o)
                0x08009edc                memcpy
 .text.memset   0x08009ef2       0x10 c:/program files (x86)/atollic/truestudio for stm32 9.2.0/armtools/bin/../lib/gcc/arm-atollic-eabi/6.3.1/../../../../arm-atollic-eabi/lib/armv7e-m/fpu/fpv5-d16\libc_nano.a(lib_a-memset.o)
                0x08009ef2                memset
 *fill*         0x08009f02        0x2 
 .text.sprintf  0x08009f04       0x48 c:/program files (x86)/atollic/truestudio for stm32 9.2.0/armtools/bin/../lib/gcc/arm-atollic-eabi/6.3.1/../../../../arm-atollic-eabi/lib/armv7e-m/fpu/fpv5-d16\libc_nano.a(lib_a-sprintf.o)
                0x08009f04                siprintf
                0x08009f04                sprintf
 .text.__ssputs_r
                0x08009f4c       0xb6 c:/program files (x86)/atollic/truestudio for stm32 9.2.0/armtools/bin/../lib/gcc/arm-atollic-eabi/6.3.1/../../../../arm-atollic-eabi/lib/armv7e-m/fpu/fpv5-d16\libc_nano.a(lib_a-nano-svfprintf.o)
                0x08009f4c                __ssputs_r
 *fill*         0x0800a002        0x2 
 .text._svfprintf_r
                0x0800a004      0x1e8 c:/program files (x86)/atollic/truestudio for stm32 9.2.0/armtools/bin/../lib/gcc/arm-atollic-eabi/6.3.1/../../../../arm-atollic-eabi/lib/armv7e-m/fpu/fpv5-d16\libc_nano.a(lib_a-nano-svfprintf.o)
                0x0800a004                _svfiprintf_r
                0x0800a004                _svfprintf_r
 .text._printf_common
                0x0800a1ec       0xec c:/program files (x86)/atollic/truestudio for stm32 9.2.0/armtools/bin/../lib/gcc/arm-atollic-eabi/6.3.1/../../../../arm-atollic-eabi/lib/armv7e-m/fpu/fpv5-d16\libc_nano.a(lib_a-nano-vfprintf_i.o)
                0x0800a1ec                _printf_common
 .text._printf_i
                0x0800a2d8      0x240 c:/program files (x86)/atollic/truestudio for stm32 9.2.0/armtools/bin/../lib/gcc/arm-atollic-eabi/6.3.1/../../../../arm-atollic-eabi/lib/armv7e-m/fpu/fpv5-d16\libc_nano.a(lib_a-nano-vfprintf_i.o)
                0x0800a2d8                _printf_i
 .text.memmove  0x0800a518       0x34 c:/program files (x86)/atollic/truestudio for stm32 9.2.0/armtools/bin/../lib/gcc/arm-atollic-eabi/6.3.1/../../../../arm-atollic-eabi/lib/armv7e-m/fpu/fpv5-d16\libc_nano.a(lib_a-memmove.o)
                0x0800a518                memmove
 .text._free_r  0x0800a54c       0x9c c:/program files (x86)/atollic/truestudio for stm32 9.2.0/armtools/bin/../lib/gcc/arm-atollic-eabi/6.3.1/../../../../arm-atollic-eabi/lib/armv7e-m/fpu/fpv5-d16\libc_nano.a(lib_a-nano-freer.o)
                0x0800a54c                _free_r
 .text._malloc_r
                0x0800a5e8       0xbc c:/program files (x86)/atollic/truestudio for stm32 9.2.0/armtools/bin/../lib/gcc/arm-atollic-eabi/6.3.1/../../../../arm-atollic-eabi/lib/armv7e-m/fpu/fpv5-d16\libc_nano.a(lib_a-nano-mallocr.o)
                0x0800a5e8                _malloc_r
 .text._realloc_r
                0x0800a6a4       0x4c c:/program files (x86)/atollic/truestudio for stm32 9.2.0/armtools/bin/../lib/gcc/arm-atollic-eabi/6.3.1/../../../../arm-atollic-eabi/lib/armv7e-m/fpu/fpv5-d16\libc_nano.a(lib_a-nano-reallocr.o)
                0x0800a6a4                _realloc_r
 .text._sbrk_r  0x0800a6f0       0x20 c:/program files (x86)/atollic/truestudio for stm32 9.2.0/armtools/bin/../lib/gcc/arm-atollic-eabi/6.3.1/../../../../arm-atollic-eabi/lib/armv7e-m/fpu/fpv5-d16\libc_nano.a(lib_a-sbrkr.o)
                0x0800a6f0                _sbrk_r
 .text.__malloc_lock
                0x0800a710        0x2 c:/program files (x86)/atollic/truestudio for stm32 9.2.0/armtools/bin/../lib/gcc/arm-atollic-eabi/6.3.1/../../../../arm-atollic-eabi/lib/armv7e-m/fpu/fpv5-d16\libc_nano.a(lib_a-mlock.o)
                0x0800a710                __malloc_lock
 .text.__malloc_unlock
                0x0800a712        0x2 c:/program files (x86)/atollic/truestudio for stm32 9.2.0/armtools/bin/../lib/gcc/arm-atollic-eabi/6.3.1/../../../../arm-atollic-eabi/lib/armv7e-m/fpu/fpv5-d16\libc_nano.a(lib_a-mlock.o)
                0x0800a712                __malloc_unlock
 .text._malloc_usable_size_r
                0x0800a714       0x12 c:/program files (x86)/atollic/truestudio for stm32 9.2.0/armtools/bin/../lib/gcc/arm-atollic-eabi/6.3.1/../../../../arm-atollic-eabi/lib/armv7e-m/fpu/fpv5-d16\libc_nano.a(lib_a-nano-msizer.o)
                0x0800a714                _malloc_usable_size_r
 *(.glue_7)
 .glue_7        0x0800a726        0x0 linker stubs
 *(.glue_7t)
 .glue_7t       0x0800a726        0x0 linker stubs
 *(.eh_frame)
 *fill*         0x0800a726        0x2 
 .eh_frame      0x0800a728        0x0 c:/program files (x86)/atollic/truestudio for stm32 9.2.0/armtools/bin/../lib/gcc/arm-atollic-eabi/6.3.1/armv7e-m/fpu/fpv5-d16/crtbegin.o
 *(.init)
 .init          0x0800a728        0x4 c:/program files (x86)/atollic/truestudio for stm32 9.2.0/armtools/bin/../lib/gcc/arm-atollic-eabi/6.3.1/armv7e-m/fpu/fpv5-d16/crti.o
                0x0800a728                _init
 .init          0x0800a72c        0x8 c:/program files (x86)/atollic/truestudio for stm32 9.2.0/armtools/bin/../lib/gcc/arm-atollic-eabi/6.3.1/armv7e-m/fpu/fpv5-d16/crtn.o
 *(.fini)
 .fini          0x0800a734        0x4 c:/program files (x86)/atollic/truestudio for stm32 9.2.0/armtools/bin/../lib/gcc/arm-atollic-eabi/6.3.1/armv7e-m/fpu/fpv5-d16/crti.o
                0x0800a734                _fini
 .fini          0x0800a738        0x8 c:/program files (x86)/atollic/truestudio for stm32 9.2.0/armtools/bin/../lib/gcc/arm-atollic-eabi/6.3.1/armv7e-m/fpu/fpv5-d16/crtn.o
                0x0800a740                . = ALIGN (0x4)
                0x0800a740                _etext = .

.vfp11_veneer   0x0800a740        0x0
 .vfp11_veneer  0x0800a740        0x0 linker stubs

.v4_bx          0x0800a740        0x0
 .v4_bx         0x0800a740        0x0 linker stubs

.iplt           0x0800a740        0x0
 .iplt          0x0800a740        0x0 c:/program files (x86)/atollic/truestudio for stm32 9.2.0/armtools/bin/../lib/gcc/arm-atollic-eabi/6.3.1/armv7e-m/fpu/fpv5-d16/crtbegin.o

.rodata         0x0800a740      0x330
                0x0800a740                . = ALIGN (0x4)
 *(.rodata)
 .rodata        0x0800a740       0x21 Src\main.o
 *fill*         0x0800a761        0x3 
 .rodata        0x0800a764      0x28d Src\user\gps_driver.o
 *fill*         0x0800a9f1        0x3 
 .rodata        0x0800a9f4        0x3 Src\user\string_operations.o
 *(.rodata*)
 *fill*         0x0800a9f7        0x1 
 .rodata.SD_Driver
                0x0800a9f8       0x14 Src\sd_diskio.o
                0x0800a9f8                SD_Driver
 .rodata.AHBPrescTable
                0x0800aa0c       0x10 Src\system_stm32f7xx.o
                0x0800aa0c                AHBPrescTable
 .rodata.APBPrescTable
                0x0800aa1c        0x8 Src\system_stm32f7xx.o
                0x0800aa1c                APBPrescTable
 .rodata.backupRegistersIndexes
                0x0800aa24        0xc Src\user\rtc_driver.o
 .rodata.backupRegistersValues
                0x0800aa30        0xc Src\user\rtc_driver.o
 .rodata._svfprintf_r.str1.1
                0x0800aa3c       0x11 c:/program files (x86)/atollic/truestudio for stm32 9.2.0/armtools/bin/../lib/gcc/arm-atollic-eabi/6.3.1/../../../../arm-atollic-eabi/lib/armv7e-m/fpu/fpv5-d16\libc_nano.a(lib_a-nano-svfprintf.o)
 .rodata._printf_i.str1.1
                0x0800aa4d       0x22 c:/program files (x86)/atollic/truestudio for stm32 9.2.0/armtools/bin/../lib/gcc/arm-atollic-eabi/6.3.1/../../../../arm-atollic-eabi/lib/armv7e-m/fpu/fpv5-d16\libc_nano.a(lib_a-nano-vfprintf_i.o)
                0x0800aa70                . = ALIGN (0x4)
 *fill*         0x0800aa6f        0x1 

.ARM.extab
 *(.ARM.extab* .gnu.linkonce.armextab.*)

.ARM            0x0800aa70        0x8
                0x0800aa70                __exidx_start = .
 *(.ARM.exidx*)
 .ARM.exidx     0x0800aa70        0x8 c:/program files (x86)/atollic/truestudio for stm32 9.2.0/armtools/bin/../lib/gcc/arm-atollic-eabi/6.3.1/armv7e-m/fpu/fpv5-d16\libgcc.a(_udivmoddi4.o)
                0x0800aa78                __exidx_end = .

.rel.dyn        0x0800aa78        0x0
 .rel.iplt      0x0800aa78        0x0 c:/program files (x86)/atollic/truestudio for stm32 9.2.0/armtools/bin/../lib/gcc/arm-atollic-eabi/6.3.1/armv7e-m/fpu/fpv5-d16/crtbegin.o

.preinit_array  0x0800aa78        0x0
                0x0800aa78                PROVIDE (__preinit_array_start, .)
 *(.preinit_array*)
                0x0800aa78                PROVIDE (__preinit_array_end, .)

.init_array     0x0800aa78        0x4
                0x0800aa78                PROVIDE (__init_array_start, .)
 *(SORT(.init_array.*))
 *(.init_array*)
 .init_array    0x0800aa78        0x4 c:/program files (x86)/atollic/truestudio for stm32 9.2.0/armtools/bin/../lib/gcc/arm-atollic-eabi/6.3.1/armv7e-m/fpu/fpv5-d16/crtbegin.o
                0x0800aa7c                PROVIDE (__init_array_end, .)

.fini_array     0x0800aa7c        0x4
                [!provide]                PROVIDE (__fini_array_start, .)
 *(SORT(.fini_array.*))
 *(.fini_array*)
 .fini_array    0x0800aa7c        0x4 c:/program files (x86)/atollic/truestudio for stm32 9.2.0/armtools/bin/../lib/gcc/arm-atollic-eabi/6.3.1/armv7e-m/fpu/fpv5-d16/crtbegin.o
                [!provide]                PROVIDE (__fini_array_end, .)
                0x0800aa80                _sidata = LOADADDR (.data)

.data           0x20000000       0x70 load address 0x0800aa80
                0x20000000                . = ALIGN (0x4)
                0x20000000                _sdata = .
 *(.data)
 *(.data*)
 .data.uwTickPrio
                0x20000000        0x4 Drivers\STM32F7xx_HAL_Driver\Src\stm32f7xx_hal.o
                0x20000000                uwTickPrio
 .data.uwTickFreq
                0x20000004        0x1 Drivers\STM32F7xx_HAL_Driver\Src\stm32f7xx_hal.o
                0x20000004                uwTickFreq
 .data.Stat     0x20000005        0x1 Src\sd_diskio.o
 *fill*         0x20000006        0x2 
 .data.SystemCoreClock
                0x20000008        0x4 Src\system_stm32f7xx.o
                0x20000008                SystemCoreClock
 .data._impure_ptr
                0x2000000c        0x4 c:/program files (x86)/atollic/truestudio for stm32 9.2.0/armtools/bin/../lib/gcc/arm-atollic-eabi/6.3.1/../../../../arm-atollic-eabi/lib/armv7e-m/fpu/fpv5-d16\libc_nano.a(lib_a-impure.o)
                0x2000000c                _impure_ptr
 .data.impure_data
                0x20000010       0x60 c:/program files (x86)/atollic/truestudio for stm32 9.2.0/armtools/bin/../lib/gcc/arm-atollic-eabi/6.3.1/../../../../arm-atollic-eabi/lib/armv7e-m/fpu/fpv5-d16\libc_nano.a(lib_a-impure.o)
                0x20000070                . = ALIGN (0x4)
                0x20000070                _edata = .

.igot.plt       0x20000070        0x0 load address 0x0800aaf0
 .igot.plt      0x20000070        0x0 c:/program files (x86)/atollic/truestudio for stm32 9.2.0/armtools/bin/../lib/gcc/arm-atollic-eabi/6.3.1/armv7e-m/fpu/fpv5-d16/crtbegin.o
                0x20000070                . = ALIGN (0x4)

.bss            0x20000070    0x16884 load address 0x0800aaf0
                0x20000070                _sbss = .
                0x20000070                __bss_start__ = _sbss
 *(.bss)
 .bss           0x20000070       0x1c c:/program files (x86)/atollic/truestudio for stm32 9.2.0/armtools/bin/../lib/gcc/arm-atollic-eabi/6.3.1/armv7e-m/fpu/fpv5-d16/crtbegin.o
 *(.bss*)
 .bss.disk      0x2000008c        0xc Middlewares\Third_Party\FatFs\src\ff_gen_drv.o
                0x2000008c                disk
 .bss.errorInCounter
                0x20000098        0x2 Src\main.o
 *fill*         0x2000009a        0x2 
 .bss.heap_end.7010
                0x2000009c        0x4 Src\syscalls.o
 .bss.data.9525
                0x200000a0        0x8 Src\user\uart_driver.o
 .bss.fifoStatus.9526
                0x200000a8        0x1 Src\user\uart_driver.o
 *fill*         0x200000a9        0x3 
 .bss.charBuffer.9537
                0x200000ac        0x8 Src\user\uart_driver.o
 .bss.bufferIt.9539
                0x200000b4        0x2 Src\user\uart_driver.o
 *fill*         0x200000b6        0x2 
 .bss.arrayBuffer.9538
                0x200000b8      0x400 Src\user\uart_driver.o
 .bss.timestampBuffer.9547
                0x200004b8        0x4 Src\user\uart_driver.o
 .bss.__malloc_free_list
                0x200004bc        0x4 c:/program files (x86)/atollic/truestudio for stm32 9.2.0/armtools/bin/../lib/gcc/arm-atollic-eabi/6.3.1/../../../../arm-atollic-eabi/lib/armv7e-m/fpu/fpv5-d16\libc_nano.a(lib_a-nano-mallocr.o)
                0x200004bc                __malloc_free_list
 .bss.__malloc_sbrk_start
                0x200004c0        0x4 c:/program files (x86)/atollic/truestudio for stm32 9.2.0/armtools/bin/../lib/gcc/arm-atollic-eabi/6.3.1/../../../../arm-atollic-eabi/lib/armv7e-m/fpu/fpv5-d16\libc_nano.a(lib_a-nano-mallocr.o)
                0x200004c0                __malloc_sbrk_start
 *(COMMON)
 COMMON         0x200004c4        0x4 Drivers\STM32F7xx_HAL_Driver\Src\stm32f7xx_hal.o
                0x200004c4                uwTick
 COMMON         0x200004c8       0x28 Src\can.o
                0x200004c8                hcan1
 COMMON         0x200004f0      0x46c Src\fatfs.o
                0x200004f0                retSD
                0x200004f4                SDPath
                0x200004f8                SDFile
                0x20000728                SDFatFS
 COMMON         0x2000095c    0x15e70 Src\main.o
                0x2000095c                configDataManager
                0x2000aefc                ledDebug1Driver
                0x2000af14                gpsDriver
                0x2000ddf8                canReceiver
                0x2000fe14                ledDebug2Driver
                0x2000fe2c                canTransceiverDriver
                0x2000fe60                rtcDriver
                0x2000fe68                actionScheduler
                0x2000fe88                dataSaver
                0x200100f8                fileSystem
                0x20010330                gpsReceiver
                0x2001474c                msTimerDriver
                0x20014758                uart1Driver
 COMMON         0x200167cc       0x20 Src\rtc.o
                0x200167cc                hrtc
 COMMON         0x200167ec       0x84 Src\sdmmc.o
                0x200167ec                hsd1
 COMMON         0x20016870       0x80 Src\usart.o
                0x20016870                huart1
 COMMON         0x200168f0        0x4 c:/program files (x86)/atollic/truestudio for stm32 9.2.0/armtools/bin/../lib/gcc/arm-atollic-eabi/6.3.1/../../../../arm-atollic-eabi/lib/armv7e-m/fpu/fpv5-d16\libc_nano.a(lib_a-reent.o)
                0x200168f0                errno
                0x200168f4                . = ALIGN (0x4)
                0x200168f4                _ebss = .
                0x200168f4                __bss_end__ = _ebss

._user_heap_stack
                0x200168f4    0x40200 load address 0x0800aaf0
                0x200168f4                . = ALIGN (0x4)
                0x200168f4                PROVIDE (end, .)
                [!provide]                PROVIDE (_end, .)
                0x20016af4                . = (. + _Min_Heap_Size)
 *fill*         0x200168f4      0x200 
                0x20056af4                . = (. + _Min_Stack_Size)
 *fill*         0x20016af4    0x40000 
                0x20056af4                . = ALIGN (0x4)

/DISCARD/
 libc.a(*)
 libm.a(*)
 libgcc.a(*)

.ARM.attributes
                0x00000000       0x2e
 *(.ARM.attributes)
 .ARM.attributes
                0x00000000       0x20 c:/program files (x86)/atollic/truestudio for stm32 9.2.0/armtools/bin/../lib/gcc/arm-atollic-eabi/6.3.1/armv7e-m/fpu/fpv5-d16/crti.o
 .ARM.attributes
                0x00000020       0x32 c:/program files (x86)/atollic/truestudio for stm32 9.2.0/armtools/bin/../lib/gcc/arm-atollic-eabi/6.3.1/armv7e-m/fpu/fpv5-d16/crtbegin.o
 .ARM.attributes
                0x00000052       0x37 Drivers\STM32F7xx_HAL_Driver\Src\stm32f7xx_hal.o
 .ARM.attributes
                0x00000089       0x37 Drivers\STM32F7xx_HAL_Driver\Src\stm32f7xx_hal_can.o
 .ARM.attributes
                0x000000c0       0x37 Drivers\STM32F7xx_HAL_Driver\Src\stm32f7xx_hal_cortex.o
 .ARM.attributes
                0x000000f7       0x37 Drivers\STM32F7xx_HAL_Driver\Src\stm32f7xx_hal_dma.o
 .ARM.attributes
                0x0000012e       0x37 Drivers\STM32F7xx_HAL_Driver\Src\stm32f7xx_hal_gpio.o
 .ARM.attributes
                0x00000165       0x37 Drivers\STM32F7xx_HAL_Driver\Src\stm32f7xx_hal_pwr.o
 .ARM.attributes
                0x0000019c       0x37 Drivers\STM32F7xx_HAL_Driver\Src\stm32f7xx_hal_pwr_ex.o
 .ARM.attributes
                0x000001d3       0x37 Drivers\STM32F7xx_HAL_Driver\Src\stm32f7xx_hal_rcc.o
 .ARM.attributes
                0x0000020a       0x37 Drivers\STM32F7xx_HAL_Driver\Src\stm32f7xx_hal_rcc_ex.o
 .ARM.attributes
                0x00000241       0x37 Drivers\STM32F7xx_HAL_Driver\Src\stm32f7xx_hal_rtc.o
 .ARM.attributes
                0x00000278       0x37 Drivers\STM32F7xx_HAL_Driver\Src\stm32f7xx_hal_rtc_ex.o
 .ARM.attributes
                0x000002af       0x37 Drivers\STM32F7xx_HAL_Driver\Src\stm32f7xx_hal_sd.o
 .ARM.attributes
                0x000002e6       0x37 Drivers\STM32F7xx_HAL_Driver\Src\stm32f7xx_hal_uart.o
 .ARM.attributes
                0x0000031d       0x37 Drivers\STM32F7xx_HAL_Driver\Src\stm32f7xx_ll_sdmmc.o
 .ARM.attributes
                0x00000354       0x37 Middlewares\Third_Party\FatFs\src\ff_gen_drv.o
 .ARM.attributes
                0x0000038b       0x37 Src\bsp_driver_sd.o
 .ARM.attributes
                0x000003c2       0x37 Src\can.o
 .ARM.attributes
                0x000003f9       0x37 Src\fatfs.o
 .ARM.attributes
                0x00000430       0x37 Src\gpio.o
 .ARM.attributes
                0x00000467       0x37 Src\main.o
 .ARM.attributes
                0x0000049e       0x37 Src\rtc.o
 .ARM.attributes
                0x000004d5       0x37 Src\sd_diskio.o
 .ARM.attributes
                0x0000050c       0x37 Src\sdmmc.o
 .ARM.attributes
                0x00000543       0x37 Src\stm32f7xx_hal_msp.o
 .ARM.attributes
                0x0000057a       0x37 Src\stm32f7xx_it.o
 .ARM.attributes
                0x000005b1       0x37 Src\syscalls.o
 .ARM.attributes
                0x000005e8       0x37 Src\system_stm32f7xx.o
 .ARM.attributes
                0x0000061f       0x37 Src\usart.o
 .ARM.attributes
                0x00000656       0x37 Src\user\can_transceiver_driver.o
 .ARM.attributes
                0x0000068d       0x37 Src\user\fifo_queue.o
 .ARM.attributes
                0x000006c4       0x37 Src\user\fifo_queue_multiread.o
 .ARM.attributes
                0x000006fb       0x37 Src\user\fixed_point.o
 .ARM.attributes
                0x00000732       0x37 Src\user\gps_driver.o
 .ARM.attributes
                0x00000769       0x37 Src\user\gps_receiver.o
 .ARM.attributes
                0x000007a0       0x37 Src\user\led_driver.o
 .ARM.attributes
                0x000007d7       0x37 Src\user\ms_timer_driver.o
 .ARM.attributes
                0x0000080e       0x37 Src\user\rtc_driver.o
 .ARM.attributes
                0x00000845       0x37 Src\user\string_operations.o
 .ARM.attributes
                0x0000087c       0x37 Src\user\uart_driver.o
 .ARM.attributes
                0x000008b3       0x21 startup\startup_stm32f767xx.o
 .ARM.attributes
                0x000008d4       0x32 c:/program files (x86)/atollic/truestudio for stm32 9.2.0/armtools/bin/../lib/gcc/arm-atollic-eabi/6.3.1/../../../../arm-atollic-eabi/lib/armv7e-m/fpu/fpv5-d16\libc_nano.a(lib_a-errno.o)
 .ARM.attributes
                0x00000906       0x32 c:/program files (x86)/atollic/truestudio for stm32 9.2.0/armtools/bin/../lib/gcc/arm-atollic-eabi/6.3.1/../../../../arm-atollic-eabi/lib/armv7e-m/fpu/fpv5-d16\libc_nano.a(lib_a-impure.o)
 .ARM.attributes
                0x00000938       0x32 c:/program files (x86)/atollic/truestudio for stm32 9.2.0/armtools/bin/../lib/gcc/arm-atollic-eabi/6.3.1/../../../../arm-atollic-eabi/lib/armv7e-m/fpu/fpv5-d16\libc_nano.a(lib_a-init.o)
 .ARM.attributes
                0x0000096a       0x32 c:/program files (x86)/atollic/truestudio for stm32 9.2.0/armtools/bin/../lib/gcc/arm-atollic-eabi/6.3.1/../../../../arm-atollic-eabi/lib/armv7e-m/fpu/fpv5-d16\libc_nano.a(lib_a-memcpy-stub.o)
 .ARM.attributes
                0x0000099c       0x32 c:/program files (x86)/atollic/truestudio for stm32 9.2.0/armtools/bin/../lib/gcc/arm-atollic-eabi/6.3.1/../../../../arm-atollic-eabi/lib/armv7e-m/fpu/fpv5-d16\libc_nano.a(lib_a-memset.o)
 .ARM.attributes
                0x000009ce       0x32 c:/program files (x86)/atollic/truestudio for stm32 9.2.0/armtools/bin/../lib/gcc/arm-atollic-eabi/6.3.1/../../../../arm-atollic-eabi/lib/armv7e-m/fpu/fpv5-d16\libc_nano.a(lib_a-sprintf.o)
 .ARM.attributes
                0x00000a00       0x32 c:/program files (x86)/atollic/truestudio for stm32 9.2.0/armtools/bin/../lib/gcc/arm-atollic-eabi/6.3.1/../../../../arm-atollic-eabi/lib/armv7e-m/fpu/fpv5-d16\libc_nano.a(lib_a-nano-svfprintf.o)
 .ARM.attributes
                0x00000a32       0x32 c:/program files (x86)/atollic/truestudio for stm32 9.2.0/armtools/bin/../lib/gcc/arm-atollic-eabi/6.3.1/../../../../arm-atollic-eabi/lib/armv7e-m/fpu/fpv5-d16\libc_nano.a(lib_a-nano-vfprintf_i.o)
 .ARM.attributes
                0x00000a64       0x1e c:/program files (x86)/atollic/truestudio for stm32 9.2.0/armtools/bin/../lib/gcc/arm-atollic-eabi/6.3.1/../../../../arm-atollic-eabi/lib/armv7e-m/fpu/fpv5-d16\libc_nano.a(lib_a-memchr.o)
 .ARM.attributes
                0x00000a82       0x32 c:/program files (x86)/atollic/truestudio for stm32 9.2.0/armtools/bin/../lib/gcc/arm-atollic-eabi/6.3.1/../../../../arm-atollic-eabi/lib/armv7e-m/fpu/fpv5-d16\libc_nano.a(lib_a-memmove.o)
 .ARM.attributes
                0x00000ab4       0x32 c:/program files (x86)/atollic/truestudio for stm32 9.2.0/armtools/bin/../lib/gcc/arm-atollic-eabi/6.3.1/../../../../arm-atollic-eabi/lib/armv7e-m/fpu/fpv5-d16\libc_nano.a(lib_a-nano-freer.o)
 .ARM.attributes
                0x00000ae6       0x32 c:/program files (x86)/atollic/truestudio for stm32 9.2.0/armtools/bin/../lib/gcc/arm-atollic-eabi/6.3.1/../../../../arm-atollic-eabi/lib/armv7e-m/fpu/fpv5-d16\libc_nano.a(lib_a-nano-mallocr.o)
 .ARM.attributes
                0x00000b18       0x32 c:/program files (x86)/atollic/truestudio for stm32 9.2.0/armtools/bin/../lib/gcc/arm-atollic-eabi/6.3.1/../../../../arm-atollic-eabi/lib/armv7e-m/fpu/fpv5-d16\libc_nano.a(lib_a-nano-reallocr.o)
 .ARM.attributes
                0x00000b4a       0x32 c:/program files (x86)/atollic/truestudio for stm32 9.2.0/armtools/bin/../lib/gcc/arm-atollic-eabi/6.3.1/../../../../arm-atollic-eabi/lib/armv7e-m/fpu/fpv5-d16\libc_nano.a(lib_a-sbrkr.o)
 .ARM.attributes
                0x00000b7c       0x32 c:/program files (x86)/atollic/truestudio for stm32 9.2.0/armtools/bin/../lib/gcc/arm-atollic-eabi/6.3.1/../../../../arm-atollic-eabi/lib/armv7e-m/fpu/fpv5-d16\libc_nano.a(lib_a-mlock.o)
 .ARM.attributes
                0x00000bae       0x32 c:/program files (x86)/atollic/truestudio for stm32 9.2.0/armtools/bin/../lib/gcc/arm-atollic-eabi/6.3.1/../../../../arm-atollic-eabi/lib/armv7e-m/fpu/fpv5-d16\libc_nano.a(lib_a-nano-msizer.o)
 .ARM.attributes
                0x00000be0       0x32 c:/program files (x86)/atollic/truestudio for stm32 9.2.0/armtools/bin/../lib/gcc/arm-atollic-eabi/6.3.1/../../../../arm-atollic-eabi/lib/armv7e-m/fpu/fpv5-d16\libc_nano.a(lib_a-reent.o)
 .ARM.attributes
                0x00000c12       0x20 c:/program files (x86)/atollic/truestudio for stm32 9.2.0/armtools/bin/../lib/gcc/arm-atollic-eabi/6.3.1/armv7e-m/fpu/fpv5-d16\libgcc.a(_aeabi_uldivmod.o)
 .ARM.attributes
                0x00000c32       0x32 c:/program files (x86)/atollic/truestudio for stm32 9.2.0/armtools/bin/../lib/gcc/arm-atollic-eabi/6.3.1/armv7e-m/fpu/fpv5-d16\libgcc.a(_udivmoddi4.o)
 .ARM.attributes
                0x00000c64       0x20 c:/program files (x86)/atollic/truestudio for stm32 9.2.0/armtools/bin/../lib/gcc/arm-atollic-eabi/6.3.1/armv7e-m/fpu/fpv5-d16\libgcc.a(_dvmd_tls.o)
 .ARM.attributes
                0x00000c84       0x20 c:/program files (x86)/atollic/truestudio for stm32 9.2.0/armtools/bin/../lib/gcc/arm-atollic-eabi/6.3.1/armv7e-m/fpu/fpv5-d16/crtn.o
OUTPUT(DataLoggerGPS.elf elf32-littlearm)

.debug_info     0x00000000    0x22629
 .debug_info    0x00000000      0xa37 Drivers\STM32F7xx_HAL_Driver\Src\stm32f7xx_hal.o
 .debug_info    0x00000a37      0xfbb Drivers\STM32F7xx_HAL_Driver\Src\stm32f7xx_hal_can.o
 .debug_info    0x000019f2     0x108c Drivers\STM32F7xx_HAL_Driver\Src\stm32f7xx_hal_cortex.o
 .debug_info    0x00002a7e      0x964 Drivers\STM32F7xx_HAL_Driver\Src\stm32f7xx_hal_dma.o
 .debug_info    0x000033e2      0x7e8 Drivers\STM32F7xx_HAL_Driver\Src\stm32f7xx_hal_gpio.o
 .debug_info    0x00003bca      0x9b5 Drivers\STM32F7xx_HAL_Driver\Src\stm32f7xx_hal_pwr.o
 .debug_info    0x0000457f      0x96b Drivers\STM32F7xx_HAL_Driver\Src\stm32f7xx_hal_pwr_ex.o
 .debug_info    0x00004eea      0x987 Drivers\STM32F7xx_HAL_Driver\Src\stm32f7xx_hal_rcc.o
 .debug_info    0x00005871      0x7d1 Drivers\STM32F7xx_HAL_Driver\Src\stm32f7xx_hal_rcc_ex.o
 .debug_info    0x00006042      0xc54 Drivers\STM32F7xx_HAL_Driver\Src\stm32f7xx_hal_rtc.o
 .debug_info    0x00006c96      0xff5 Drivers\STM32F7xx_HAL_Driver\Src\stm32f7xx_hal_rtc_ex.o
 .debug_info    0x00007c8b     0x17c4 Drivers\STM32F7xx_HAL_Driver\Src\stm32f7xx_hal_sd.o
 .debug_info    0x0000944f     0x1636 Drivers\STM32F7xx_HAL_Driver\Src\stm32f7xx_hal_uart.o
 .debug_info    0x0000aa85     0x10bd Drivers\STM32F7xx_HAL_Driver\Src\stm32f7xx_ll_sdmmc.o
 .debug_info    0x0000bb42      0xc75 Middlewares\Third_Party\FatFs\src\ff_gen_drv.o
 .debug_info    0x0000c7b7      0xa71 Src\bsp_driver_sd.o
 .debug_info    0x0000d228      0xb9c Src\can.o
 .debug_info    0x0000ddc4      0xda4 Src\fatfs.o
 .debug_info    0x0000eb68      0x50c Src\gpio.o
 .debug_info    0x0000f074     0x39ac Src\main.o
 .debug_info    0x00012a20      0x871 Src\rtc.o
 .debug_info    0x00013291      0xd15 Src\sd_diskio.o
 .debug_info    0x00013fa6      0xd6a Src\sdmmc.o
 .debug_info    0x00014d10      0x38b Src\stm32f7xx_hal_msp.o
 .debug_info    0x0001509b      0xecd Src\stm32f7xx_it.o
 .debug_info    0x00015f68      0xf16 Src\syscalls.o
 .debug_info    0x00016e7e      0x73f Src\system_stm32f7xx.o
 .debug_info    0x000175bd      0xd0c Src\usart.o
 .debug_info    0x000182c9     0x1628 Src\user\can_transceiver_driver.o
 .debug_info    0x000198f1      0xb1c Src\user\fifo_queue.o
 .debug_info    0x0001a40d      0xc66 Src\user\fifo_queue_multiread.o
 .debug_info    0x0001b073      0x356 Src\user\fixed_point.o
 .debug_info    0x0001b3c9     0x21e4 Src\user\gps_driver.o
 .debug_info    0x0001d5ad     0x18d3 Src\user\gps_receiver.o
 .debug_info    0x0001ee80      0x41c Src\user\led_driver.o
 .debug_info    0x0001f29c      0x2e8 Src\user\ms_timer_driver.o
 .debug_info    0x0001f584      0x965 Src\user\rtc_driver.o
 .debug_info    0x0001fee9      0xc51 Src\user\string_operations.o
 .debug_info    0x00020b3a     0x1a60 Src\user\uart_driver.o
 .debug_info    0x0002259a       0x8f startup\startup_stm32f767xx.o

.debug_abbrev   0x00000000     0x4950
 .debug_abbrev  0x00000000      0x1c2 Drivers\STM32F7xx_HAL_Driver\Src\stm32f7xx_hal.o
 .debug_abbrev  0x000001c2      0x225 Drivers\STM32F7xx_HAL_Driver\Src\stm32f7xx_hal_can.o
 .debug_abbrev  0x000003e7      0x2f5 Drivers\STM32F7xx_HAL_Driver\Src\stm32f7xx_hal_cortex.o
 .debug_abbrev  0x000006dc      0x224 Drivers\STM32F7xx_HAL_Driver\Src\stm32f7xx_hal_dma.o
 .debug_abbrev  0x00000900      0x1c4 Drivers\STM32F7xx_HAL_Driver\Src\stm32f7xx_hal_gpio.o
 .debug_abbrev  0x00000ac4      0x1b1 Drivers\STM32F7xx_HAL_Driver\Src\stm32f7xx_hal_pwr.o
 .debug_abbrev  0x00000c75      0x1b3 Drivers\STM32F7xx_HAL_Driver\Src\stm32f7xx_hal_pwr_ex.o
 .debug_abbrev  0x00000e28      0x263 Drivers\STM32F7xx_HAL_Driver\Src\stm32f7xx_hal_rcc.o
 .debug_abbrev  0x0000108b      0x1a8 Drivers\STM32F7xx_HAL_Driver\Src\stm32f7xx_hal_rcc_ex.o
 .debug_abbrev  0x00001233      0x1b9 Drivers\STM32F7xx_HAL_Driver\Src\stm32f7xx_hal_rtc.o
 .debug_abbrev  0x000013ec      0x1e4 Drivers\STM32F7xx_HAL_Driver\Src\stm32f7xx_hal_rtc_ex.o
 .debug_abbrev  0x000015d0      0x238 Drivers\STM32F7xx_HAL_Driver\Src\stm32f7xx_hal_sd.o
 .debug_abbrev  0x00001808      0x200 Drivers\STM32F7xx_HAL_Driver\Src\stm32f7xx_hal_uart.o
 .debug_abbrev  0x00001a08      0x1c8 Drivers\STM32F7xx_HAL_Driver\Src\stm32f7xx_ll_sdmmc.o
 .debug_abbrev  0x00001bd0      0x231 Middlewares\Third_Party\FatFs\src\ff_gen_drv.o
 .debug_abbrev  0x00001e01      0x22f Src\bsp_driver_sd.o
 .debug_abbrev  0x00002030      0x1b1 Src\can.o
 .debug_abbrev  0x000021e1      0x1da Src\fatfs.o
 .debug_abbrev  0x000023bb      0x12f Src\gpio.o
 .debug_abbrev  0x000024ea      0x2c9 Src\main.o
 .debug_abbrev  0x000027b3      0x14b Src\rtc.o
 .debug_abbrev  0x000028fe      0x1f5 Src\sd_diskio.o
 .debug_abbrev  0x00002af3      0x19d Src\sdmmc.o
 .debug_abbrev  0x00002c90      0x104 Src\stm32f7xx_hal_msp.o
 .debug_abbrev  0x00002d94      0x196 Src\stm32f7xx_it.o
 .debug_abbrev  0x00002f2a      0x271 Src\syscalls.o
 .debug_abbrev  0x0000319b      0x142 Src\system_stm32f7xx.o
 .debug_abbrev  0x000032dd      0x19d Src\usart.o
 .debug_abbrev  0x0000347a      0x2ec Src\user\can_transceiver_driver.o
 .debug_abbrev  0x00003766      0x1cd Src\user\fifo_queue.o
 .debug_abbrev  0x00003933      0x1e5 Src\user\fifo_queue_multiread.o
 .debug_abbrev  0x00003b18       0xe1 Src\user\fixed_point.o
 .debug_abbrev  0x00003bf9      0x2ae Src\user\gps_driver.o
 .debug_abbrev  0x00003ea7      0x1f2 Src\user\gps_receiver.o
 .debug_abbrev  0x00004099      0x151 Src\user\led_driver.o
 .debug_abbrev  0x000041ea      0x117 Src\user\ms_timer_driver.o
 .debug_abbrev  0x00004301      0x181 Src\user\rtc_driver.o
 .debug_abbrev  0x00004482      0x1dd Src\user\string_operations.o
 .debug_abbrev  0x0000465f      0x2df Src\user\uart_driver.o
 .debug_abbrev  0x0000493e       0x12 startup\startup_stm32f767xx.o

.debug_aranges  0x00000000     0x15a8
 .debug_aranges
                0x00000000      0x110 Drivers\STM32F7xx_HAL_Driver\Src\stm32f7xx_hal.o
 .debug_aranges
                0x00000110      0x138 Drivers\STM32F7xx_HAL_Driver\Src\stm32f7xx_hal_can.o
 .debug_aranges
                0x00000248      0x118 Drivers\STM32F7xx_HAL_Driver\Src\stm32f7xx_hal_cortex.o
 .debug_aranges
                0x00000360       0x90 Drivers\STM32F7xx_HAL_Driver\Src\stm32f7xx_hal_dma.o
 .debug_aranges
                0x000003f0       0x58 Drivers\STM32F7xx_HAL_Driver\Src\stm32f7xx_hal_gpio.o
 .debug_aranges
                0x00000448       0xa0 Drivers\STM32F7xx_HAL_Driver\Src\stm32f7xx_hal_pwr.o
 .debug_aranges
                0x000004e8       0x80 Drivers\STM32F7xx_HAL_Driver\Src\stm32f7xx_hal_pwr_ex.o
 .debug_aranges
                0x00000568       0x88 Drivers\STM32F7xx_HAL_Driver\Src\stm32f7xx_hal_rcc.o
 .debug_aranges
                0x000005f0       0x50 Drivers\STM32F7xx_HAL_Driver\Src\stm32f7xx_hal_rcc_ex.o
 .debug_aranges
                0x00000640       0xb8 Drivers\STM32F7xx_HAL_Driver\Src\stm32f7xx_hal_rtc.o
 .debug_aranges
                0x000006f8      0x140 Drivers\STM32F7xx_HAL_Driver\Src\stm32f7xx_hal_rtc_ex.o
 .debug_aranges
                0x00000838      0x168 Drivers\STM32F7xx_HAL_Driver\Src\stm32f7xx_hal_sd.o
 .debug_aranges
                0x000009a0      0x1f8 Drivers\STM32F7xx_HAL_Driver\Src\stm32f7xx_hal_uart.o
 .debug_aranges
                0x00000b98      0x178 Drivers\STM32F7xx_HAL_Driver\Src\stm32f7xx_ll_sdmmc.o
 .debug_aranges
                0x00000d10       0x40 Middlewares\Third_Party\FatFs\src\ff_gen_drv.o
 .debug_aranges
                0x00000d50       0x98 Src\bsp_driver_sd.o
 .debug_aranges
                0x00000de8       0x30 Src\can.o
 .debug_aranges
                0x00000e18       0x28 Src\fatfs.o
 .debug_aranges
                0x00000e40       0x20 Src\gpio.o
 .debug_aranges
                0x00000e60       0x48 Src\main.o
 .debug_aranges
                0x00000ea8       0x30 Src\rtc.o
 .debug_aranges
                0x00000ed8       0x48 Src\sd_diskio.o
 .debug_aranges
                0x00000f20       0x30 Src\sdmmc.o
 .debug_aranges
                0x00000f50       0x20 Src\stm32f7xx_hal_msp.o
 .debug_aranges
                0x00000f70       0x98 Src\stm32f7xx_it.o
 .debug_aranges
                0x00001008       0xb0 Src\syscalls.o
 .debug_aranges
                0x000010b8       0x28 Src\system_stm32f7xx.o
 .debug_aranges
                0x000010e0       0x30 Src\usart.o
 .debug_aranges
                0x00001110       0x80 Src\user\can_transceiver_driver.o
 .debug_aranges
                0x00001190       0x50 Src\user\fifo_queue.o
 .debug_aranges
                0x000011e0       0x60 Src\user\fifo_queue_multiread.o
 .debug_aranges
                0x00001240       0x58 Src\user\fixed_point.o
 .debug_aranges
                0x00001298       0xd8 Src\user\gps_driver.o
 .debug_aranges
                0x00001370       0x40 Src\user\gps_receiver.o
 .debug_aranges
                0x000013b0       0x40 Src\user\led_driver.o
 .debug_aranges
                0x000013f0       0x40 Src\user\ms_timer_driver.o
 .debug_aranges
                0x00001430       0x48 Src\user\rtc_driver.o
 .debug_aranges
                0x00001478       0x58 Src\user\string_operations.o
 .debug_aranges
                0x000014d0       0xb0 Src\user\uart_driver.o
 .debug_aranges
                0x00001580       0x28 startup\startup_stm32f767xx.o

.debug_ranges   0x00000000     0x1330
 .debug_ranges  0x00000000      0x100 Drivers\STM32F7xx_HAL_Driver\Src\stm32f7xx_hal.o
 .debug_ranges  0x00000100      0x128 Drivers\STM32F7xx_HAL_Driver\Src\stm32f7xx_hal_can.o
 .debug_ranges  0x00000228      0x108 Drivers\STM32F7xx_HAL_Driver\Src\stm32f7xx_hal_cortex.o
 .debug_ranges  0x00000330       0x80 Drivers\STM32F7xx_HAL_Driver\Src\stm32f7xx_hal_dma.o
 .debug_ranges  0x000003b0       0x48 Drivers\STM32F7xx_HAL_Driver\Src\stm32f7xx_hal_gpio.o
 .debug_ranges  0x000003f8       0x90 Drivers\STM32F7xx_HAL_Driver\Src\stm32f7xx_hal_pwr.o
 .debug_ranges  0x00000488       0x70 Drivers\STM32F7xx_HAL_Driver\Src\stm32f7xx_hal_pwr_ex.o
 .debug_ranges  0x000004f8       0x78 Drivers\STM32F7xx_HAL_Driver\Src\stm32f7xx_hal_rcc.o
 .debug_ranges  0x00000570       0x40 Drivers\STM32F7xx_HAL_Driver\Src\stm32f7xx_hal_rcc_ex.o
 .debug_ranges  0x000005b0       0xa8 Drivers\STM32F7xx_HAL_Driver\Src\stm32f7xx_hal_rtc.o
 .debug_ranges  0x00000658      0x130 Drivers\STM32F7xx_HAL_Driver\Src\stm32f7xx_hal_rtc_ex.o
 .debug_ranges  0x00000788      0x158 Drivers\STM32F7xx_HAL_Driver\Src\stm32f7xx_hal_sd.o
 .debug_ranges  0x000008e0      0x1e8 Drivers\STM32F7xx_HAL_Driver\Src\stm32f7xx_hal_uart.o
 .debug_ranges  0x00000ac8      0x168 Drivers\STM32F7xx_HAL_Driver\Src\stm32f7xx_ll_sdmmc.o
 .debug_ranges  0x00000c30       0x30 Middlewares\Third_Party\FatFs\src\ff_gen_drv.o
 .debug_ranges  0x00000c60       0x88 Src\bsp_driver_sd.o
 .debug_ranges  0x00000ce8       0x20 Src\can.o
 .debug_ranges  0x00000d08       0x18 Src\fatfs.o
 .debug_ranges  0x00000d20       0x10 Src\gpio.o
 .debug_ranges  0x00000d30       0x38 Src\main.o
 .debug_ranges  0x00000d68       0x20 Src\rtc.o
 .debug_ranges  0x00000d88       0x38 Src\sd_diskio.o
 .debug_ranges  0x00000dc0       0x20 Src\sdmmc.o
 .debug_ranges  0x00000de0       0x10 Src\stm32f7xx_hal_msp.o
 .debug_ranges  0x00000df0       0x88 Src\stm32f7xx_it.o
 .debug_ranges  0x00000e78       0xa0 Src\syscalls.o
 .debug_ranges  0x00000f18       0x18 Src\system_stm32f7xx.o
 .debug_ranges  0x00000f30       0x20 Src\usart.o
 .debug_ranges  0x00000f50       0x70 Src\user\can_transceiver_driver.o
 .debug_ranges  0x00000fc0       0x40 Src\user\fifo_queue.o
 .debug_ranges  0x00001000       0x50 Src\user\fifo_queue_multiread.o
 .debug_ranges  0x00001050       0x48 Src\user\fixed_point.o
 .debug_ranges  0x00001098       0xc8 Src\user\gps_driver.o
 .debug_ranges  0x00001160       0x30 Src\user\gps_receiver.o
 .debug_ranges  0x00001190       0x30 Src\user\led_driver.o
 .debug_ranges  0x000011c0       0x30 Src\user\ms_timer_driver.o
 .debug_ranges  0x000011f0       0x38 Src\user\rtc_driver.o
 .debug_ranges  0x00001228       0x48 Src\user\string_operations.o
 .debug_ranges  0x00001270       0xa0 Src\user\uart_driver.o
 .debug_ranges  0x00001310       0x20 startup\startup_stm32f767xx.o

.debug_line     0x00000000     0xb0a3
 .debug_line    0x00000000      0x454 Drivers\STM32F7xx_HAL_Driver\Src\stm32f7xx_hal.o
 .debug_line    0x00000454      0x6f1 Drivers\STM32F7xx_HAL_Driver\Src\stm32f7xx_hal_can.o
 .debug_line    0x00000b45      0x553 Drivers\STM32F7xx_HAL_Driver\Src\stm32f7xx_hal_cortex.o
 .debug_line    0x00001098      0x505 Drivers\STM32F7xx_HAL_Driver\Src\stm32f7xx_hal_dma.o
 .debug_line    0x0000159d      0x43f Drivers\STM32F7xx_HAL_Driver\Src\stm32f7xx_hal_gpio.o
 .debug_line    0x000019dc      0x396 Drivers\STM32F7xx_HAL_Driver\Src\stm32f7xx_hal_pwr.o
 .debug_line    0x00001d72      0x363 Drivers\STM32F7xx_HAL_Driver\Src\stm32f7xx_hal_pwr_ex.o
 .debug_line    0x000020d5      0x50d Drivers\STM32F7xx_HAL_Driver\Src\stm32f7xx_hal_rcc.o
 .debug_line    0x000025e2      0x45f Drivers\STM32F7xx_HAL_Driver\Src\stm32f7xx_hal_rcc_ex.o
 .debug_line    0x00002a41      0x5c1 Drivers\STM32F7xx_HAL_Driver\Src\stm32f7xx_hal_rtc.o
 .debug_line    0x00003002      0x9aa Drivers\STM32F7xx_HAL_Driver\Src\stm32f7xx_hal_rtc_ex.o
 .debug_line    0x000039ac      0xa51 Drivers\STM32F7xx_HAL_Driver\Src\stm32f7xx_hal_sd.o
 .debug_line    0x000043fd      0xd54 Drivers\STM32F7xx_HAL_Driver\Src\stm32f7xx_hal_uart.o
 .debug_line    0x00005151      0x6ab Drivers\STM32F7xx_HAL_Driver\Src\stm32f7xx_ll_sdmmc.o
 .debug_line    0x000057fc      0x36e Middlewares\Third_Party\FatFs\src\ff_gen_drv.o
 .debug_line    0x00005b6a      0x359 Src\bsp_driver_sd.o
 .debug_line    0x00005ec3      0x279 Src\can.o
 .debug_line    0x0000613c      0x34d Src\fatfs.o
 .debug_line    0x00006489      0x1fd Src\gpio.o
 .debug_line    0x00006686      0x6c9 Src\main.o
 .debug_line    0x00006d4f      0x252 Src\rtc.o
 .debug_line    0x00006fa1      0x3d7 Src\sd_diskio.o
 .debug_line    0x00007378      0x29a Src\sdmmc.o
 .debug_line    0x00007612      0x1e7 Src\stm32f7xx_hal_msp.o
 .debug_line    0x000077f9      0x38f Src\stm32f7xx_it.o
 .debug_line    0x00007b88      0x3d8 Src\syscalls.o
 .debug_line    0x00007f60      0x20e Src\system_stm32f7xx.o
 .debug_line    0x0000816e      0x281 Src\usart.o
 .debug_line    0x000083ef      0x570 Src\user\can_transceiver_driver.o
 .debug_line    0x0000895f      0x2a5 Src\user\fifo_queue.o
 .debug_line    0x00008c04      0x34e Src\user\fifo_queue_multiread.o
 .debug_line    0x00008f52      0x255 Src\user\fixed_point.o
 .debug_line    0x000091a7      0x836 Src\user\gps_driver.o
 .debug_line    0x000099dd      0x3db Src\user\gps_receiver.o
 .debug_line    0x00009db8      0x27a Src\user\led_driver.o
 .debug_line    0x0000a032      0x263 Src\user\ms_timer_driver.o
 .debug_line    0x0000a295      0x346 Src\user\rtc_driver.o
 .debug_line    0x0000a5db      0x32e Src\user\string_operations.o
 .debug_line    0x0000a909      0x71b Src\user\uart_driver.o
 .debug_line    0x0000b024       0x7f startup\startup_stm32f767xx.o

.debug_str      0x00000000     0x88fe
 .debug_str     0x00000000      0xced Drivers\STM32F7xx_HAL_Driver\Src\stm32f7xx_hal.o
                                0xd5b (size before relaxing)
 .debug_str     0x00000ced      0x7b4 Drivers\STM32F7xx_HAL_Driver\Src\stm32f7xx_hal_can.o
                                0xb3a (size before relaxing)
 .debug_str     0x000014a1      0x5aa Drivers\STM32F7xx_HAL_Driver\Src\stm32f7xx_hal_cortex.o
                                0xf34 (size before relaxing)
 .debug_str     0x00001a4b      0x50f Drivers\STM32F7xx_HAL_Driver\Src\stm32f7xx_hal_dma.o
                                0x855 (size before relaxing)
 .debug_str     0x00001f5a      0x1a6 Drivers\STM32F7xx_HAL_Driver\Src\stm32f7xx_hal_gpio.o
                                0x5f8 (size before relaxing)
 .debug_str     0x00002100      0x22e Drivers\STM32F7xx_HAL_Driver\Src\stm32f7xx_hal_pwr.o
                                0x738 (size before relaxing)
 .debug_str     0x0000232e      0x1e4 Drivers\STM32F7xx_HAL_Driver\Src\stm32f7xx_hal_pwr_ex.o
                                0x73b (size before relaxing)
 .debug_str     0x00002512      0x305 Drivers\STM32F7xx_HAL_Driver\Src\stm32f7xx_hal_rcc.o
                                0x7b8 (size before relaxing)
 .debug_str     0x00002817      0x3fb Drivers\STM32F7xx_HAL_Driver\Src\stm32f7xx_hal_rcc_ex.o
                                0x828 (size before relaxing)
 .debug_str     0x00002c12      0x4ca Drivers\STM32F7xx_HAL_Driver\Src\stm32f7xx_hal_rtc.o
                                0x853 (size before relaxing)
 .debug_str     0x000030dc      0x5ba Drivers\STM32F7xx_HAL_Driver\Src\stm32f7xx_hal_rtc_ex.o
                                0xbe0 (size before relaxing)
 .debug_str     0x00003696      0xa0c Drivers\STM32F7xx_HAL_Driver\Src\stm32f7xx_hal_sd.o
                                0xfd8 (size before relaxing)
 .debug_str     0x000040a2      0x82b Drivers\STM32F7xx_HAL_Driver\Src\stm32f7xx_hal_uart.o
                                0xf34 (size before relaxing)
 .debug_str     0x000048cd      0x43c Drivers\STM32F7xx_HAL_Driver\Src\stm32f7xx_ll_sdmmc.o
                                0x8d5 (size before relaxing)
 .debug_str     0x00004d09      0x535 Middlewares\Third_Party\FatFs\src\ff_gen_drv.o
                                0x82e (size before relaxing)
 .debug_str     0x0000523e      0x150 Src\bsp_driver_sd.o
                                0x9e2 (size before relaxing)
 .debug_str     0x0000538e       0x2a Src\can.o
                                0xd44 (size before relaxing)
 .debug_str     0x000053b8      0x11b Src\fatfs.o
                                0x89e (size before relaxing)
 .debug_str     0x000054d3       0x1b Src\gpio.o
                                0x471 (size before relaxing)
 .debug_str     0x000054ee     0x17f5 Src\main.o
                               0x3747 (size before relaxing)
 .debug_str     0x00006ce3       0x23 Src\rtc.o
                                0x718 (size before relaxing)
 .debug_str     0x00006d06       0x60 Src\sd_diskio.o
                                0x84f (size before relaxing)
 .debug_str     0x00006d66       0x2a Src\sdmmc.o
                                0xf60 (size before relaxing)
 .debug_str     0x00006d90       0x1b Src\stm32f7xx_hal_msp.o