Archive member included to satisfy reference by file (symbol)

c:/program files (x86)/atollic/truestudio for stm32 9.2.0/armtools/bin/../lib/gcc/arm-atollic-eabi/6.3.1/../../../../arm-atollic-eabi/lib/armv7e-m/fpu/fpv5-d16\libc_nano.a(lib_a-errno.o)
                              Src\syscalls.o (__errno)
c:/program files (x86)/atollic/truestudio for stm32 9.2.0/armtools/bin/../lib/gcc/arm-atollic-eabi/6.3.1/../../../../arm-atollic-eabi/lib/armv7e-m/fpu/fpv5-d16\libc_nano.a(lib_a-impure.o)
                              c:/program files (x86)/atollic/truestudio for stm32 9.2.0/armtools/bin/../lib/gcc/arm-atollic-eabi/6.3.1/../../../../arm-atollic-eabi/lib/armv7e-m/fpu/fpv5-d16\libc_nano.a(lib_a-errno.o) (_impure_ptr)
c:/program files (x86)/atollic/truestudio for stm32 9.2.0/armtools/bin/../lib/gcc/arm-atollic-eabi/6.3.1/../../../../arm-atollic-eabi/lib/armv7e-m/fpu/fpv5-d16\libc_nano.a(lib_a-init.o)
                              startup\startup_stm32f767xx.o (__libc_init_array)
c:/program files (x86)/atollic/truestudio for stm32 9.2.0/armtools/bin/../lib/gcc/arm-atollic-eabi/6.3.1/../../../../arm-atollic-eabi/lib/armv7e-m/fpu/fpv5-d16\libc_nano.a(lib_a-memcpy-stub.o)
                              Src\sd_diskio.o (memcpy)
c:/program files (x86)/atollic/truestudio for stm32 9.2.0/armtools/bin/../lib/gcc/arm-atollic-eabi/6.3.1/../../../../arm-atollic-eabi/lib/armv7e-m/fpu/fpv5-d16\libc_nano.a(lib_a-memset.o)
                              Src\main.o (memset)
c:/program files (x86)/atollic/truestudio for stm32 9.2.0/armtools/bin/../lib/gcc/arm-atollic-eabi/6.3.1/../../../../arm-atollic-eabi/lib/armv7e-m/fpu/fpv5-d16\libc_nano.a(lib_a-sprintf.o)
                              Src\user\data_saver.o (sprintf)
c:/program files (x86)/atollic/truestudio for stm32 9.2.0/armtools/bin/../lib/gcc/arm-atollic-eabi/6.3.1/../../../../arm-atollic-eabi/lib/armv7e-m/fpu/fpv5-d16\libc_nano.a(lib_a-strcat.o)
                              Src\user\string_operations.o (strcat)
c:/program files (x86)/atollic/truestudio for stm32 9.2.0/armtools/bin/../lib/gcc/arm-atollic-eabi/6.3.1/../../../../arm-atollic-eabi/lib/armv7e-m/fpu/fpv5-d16\libc_nano.a(lib_a-strlen.o)
                              Src\user\file_system_wrapper.o (strlen)
c:/program files (x86)/atollic/truestudio for stm32 9.2.0/armtools/bin/../lib/gcc/arm-atollic-eabi/6.3.1/../../../../arm-atollic-eabi/lib/armv7e-m/fpu/fpv5-d16\libc_nano.a(lib_a-nano-svfprintf.o)
                              c:/program files (x86)/atollic/truestudio for stm32 9.2.0/armtools/bin/../lib/gcc/arm-atollic-eabi/6.3.1/../../../../arm-atollic-eabi/lib/armv7e-m/fpu/fpv5-d16\libc_nano.a(lib_a-sprintf.o) (_svfprintf_r)
c:/program files (x86)/atollic/truestudio for stm32 9.2.0/armtools/bin/../lib/gcc/arm-atollic-eabi/6.3.1/../../../../arm-atollic-eabi/lib/armv7e-m/fpu/fpv5-d16\libc_nano.a(lib_a-nano-vfprintf_i.o)
                              c:/program files (x86)/atollic/truestudio for stm32 9.2.0/armtools/bin/../lib/gcc/arm-atollic-eabi/6.3.1/../../../../arm-atollic-eabi/lib/armv7e-m/fpu/fpv5-d16\libc_nano.a(lib_a-nano-svfprintf.o) (_printf_i)
c:/program files (x86)/atollic/truestudio for stm32 9.2.0/armtools/bin/../lib/gcc/arm-atollic-eabi/6.3.1/../../../../arm-atollic-eabi/lib/armv7e-m/fpu/fpv5-d16\libc_nano.a(lib_a-memchr.o)
                              c:/program files (x86)/atollic/truestudio for stm32 9.2.0/armtools/bin/../lib/gcc/arm-atollic-eabi/6.3.1/../../../../arm-atollic-eabi/lib/armv7e-m/fpu/fpv5-d16\libc_nano.a(lib_a-nano-svfprintf.o) (memchr)
c:/program files (x86)/atollic/truestudio for stm32 9.2.0/armtools/bin/../lib/gcc/arm-atollic-eabi/6.3.1/../../../../arm-atollic-eabi/lib/armv7e-m/fpu/fpv5-d16\libc_nano.a(lib_a-memmove.o)
                              c:/program files (x86)/atollic/truestudio for stm32 9.2.0/armtools/bin/../lib/gcc/arm-atollic-eabi/6.3.1/../../../../arm-atollic-eabi/lib/armv7e-m/fpu/fpv5-d16\libc_nano.a(lib_a-nano-svfprintf.o) (memmove)
c:/program files (x86)/atollic/truestudio for stm32 9.2.0/armtools/bin/../lib/gcc/arm-atollic-eabi/6.3.1/../../../../arm-atollic-eabi/lib/armv7e-m/fpu/fpv5-d16\libc_nano.a(lib_a-nano-freer.o)
                              c:/program files (x86)/atollic/truestudio for stm32 9.2.0/armtools/bin/../lib/gcc/arm-atollic-eabi/6.3.1/../../../../arm-atollic-eabi/lib/armv7e-m/fpu/fpv5-d16\libc_nano.a(lib_a-nano-svfprintf.o) (_free_r)
c:/program files (x86)/atollic/truestudio for stm32 9.2.0/armtools/bin/../lib/gcc/arm-atollic-eabi/6.3.1/../../../../arm-atollic-eabi/lib/armv7e-m/fpu/fpv5-d16\libc_nano.a(lib_a-nano-mallocr.o)
                              c:/program files (x86)/atollic/truestudio for stm32 9.2.0/armtools/bin/../lib/gcc/arm-atollic-eabi/6.3.1/../../../../arm-atollic-eabi/lib/armv7e-m/fpu/fpv5-d16\libc_nano.a(lib_a-nano-svfprintf.o) (_malloc_r)
[...]
Memory Configuration

Name             Origin             Length             Attributes
RAM              0x20000000         0x00080000         xrw
FLASH            0x08000000         0x00200000         xr
*default*        0x00000000         0xffffffff

Linker script and memory map

LOAD c:/program files (x86)/atollic/truestudio for stm32 9.2.0/armtools/bin/../lib/gcc/arm-atollic-eabi/6.3.1/armv7e-m/fpu/fpv5-d16/crti.o
LOAD c:/program files (x86)/atollic/truestudio for stm32 9.2.0/armtools/bin/../lib/gcc/arm-atollic-eabi/6.3.1/armv7e-m/fpu/fpv5-d16/crtbegin.o
LOAD Drivers\STM32F7xx_HAL_Driver\Src\stm32f7xx_hal.o
LOAD Drivers\STM32F7xx_HAL_Driver\Src\stm32f7xx_hal_can.o
LOAD Drivers\STM32F7xx_HAL_Driver\Src\stm32f7xx_hal_cortex.o
LOAD Drivers\STM32F7xx_HAL_Driver\Src\stm32f7xx_hal_dma.o
LOAD Drivers\STM32F7xx_HAL_Driver\Src\stm32f7xx_hal_dma_ex.o
LOAD Drivers\STM32F7xx_HAL_Driver\Src\stm32f7xx_hal_exti.o
LOAD Drivers\STM32F7xx_HAL_Driver\Src\stm32f7xx_hal_flash.o
LOAD Drivers\STM32F7xx_HAL_Driver\Src\stm32f7xx_hal_flash_ex.o
LOAD Drivers\STM32F7xx_HAL_Driver\Src\stm32f7xx_hal_gpio.o
LOAD Drivers\STM32F7xx_HAL_Driver\Src\stm32f7xx_hal_i2c.o
LOAD Drivers\STM32F7xx_HAL_Driver\Src\stm32f7xx_hal_i2c_ex.o
LOAD Drivers\STM32F7xx_HAL_Driver\Src\stm32f7xx_hal_pwr.o
LOAD Drivers\STM32F7xx_HAL_Driver\Src\stm32f7xx_hal_pwr_ex.o
LOAD Drivers\STM32F7xx_HAL_Driver\Src\stm32f7xx_hal_rcc.o
LOAD Drivers\STM32F7xx_HAL_Driver\Src\stm32f7xx_hal_rcc_ex.o
LOAD Drivers\STM32F7xx_HAL_Driver\Src\stm32f7xx_hal_rtc.o
LOAD Drivers\STM32F7xx_HAL_Driver\Src\stm32f7xx_hal_rtc_ex.o
LOAD Drivers\STM32F7xx_HAL_Driver\Src\stm32f7xx_hal_sd.o
LOAD Drivers\STM32F7xx_HAL_Driver\Src\stm32f7xx_hal_tim.o
LOAD Drivers\STM32F7xx_HAL_Driver\Src\stm32f7xx_hal_tim_ex.o
LOAD Drivers\STM32F7xx_HAL_Driver\Src\stm32f7xx_hal_uart.o
LOAD Drivers\STM32F7xx_HAL_Driver\Src\stm32f7xx_ll_sdmmc.o
LOAD Middlewares\Third_Party\FatFs\src\diskio.o
LOAD Middlewares\Third_Party\FatFs\src\ff.o
LOAD Middlewares\Third_Party\FatFs\src\ff_gen_drv.o
LOAD Middlewares\Third_Party\FatFs\src\option\ccsbcs.o
LOAD Middlewares\Third_Party\FatFs\src\option\syscall.o
LOAD Src\bsp_driver_sd.o
LOAD Src\can.o
LOAD Src\dma.o
LOAD Src\fatfs.o
LOAD Src\gfxsimulator.o
LOAD Src\gpio.o
LOAD Src\main.o
LOAD Src\rtc.o
LOAD Src\sd_diskio.o
LOAD Src\sdmmc.o
LOAD Src\stm32f7xx_hal_msp.o
LOAD Src\stm32f7xx_it.o
LOAD Src\syscalls.o
LOAD Src\system_stm32f7xx.o
LOAD Src\usart.o
LOAD Src\user\action_scheduler.o
LOAD Src\user\can_receiver.o
LOAD Src\user\can_transceiver_driver.o
LOAD Src\user\config.o
LOAD Src\user\data_saver.o
LOAD Src\user\do_driver.o
LOAD Src\user\fifo_queue.o
LOAD Src\user\fifo_queue_multiread.o
LOAD Src\user\file_reading_buffer.o
LOAD Src\user\file_system_wrapper.o
LOAD Src\user\file_writing_buffer.o
LOAD Src\user\fixed_point.o
LOAD Src\user\led_driver.o
LOAD Src\user\ms_timer_driver.o
LOAD Src\user\rtc_driver.o
LOAD Src\user\sim28_gps_driver.o
LOAD Src\user\string_operations.o
LOAD Src\user\uart_driver.o
LOAD Src\user\uart_receiver_start_length.o
LOAD Src\user\uart_receiver_start_term.o
LOAD Src\user\ublox_m8_gps_driver.o
LOAD startup\startup_stm32f767xx.o
                0x00000080                malloc_getpagesize_P = 0x80
START GROUP
LOAD c:/program files (x86)/atollic/truestudio for stm32 9.2.0/armtools/bin/../lib/gcc/arm-atollic-eabi/6.3.1/../../../../arm-atollic-eabi/lib/armv7e-m/fpu/fpv5-d16\libc_nano.a
LOAD c:/program files (x86)/atollic/truestudio for stm32 9.2.0/armtools/bin/../lib/gcc/arm-atollic-eabi/6.3.1/../../../../arm-atollic-eabi/lib/armv7e-m/fpu/fpv5-d16\libm.a
END GROUP
START GROUP
LOAD c:/program files (x86)/atollic/truestudio for stm32 9.2.0/armtools/bin/../lib/gcc/arm-atollic-eabi/6.3.1/armv7e-m/fpu/fpv5-d16\libgcc.a
LOAD c:/program files (x86)/atollic/truestudio for stm32 9.2.0/armtools/bin/../lib/gcc/arm-atollic-eabi/6.3.1/../../../../arm-atollic-eabi/lib/armv7e-m/fpu/fpv5-d16\libc_nano.a
END GROUP
START GROUP
LOAD c:/program files (x86)/atollic/truestudio for stm32 9.2.0/armtools/bin/../lib/gcc/arm-atollic-eabi/6.3.1/armv7e-m/fpu/fpv5-d16\libgcc.a
LOAD c:/program files (x86)/atollic/truestudio for stm32 9.2.0/armtools/bin/../lib/gcc/arm-atollic-eabi/6.3.1/../../../../arm-atollic-eabi/lib/armv7e-m/fpu/fpv5-d16\libc_nano.a
LOAD c:/program files (x86)/atollic/truestudio for stm32 9.2.0/armtools/bin/../lib/gcc/arm-atollic-eabi/6.3.1/../../../../arm-atollic-eabi/lib/armv7e-m/fpu/fpv5-d16\libnosys.a
END GROUP
START GROUP
LOAD c:/program files (x86)/atollic/truestudio for stm32 9.2.0/armtools/bin/../lib/gcc/arm-atollic-eabi/6.3.1/armv7e-m/fpu/fpv5-d16\libgcc.a
LOAD c:/program files (x86)/atollic/truestudio for stm32 9.2.0/armtools/bin/../lib/gcc/arm-atollic-eabi/6.3.1/../../../../arm-atollic-eabi/lib/armv7e-m/fpu/fpv5-d16\libc_nano.a
LOAD c:/program files (x86)/atollic/truestudio for stm32 9.2.0/armtools/bin/../lib/gcc/arm-atollic-eabi/6.3.1/../../../../arm-atollic-eabi/lib/armv7e-m/fpu/fpv5-d16\libnosys.a
END GROUP
LOAD c:/program files (x86)/atollic/truestudio for stm32 9.2.0/armtools/bin/../lib/gcc/arm-atollic-eabi/6.3.1/armv7e-m/fpu/fpv5-d16/crtend.o
LOAD c:/program files (x86)/atollic/truestudio for stm32 9.2.0/armtools/bin/../lib/gcc/arm-atollic-eabi/6.3.1/armv7e-m/fpu/fpv5-d16/crtn.o
                0x20080000                _estack = 0x20080000
                0x00000200                _Min_Heap_Size = 0x200
                0x00060000                _Min_Stack_Size = 0x60000

.isr_vector     0x08000000      0x1f8
                0x08000000                . = ALIGN (0x4)
 *(.isr_vector)
 .isr_vector    0x08000000      0x1f8 startup\startup_stm32f767xx.o
                0x08000000                g_pfnVectors
                0x080001f8                . = ALIGN (0x4)

.text           0x08000200    0x10eb4
                0x08000200                . = ALIGN (0x4)
 *(.text)
 .text          0x08000200       0x40 c:/program files (x86)/atollic/truestudio for stm32 9.2.0/armtools/bin/../lib/gcc/arm-atollic-eabi/6.3.1/armv7e-m/fpu/fpv5-d16/crtbegin.o
 .text          0x08000240       0x10 c:/program files (x86)/atollic/truestudio for stm32 9.2.0/armtools/bin/../lib/gcc/arm-atollic-eabi/6.3.1/../../../../arm-atollic-eabi/lib/armv7e-m/fpu/fpv5-d16\libc_nano.a(lib_a-strlen.o)
                0x08000240                strlen
 .text          0x08000250       0xa0 c:/program files (x86)/atollic/truestudio for stm32 9.2.0/armtools/bin/../lib/gcc/arm-atollic-eabi/6.3.1/../../../../arm-atollic-eabi/lib/armv7e-m/fpu/fpv5-d16\libc_nano.a(lib_a-memchr.o)
                0x08000250                memchr
 .text          0x080002f0       0x30 c:/program files (x86)/atollic/truestudio for stm32 9.2.0/armtools/bin/../lib/gcc/arm-atollic-eabi/6.3.1/armv7e-m/fpu/fpv5-d16\libgcc.a(_aeabi_uldivmod.o)
                0x080002f0                __aeabi_uldivmod
 .text          0x08000320      0x2dc c:/program files (x86)/atollic/truestudio for stm32 9.2.0/armtools/bin/../lib/gcc/arm-atollic-eabi/6.3.1/armv7e-m/fpu/fpv5-d16\libgcc.a(_udivmoddi4.o)
                0x08000320                __udivmoddi4
 .text          0x080005fc        0x4 c:/program files (x86)/atollic/truestudio for stm32 9.2.0/armtools/bin/../lib/gcc/arm-atollic-eabi/6.3.1/armv7e-m/fpu/fpv5-d16\libgcc.a(_dvmd_tls.o)
                0x080005fc                __aeabi_idiv0
                0x080005fc                __aeabi_ldiv0
 *(.text*)
 .text.HAL_Init
                0x08000600       0x1a Drivers\STM32F7xx_HAL_Driver\Src\stm32f7xx_hal.o
                0x08000600                HAL_Init
 *fill*         0x0800061a        0x2 
 .text.HAL_InitTick
                0x0800061c       0x60 Drivers\STM32F7xx_HAL_Driver\Src\stm32f7xx_hal.o
                0x0800061c                HAL_InitTick
 .text.HAL_IncTick
                0x0800067c       0x28 Drivers\STM32F7xx_HAL_Driver\Src\stm32f7xx_hal.o
                0x0800067c                HAL_IncTick
 .text.HAL_GetTick
                0x080006a4       0x18 Drivers\STM32F7xx_HAL_Driver\Src\stm32f7xx_hal.o
                0x080006a4                HAL_GetTick
 .text.HAL_Delay
                0x080006bc       0x44 Drivers\STM32F7xx_HAL_Driver\Src\stm32f7xx_hal.o
                0x080006bc                HAL_Delay
 .text.HAL_CAN_Init
                0x08000700      0x1f4 Drivers\STM32F7xx_HAL_Driver\Src\stm32f7xx_hal_can.o
                0x08000700                HAL_CAN_Init
 .text.HAL_CAN_ConfigFilter
                0x080008f4      0x1d8 Drivers\STM32F7xx_HAL_Driver\Src\stm32f7xx_hal_can.o
                0x080008f4                HAL_CAN_ConfigFilter
 .text.HAL_CAN_Start
                0x08000acc       0x88 Drivers\STM32F7xx_HAL_Driver\Src\stm32f7xx_hal_can.o
                0x08000acc                HAL_CAN_Start
 .text.HAL_CAN_GetRxMessage
                0x08000b54      0x226 Drivers\STM32F7xx_HAL_Driver\Src\stm32f7xx_hal_can.o
                0x08000b54                HAL_CAN_GetRxMessage
 .text.HAL_CAN_ActivateNotification
                0x08000d7a       0x4c Drivers\STM32F7xx_HAL_Driver\Src\stm32f7xx_hal_can.o
                0x08000d7a                HAL_CAN_ActivateNotification
 .text.HAL_CAN_IRQHandler
                0x08000dc6      0x362 Drivers\STM32F7xx_HAL_Driver\Src\stm32f7xx_hal_can.o
                0x08000dc6                HAL_CAN_IRQHandler
 .text.HAL_CAN_TxMailbox0CompleteCallback
                0x08001128       0x14 Drivers\STM32F7xx_HAL_Driver\Src\stm32f7xx_hal_can.o
                0x08001128                HAL_CAN_TxMailbox0CompleteCallback
 .text.HAL_CAN_TxMailbox1CompleteCallback
                0x0800113c       0x14 Drivers\STM32F7xx_HAL_Driver\Src\stm32f7xx_hal_can.o
                0x0800113c                HAL_CAN_TxMailbox1CompleteCallback
 .text.HAL_CAN_TxMailbox2CompleteCallback
                0x08001150       0x14 Drivers\STM32F7xx_HAL_Driver\Src\stm32f7xx_hal_can.o
                0x08001150                HAL_CAN_TxMailbox2CompleteCallback
 .text.HAL_CAN_TxMailbox0AbortCallback
                0x08001164       0x14 Drivers\STM32F7xx_HAL_Driver\Src\stm32f7xx_hal_can.o
                0x08001164                HAL_CAN_TxMailbox0AbortCallback
 .text.HAL_CAN_TxMailbox1AbortCallback
                0x08001178       0x14 Drivers\STM32F7xx_HAL_Driver\Src\stm32f7xx_hal_can.o
                0x08001178                HAL_CAN_TxMailbox1AbortCallback
 .text.HAL_CAN_TxMailbox2AbortCallback
                0x0800118c       0x14 Drivers\STM32F7xx_HAL_Driver\Src\stm32f7xx_hal_can.o
                0x0800118c                HAL_CAN_TxMailbox2AbortCallback
 .text.HAL_CAN_RxFifo0FullCallback
                0x080011a0       0x14 Drivers\STM32F7xx_HAL_Driver\Src\stm32f7xx_hal_can.o
                0x080011a0                HAL_CAN_RxFifo0FullCallback
 .text.HAL_CAN_RxFifo1FullCallback
                0x080011b4       0x14 Drivers\STM32F7xx_HAL_Driver\Src\stm32f7xx_hal_can.o
                0x080011b4                HAL_CAN_RxFifo1FullCallback
 .text.HAL_CAN_SleepCallback
                0x080011c8       0x14 Drivers\STM32F7xx_HAL_Driver\Src\stm32f7xx_hal_can.o
                0x080011c8                HAL_CAN_SleepCallback
 .text.HAL_CAN_WakeUpFromRxMsgCallback
                0x080011dc       0x14 Drivers\STM32F7xx_HAL_Driver\Src\stm32f7xx_hal_can.o
                0x080011dc                HAL_CAN_WakeUpFromRxMsgCallback
 .text.HAL_CAN_GetError
                0x080011f0       0x18 Drivers\STM32F7xx_HAL_Driver\Src\stm32f7xx_hal_can.o
                0x080011f0                HAL_CAN_GetError
 .text.HAL_CAN_ResetError
                0x08001208       0x46 Drivers\STM32F7xx_HAL_Driver\Src\stm32f7xx_hal_can.o
                0x08001208                HAL_CAN_ResetError
 *fill*         0x0800124e        0x2 
 .text.__NVIC_SetPriorityGrouping
                0x08001250       0x48 Drivers\STM32F7xx_HAL_Driver\Src\stm32f7xx_hal_cortex.o
 .text.__NVIC_GetPriorityGrouping
                0x08001298       0x1c Drivers\STM32F7xx_HAL_Driver\Src\stm32f7xx_hal_cortex.o
 .text.__NVIC_EnableIRQ
                0x080012b4       0x3c Drivers\STM32F7xx_HAL_Driver\Src\stm32f7xx_hal_cortex.o
 .text.__NVIC_SetPriority
                0x080012f0       0x54 Drivers\STM32F7xx_HAL_Driver\Src\stm32f7xx_hal_cortex.o
 .text.NVIC_EncodePriority
                0x08001344       0x62 Drivers\STM32F7xx_HAL_Driver\Src\stm32f7xx_hal_cortex.o
 *fill*         0x080013a6        0x2 
 .text.SysTick_Config
                0x080013a8       0x44 Drivers\STM32F7xx_HAL_Driver\Src\stm32f7xx_hal_cortex.o
 .text.HAL_NVIC_SetPriorityGrouping
                0x080013ec       0x16 Drivers\STM32F7xx_HAL_Driver\Src\stm32f7xx_hal_cortex.o
                0x080013ec                HAL_NVIC_SetPriorityGrouping
 .text.HAL_NVIC_SetPriority
                0x08001402       0x38 Drivers\STM32F7xx_HAL_Driver\Src\stm32f7xx_hal_cortex.o
                0x08001402                HAL_NVIC_SetPriority
 .text.HAL_NVIC_EnableIRQ
                0x0800143a       0x1c Drivers\STM32F7xx_HAL_Driver\Src\stm32f7xx_hal_cortex.o
                0x0800143a                HAL_NVIC_EnableIRQ
 .text.HAL_SYSTICK_Config
                0x08001456       0x18 Drivers\STM32F7xx_HAL_Driver\Src\stm32f7xx_hal_cortex.o
                0x08001456                HAL_SYSTICK_Config
 .text.HAL_SYSTICK_IRQHandler
                0x0800146e        0xc Drivers\STM32F7xx_HAL_Driver\Src\stm32f7xx_hal_cortex.o
                0x0800146e                HAL_SYSTICK_IRQHandler
 *fill*         0x0800147a        0x2 
 .text.HAL_DMA_Init
                0x0800147c      0x15c Drivers\STM32F7xx_HAL_Driver\Src\stm32f7xx_hal_dma.o
                0x0800147c                HAL_DMA_Init
 .text.HAL_DMA_Start_IT
                0x080015d8       0xc0 Drivers\STM32F7xx_HAL_Driver\Src\stm32f7xx_hal_dma.o
                0x080015d8                HAL_DMA_Start_IT
 .text.HAL_DMA_Abort_IT
                0x08001698       0x44 Drivers\STM32F7xx_HAL_Driver\Src\stm32f7xx_hal_dma.o
                0x08001698                HAL_DMA_Abort_IT
 .text.HAL_DMA_IRQHandler
                0x080016dc      0x314 Drivers\STM32F7xx_HAL_Driver\Src\stm32f7xx_hal_dma.o
                0x080016dc                HAL_DMA_IRQHandler
 .text.HAL_DMA_GetError
                0x080019f0       0x18 Drivers\STM32F7xx_HAL_Driver\Src\stm32f7xx_hal_dma.o
                0x080019f0                HAL_DMA_GetError
 .text.DMA_SetConfig
                0x08001a08       0x5c Drivers\STM32F7xx_HAL_Driver\Src\stm32f7xx_hal_dma.o
 .text.DMA_CalcBaseAndBitshift
                0x08001a64       0x6c Drivers\STM32F7xx_HAL_Driver\Src\stm32f7xx_hal_dma.o
 .text.DMA_CheckFifoParam
                0x08001ad0       0xf4 Drivers\STM32F7xx_HAL_Driver\Src\stm32f7xx_hal_dma.o
 .text.HAL_GPIO_Init
                0x08001bc4      0x354 Drivers\STM32F7xx_HAL_Driver\Src\stm32f7xx_hal_gpio.o
                0x08001bc4                HAL_GPIO_Init
 .text.HAL_GPIO_WritePin
                0x08001f18       0x32 Drivers\STM32F7xx_HAL_Driver\Src\stm32f7xx_hal_gpio.o
                0x08001f18                HAL_GPIO_WritePin
 *fill*         0x08001f4a        0x2 
 .text.HAL_PWR_EnableBkUpAccess
                0x08001f4c       0x20 Drivers\STM32F7xx_HAL_Driver\Src\stm32f7xx_hal_pwr.o
                0x08001f4c                HAL_PWR_EnableBkUpAccess
 .text.HAL_PWR_DisableBkUpAccess
                0x08001f6c       0x20 Drivers\STM32F7xx_HAL_Driver\Src\stm32f7xx_hal_pwr.o
                0x08001f6c                HAL_PWR_DisableBkUpAccess
 .text.HAL_PWREx_EnableOverDrive
                0x08001f8c       0xa0 Drivers\STM32F7xx_HAL_Driver\Src\stm32f7xx_hal_pwr_ex.o
                0x08001f8c                HAL_PWREx_EnableOverDrive
 .text.HAL_RCC_OscConfig
                0x0800202c      0x4e4 Drivers\STM32F7xx_HAL_Driver\Src\stm32f7xx_hal_rcc.o
                0x0800202c                HAL_RCC_OscConfig
 .text.HAL_RCC_ClockConfig
                0x08002510      0x1d0 Drivers\STM32F7xx_HAL_Driver\Src\stm32f7xx_hal_rcc.o
                0x08002510                HAL_RCC_ClockConfig
 .text.HAL_RCC_GetSysClockFreq
                0x080026e0      0x1ac Drivers\STM32F7xx_HAL_Driver\Src\stm32f7xx_hal_rcc.o
                0x080026e0                HAL_RCC_GetSysClockFreq
 .text.HAL_RCC_GetHCLKFreq
                0x0800288c       0x18 Drivers\STM32F7xx_HAL_Driver\Src\stm32f7xx_hal_rcc.o
                0x0800288c                HAL_RCC_GetHCLKFreq
 .text.HAL_RCC_GetPCLK1Freq
                0x080028a4       0x28 Drivers\STM32F7xx_HAL_Driver\Src\stm32f7xx_hal_rcc.o
                0x080028a4                HAL_RCC_GetPCLK1Freq
 .text.HAL_RCC_GetPCLK2Freq
                0x080028cc       0x28 Drivers\STM32F7xx_HAL_Driver\Src\stm32f7xx_hal_rcc.o
                0x080028cc                HAL_RCC_GetPCLK2Freq
 .text.HAL_RCCEx_PeriphCLKConfig
                0x080028f4      0x84c Drivers\STM32F7xx_HAL_Driver\Src\stm32f7xx_hal_rcc_ex.o
                0x080028f4                HAL_RCCEx_PeriphCLKConfig
 .text.HAL_RTC_Init
                0x08003140       0xf8 Drivers\STM32F7xx_HAL_Driver\Src\stm32f7xx_hal_rtc.o
                0x08003140                HAL_RTC_Init
 .text.HAL_RTC_SetTime
                0x08003238      0x17c Drivers\STM32F7xx_HAL_Driver\Src\stm32f7xx_hal_rtc.o
                0x08003238                HAL_RTC_SetTime
 .text.HAL_RTC_GetTime
                0x080033b4       0xbc Drivers\STM32F7xx_HAL_Driver\Src\stm32f7xx_hal_rtc.o
                0x080033b4                HAL_RTC_GetTime
 .text.HAL_RTC_SetDate
                0x08003470      0x150 Drivers\STM32F7xx_HAL_Driver\Src\stm32f7xx_hal_rtc.o
                0x08003470                HAL_RTC_SetDate
 .text.HAL_RTC_GetDate
                0x080035c0       0xa0 Drivers\STM32F7xx_HAL_Driver\Src\stm32f7xx_hal_rtc.o
                0x080035c0                HAL_RTC_GetDate
 .text.HAL_RTC_WaitForSynchro
                0x08003660       0x50 Drivers\STM32F7xx_HAL_Driver\Src\stm32f7xx_hal_rtc.o
                0x08003660                HAL_RTC_WaitForSynchro
 .text.RTC_EnterInitMode
                0x080036b0       0x58 Drivers\STM32F7xx_HAL_Driver\Src\stm32f7xx_hal_rtc.o
                0x080036b0                RTC_EnterInitMode
 .text.RTC_ByteToBcd2
                0x08003708       0x3c Drivers\STM32F7xx_HAL_Driver\Src\stm32f7xx_hal_rtc.o
                0x08003708                RTC_ByteToBcd2
 .text.RTC_Bcd2ToByte
                0x08003744       0x3c Drivers\STM32F7xx_HAL_Driver\Src\stm32f7xx_hal_rtc.o
                0x08003744                RTC_Bcd2ToByte
 .text.HAL_RTCEx_BKUPWrite
                0x08003780       0x34 Drivers\STM32F7xx_HAL_Driver\Src\stm32f7xx_hal_rtc_ex.o
                0x08003780                HAL_RTCEx_BKUPWrite
 .text.HAL_RTCEx_BKUPRead
                0x080037b4       0x30 Drivers\STM32F7xx_HAL_Driver\Src\stm32f7xx_hal_rtc_ex.o
                0x080037b4                HAL_RTCEx_BKUPRead
 .text.HAL_SD_Init
                0x080037e4       0x56 Drivers\STM32F7xx_HAL_Driver\Src\stm32f7xx_hal_sd.o
                0x080037e4                HAL_SD_Init
 .text.HAL_SD_InitCard
                0x0800383a       0xc8 Drivers\STM32F7xx_HAL_Driver\Src\stm32f7xx_hal_sd.o
                0x0800383a                HAL_SD_InitCard
 *fill*         0x08003902        0x2 
 .text.HAL_SD_ReadBlocks_DMA
                0x08003904      0x19c Drivers\STM32F7xx_HAL_Driver\Src\stm32f7xx_hal_sd.o
                0x08003904                HAL_SD_ReadBlocks_DMA
 .text.HAL_SD_WriteBlocks_DMA
                0x08003aa0      0x19c Drivers\STM32F7xx_HAL_Driver\Src\stm32f7xx_hal_sd.o
                0x08003aa0                HAL_SD_WriteBlocks_DMA
 .text.HAL_SD_IRQHandler
                0x08003c3c      0x2a8 Drivers\STM32F7xx_HAL_Driver\Src\stm32f7xx_hal_sd.o
                0x08003c3c                HAL_SD_IRQHandler
 .text.HAL_SD_ErrorCallback
                0x08003ee4       0x14 Drivers\STM32F7xx_HAL_Driver\Src\stm32f7xx_hal_sd.o
                0x08003ee4                HAL_SD_ErrorCallback
 .text.HAL_SD_GetCardCSD
                0x08003ef8      0x456 Drivers\STM32F7xx_HAL_Driver\Src\stm32f7xx_hal_sd.o
                0x08003ef8                HAL_SD_GetCardCSD
 .text.HAL_SD_GetCardInfo
                0x0800434e       0x58 Drivers\STM32F7xx_HAL_Driver\Src\stm32f7xx_hal_sd.o
                0x0800434e                HAL_SD_GetCardInfo
 .text.HAL_SD_GetCardState
                0x080043a6       0x4a Drivers\STM32F7xx_HAL_Driver\Src\stm32f7xx_hal_sd.o
                0x080043a6                HAL_SD_GetCardState
 .text.SD_DMATransmitCplt
                0x080043f0       0x2a Drivers\STM32F7xx_HAL_Driver\Src\stm32f7xx_hal_sd.o
 .text.SD_DMAReceiveCplt
                0x0800441a       0x6e Drivers\STM32F7xx_HAL_Driver\Src\stm32f7xx_hal_sd.o
 .text.SD_DMAError
                0x08004488       0x96 Drivers\STM32F7xx_HAL_Driver\Src\stm32f7xx_hal_sd.o
 .text.SD_DMATxAbort
                0x0800451e       0x7c Drivers\STM32F7xx_HAL_Driver\Src\stm32f7xx_hal_sd.o
 .text.SD_DMARxAbort
                0x0800459a       0x7c Drivers\STM32F7xx_HAL_Driver\Src\stm32f7xx_hal_sd.o
 .text.SD_InitCard
                0x08004616      0x192 Drivers\STM32F7xx_HAL_Driver\Src\stm32f7xx_hal_sd.o
 .text.SD_PowerON
                0x080047a8      0x150 Drivers\STM32F7xx_HAL_Driver\Src\stm32f7xx_hal_sd.o
 .text.SD_SendStatus
                0x080048f8       0x54 Drivers\STM32F7xx_HAL_Driver\Src\stm32f7xx_hal_sd.o
 .text.SD_Read_IT
                0x0800494c       0x50 Drivers\STM32F7xx_HAL_Driver\Src\stm32f7xx_hal_sd.o
 .text.SD_Write_IT
                0x0800499c       0x4c Drivers\STM32F7xx_HAL_Driver\Src\stm32f7xx_hal_sd.o
 .text.HAL_UART_Init
                0x080049e8       0x9c Drivers\STM32F7xx_HAL_Driver\Src\stm32f7xx_hal_uart.o
                0x080049e8                HAL_UART_Init
 .text.HAL_UART_Receive_IT
                0x08004a84      0x144 Drivers\STM32F7xx_HAL_Driver\Src\stm32f7xx_hal_uart.o
                0x08004a84                HAL_UART_Receive_IT
 .text.HAL_UART_Transmit_DMA
                0x08004bc8       0xf8 Drivers\STM32F7xx_HAL_Driver\Src\stm32f7xx_hal_uart.o
                0x08004bc8                HAL_UART_Transmit_DMA
 .text.HAL_UART_IRQHandler
                0x08004cc0      0x238 Drivers\STM32F7xx_HAL_Driver\Src\stm32f7xx_hal_uart.o
                0x08004cc0                HAL_UART_IRQHandler
 .text.HAL_UART_TxHalfCpltCallback
                0x08004ef8       0x14 Drivers\STM32F7xx_HAL_Driver\Src\stm32f7xx_hal_uart.o
                0x08004ef8                HAL_UART_TxHalfCpltCallback
 .text.HAL_UART_GetState
                0x08004f0c       0x26 Drivers\STM32F7xx_HAL_Driver\Src\stm32f7xx_hal_uart.o
                0x08004f0c                HAL_UART_GetState
 *fill*         0x08004f32        0x2 
 .text.UART_SetConfig
                0x08004f34      0x548 Drivers\STM32F7xx_HAL_Driver\Src\stm32f7xx_hal_uart.o
                0x08004f34                UART_SetConfig
 .text.UART_AdvFeatureConfig
                0x0800547c      0x144 Drivers\STM32F7xx_HAL_Driver\Src\stm32f7xx_hal_uart.o
                0x0800547c                UART_AdvFeatureConfig
 .text.UART_CheckIdleState
                0x080055c0       0x5e Drivers\STM32F7xx_HAL_Driver\Src\stm32f7xx_hal_uart.o
                0x080055c0                UART_CheckIdleState
 .text.UART_WaitOnFlagUntilTimeout
                0x0800561e       0x90 Drivers\STM32F7xx_HAL_Driver\Src\stm32f7xx_hal_uart.o
                0x0800561e                UART_WaitOnFlagUntilTimeout
 .text.UART_EndTxTransfer
                0x080056ae       0x2a Drivers\STM32F7xx_HAL_Driver\Src\stm32f7xx_hal_uart.o
 .text.UART_EndRxTransfer
                0x080056d8       0x40 Drivers\STM32F7xx_HAL_Driver\Src\stm32f7xx_hal_uart.o
 .text.UART_DMATransmitCplt
                0x08005718       0x50 Drivers\STM32F7xx_HAL_Driver\Src\stm32f7xx_hal_uart.o
 .text.UART_DMATxHalfCplt
                0x08005768       0x1c Drivers\STM32F7xx_HAL_Driver\Src\stm32f7xx_hal_uart.o
 .text.UART_DMAError
                0x08005784       0x78 Drivers\STM32F7xx_HAL_Driver\Src\stm32f7xx_hal_uart.o
 .text.UART_DMAAbortOnError
                0x080057fc       0x2c Drivers\STM32F7xx_HAL_Driver\Src\stm32f7xx_hal_uart.o
 .text.UART_EndTransmit_IT
                0x08005828       0x32 Drivers\STM32F7xx_HAL_Driver\Src\stm32f7xx_hal_uart.o
 .text.UART_RxISR_8BIT
                0x0800585a       0xa6 Drivers\STM32F7xx_HAL_Driver\Src\stm32f7xx_hal_uart.o
 .text.UART_RxISR_16BIT
                0x08005900       0xa6 Drivers\STM32F7xx_HAL_Driver\Src\stm32f7xx_hal_uart.o
 *fill*         0x080059a6        0x2 
 .text.SDMMC_Init
                0x080059a8       0x58 Drivers\STM32F7xx_HAL_Driver\Src\stm32f7xx_ll_sdmmc.o
                0x080059a8                SDMMC_Init
 .text.SDMMC_ReadFIFO
                0x08005a00       0x1a Drivers\STM32F7xx_HAL_Driver\Src\stm32f7xx_ll_sdmmc.o
                0x08005a00                SDMMC_ReadFIFO
 .text.SDMMC_WriteFIFO
                0x08005a1a       0x22 Drivers\STM32F7xx_HAL_Driver\Src\stm32f7xx_ll_sdmmc.o
                0x08005a1a                SDMMC_WriteFIFO
 .text.SDMMC_PowerState_ON
                0x08005a3c       0x1c Drivers\STM32F7xx_HAL_Driver\Src\stm32f7xx_ll_sdmmc.o
                0x08005a3c                SDMMC_PowerState_ON
 .text.SDMMC_GetPowerState
                0x08005a58       0x1c Drivers\STM32F7xx_HAL_Driver\Src\stm32f7xx_ll_sdmmc.o
                0x08005a58                SDMMC_GetPowerState
 .text.SDMMC_SendCommand
                0x08005a74       0x54 Drivers\STM32F7xx_HAL_Driver\Src\stm32f7xx_ll_sdmmc.o
                0x08005a74                SDMMC_SendCommand
 .text.SDMMC_GetCommandResponse
                0x08005ac8       0x1a Drivers\STM32F7xx_HAL_Driver\Src\stm32f7xx_ll_sdmmc.o
                0x08005ac8                SDMMC_GetCommandResponse
 .text.SDMMC_GetResponse
                0x08005ae2       0x2a Drivers\STM32F7xx_HAL_Driver\Src\stm32f7xx_ll_sdmmc.o
                0x08005ae2                SDMMC_GetResponse
 .text.SDMMC_ConfigData
                0x08005b0c       0x58 Drivers\STM32F7xx_HAL_Driver\Src\stm32f7xx_ll_sdmmc.o
                0x08005b0c                SDMMC_ConfigData
 .text.SDMMC_CmdBlockLength
                0x08005b64       0x48 Drivers\STM32F7xx_HAL_Driver\Src\stm32f7xx_ll_sdmmc.o
                0x08005b64                SDMMC_CmdBlockLength
 .text.SDMMC_CmdReadSingleBlock
                0x08005bac       0x48 Drivers\STM32F7xx_HAL_Driver\Src\stm32f7xx_ll_sdmmc.o
                0x08005bac                SDMMC_CmdReadSingleBlock
 .text.SDMMC_CmdReadMultiBlock
                0x08005bf4       0x48 Drivers\STM32F7xx_HAL_Driver\Src\stm32f7xx_ll_sdmmc.o
                0x08005bf4                SDMMC_CmdReadMultiBlock
 .text.SDMMC_CmdWriteSingleBlock
                0x08005c3c       0x48 Drivers\STM32F7xx_HAL_Driver\Src\stm32f7xx_ll_sdmmc.o
                0x08005c3c                SDMMC_CmdWriteSingleBlock
 .text.SDMMC_CmdWriteMultiBlock
                0x08005c84       0x48 Drivers\STM32F7xx_HAL_Driver\Src\stm32f7xx_ll_sdmmc.o
                0x08005c84                SDMMC_CmdWriteMultiBlock
 .text.SDMMC_CmdStopTransfer
                0x08005ccc       0x48 Drivers\STM32F7xx_HAL_Driver\Src\stm32f7xx_ll_sdmmc.o
                0x08005ccc                SDMMC_CmdStopTransfer
 .text.SDMMC_CmdSelDesel
                0x08005d14       0x4a Drivers\STM32F7xx_HAL_Driver\Src\stm32f7xx_ll_sdmmc.o
                0x08005d14                SDMMC_CmdSelDesel
 .text.SDMMC_CmdGoIdleState
                0x08005d5e       0x40 Drivers\STM32F7xx_HAL_Driver\Src\stm32f7xx_ll_sdmmc.o
                0x08005d5e                SDMMC_CmdGoIdleState
 .text.SDMMC_CmdOperCond
                0x08005d9e       0x42 Drivers\STM32F7xx_HAL_Driver\Src\stm32f7xx_ll_sdmmc.o
                0x08005d9e                SDMMC_CmdOperCond
 .text.SDMMC_CmdAppCommand
                0x08005de0       0x48 Drivers\STM32F7xx_HAL_Driver\Src\stm32f7xx_ll_sdmmc.o
                0x08005de0                SDMMC_CmdAppCommand
 .text.SDMMC_CmdAppOperCommand
                0x08005e28       0x4c Drivers\STM32F7xx_HAL_Driver\Src\stm32f7xx_ll_sdmmc.o
                0x08005e28                SDMMC_CmdAppOperCommand
 .text.SDMMC_CmdSendCID
                0x08005e74       0x40 Drivers\STM32F7xx_HAL_Driver\Src\stm32f7xx_ll_sdmmc.o
                0x08005e74                SDMMC_CmdSendCID
 .text.SDMMC_CmdSendCSD
                0x08005eb4       0x42 Drivers\STM32F7xx_HAL_Driver\Src\stm32f7xx_ll_sdmmc.o
                0x08005eb4                SDMMC_CmdSendCSD
 .text.SDMMC_CmdSetRelAdd
                0x08005ef6       0x46 Drivers\STM32F7xx_HAL_Driver\Src\stm32f7xx_ll_sdmmc.o
                0x08005ef6                SDMMC_CmdSetRelAdd
 .text.SDMMC_CmdSendStatus
                0x08005f3c       0x48 Drivers\STM32F7xx_HAL_Driver\Src\stm32f7xx_ll_sdmmc.o
                0x08005f3c                SDMMC_CmdSendStatus
 .text.SDMMC_GetCmdError
                0x08005f84       0x54 Drivers\STM32F7xx_HAL_Driver\Src\stm32f7xx_ll_sdmmc.o
 .text.SDMMC_GetCmdResp1
                0x08005fd8      0x1cc Drivers\STM32F7xx_HAL_Driver\Src\stm32f7xx_ll_sdmmc.o
 .text.SDMMC_GetCmdResp2
                0x080061a4       0x80 Drivers\STM32F7xx_HAL_Driver\Src\stm32f7xx_ll_sdmmc.o
 .text.SDMMC_GetCmdResp3
                0x08006224       0x68 Drivers\STM32F7xx_HAL_Driver\Src\stm32f7xx_ll_sdmmc.o
 .text.SDMMC_GetCmdResp6
                0x0800628c       0xdc Drivers\STM32F7xx_HAL_Driver\Src\stm32f7xx_ll_sdmmc.o
 .text.SDMMC_GetCmdResp7
                0x08006368       0x74 Drivers\STM32F7xx_HAL_Driver\Src\stm32f7xx_ll_sdmmc.o
 .text.disk_status
                0x080063dc       0x34 Middlewares\Third_Party\FatFs\src\diskio.o
                0x080063dc                disk_status
 .text.disk_initialize
                0x08006410       0x4c Middlewares\Third_Party\FatFs\src\diskio.o
                0x08006410                disk_initialize
 .text.disk_read
                0x0800645c       0x40 Middlewares\Third_Party\FatFs\src\diskio.o
                0x0800645c                disk_read
 .text.disk_write
                0x0800649c       0x40 Middlewares\Third_Party\FatFs\src\diskio.o
                0x0800649c                disk_write
 .text.disk_ioctl
                0x080064dc       0x3c Middlewares\Third_Party\FatFs\src\diskio.o
                0x080064dc                disk_ioctl
 .text.ld_word  0x08006518       0x30 Middlewares\Third_Party\FatFs\src\ff.o
 .text.ld_dword
                0x08006548       0x46 Middlewares\Third_Party\FatFs\src\ff.o
 .text.st_word  0x0800658e       0x36 Middlewares\Third_Party\FatFs\src\ff.o
 .text.st_dword
                0x080065c4       0x58 Middlewares\Third_Party\FatFs\src\ff.o
 .text.mem_cpy  0x0800661c       0x42 Middlewares\Third_Party\FatFs\src\ff.o
 .text.mem_set  0x0800665e       0x34 Middlewares\Third_Party\FatFs\src\ff.o
 .text.mem_cmp  0x08006692       0x4e Middlewares\Third_Party\FatFs\src\ff.o
 .text.chk_chr  0x080066e0       0x36 Middlewares\Third_Party\FatFs\src\ff.o
 *fill*         0x08006716        0x2 
 .text.chk_lock
                0x08006718       0xb8 Middlewares\Third_Party\FatFs\src\ff.o
 .text.enq_lock
                0x080067d0       0x44 Middlewares\Third_Party\FatFs\src\ff.o
 .text.inc_lock
                0x08006814      0x11c Middlewares\Third_Party\FatFs\src\ff.o
 .text.dec_lock
                0x08006930       0x78 Middlewares\Third_Party\FatFs\src\ff.o
 .text.clear_lock
                0x080069a8       0x48 Middlewares\Third_Party\FatFs\src\ff.o
 .text.sync_window
                0x080069f0       0x88 Middlewares\Third_Party\FatFs\src\ff.o
 .text.move_window
                0x08006a78       0x5a Middlewares\Third_Party\FatFs\src\ff.o
 *fill*         0x08006ad2        0x2 
 .text.sync_fs  0x08006ad4       0xdc Middlewares\Third_Party\FatFs\src\ff.o
 .text.clust2sect
                0x08006bb0       0x3e Middlewares\Third_Party\FatFs\src\ff.o
 .text.get_fat  0x08006bee      0x14a Middlewares\Third_Party\FatFs\src\ff.o
 .text.put_fat  0x08006d38      0x1ce Middlewares\Third_Party\FatFs\src\ff.o
 .text.remove_chain
                0x08006f06       0xca Middlewares\Third_Party\FatFs\src\ff.o
 .text.create_chain
                0x08006fd0      0x130 Middlewares\Third_Party\FatFs\src\ff.o
 .text.clmt_clust
                0x08007100       0x68 Middlewares\Third_Party\FatFs\src\ff.o
 .text.dir_sdi  0x08007168       0xf6 Middlewares\Third_Party\FatFs\src\ff.o
 .text.dir_next
                0x0800725e      0x18a Middlewares\Third_Party\FatFs\src\ff.o
 .text.dir_alloc
                0x080073e8       0x8e Middlewares\Third_Party\FatFs\src\ff.o
 .text.ld_clust
                0x08007476       0x3e Middlewares\Third_Party\FatFs\src\ff.o
 .text.st_clust
                0x080074b4       0x40 Middlewares\Third_Party\FatFs\src\ff.o
 .text.cmp_lfn  0x080074f4       0xe0 Middlewares\Third_Party\FatFs\src\ff.o
 .text.put_lfn  0x080075d4       0xd0 Middlewares\Third_Party\FatFs\src\ff.o
 .text.gen_numname
                0x080076a4      0x11c Middlewares\Third_Party\FatFs\src\ff.o
 .text.sum_sfn  0x080077c0       0x42 Middlewares\Third_Party\FatFs\src\ff.o
 .text.dir_find
                0x08007802      0x180 Middlewares\Third_Party\FatFs\src\ff.o
 *fill*         0x08007982        0x2 
 .text.dir_register
                0x08007984      0x1f0 Middlewares\Third_Party\FatFs\src\ff.o
 .text.create_name
                0x08007b74      0x370 Middlewares\Third_Party\FatFs\src\ff.o
 .text.follow_path
                0x08007ee4       0xe2 Middlewares\Third_Party\FatFs\src\ff.o
 .text.get_ldnumber
                0x08007fc6       0x88 Middlewares\Third_Party\FatFs\src\ff.o
 *fill*         0x0800804e        0x2 
 .text.check_fs
                0x08008050       0xac Middlewares\Third_Party\FatFs\src\ff.o
 .text.find_volume
                0x080080fc      0x4a4 Middlewares\Third_Party\FatFs\src\ff.o
 .text.validate
                0x080085a0       0x6a Middlewares\Third_Party\FatFs\src\ff.o
 *fill*         0x0800860a        0x2 
 .text.f_mount  0x0800860c       0x8c Middlewares\Third_Party\FatFs\src\ff.o
                0x0800860c                f_mount
 .text.f_open   0x08008698      0x34a Middlewares\Third_Party\FatFs\src\ff.o
                0x08008698                f_open
 .text.f_read   0x080089e2      0x232 Middlewares\Third_Party\FatFs\src\ff.o
                0x080089e2                f_read
 .text.f_write  0x08008c14      0x2d2 Middlewares\Third_Party\FatFs\src\ff.o
                0x08008c14                f_write
 .text.f_sync   0x08008ee6       0xc6 Middlewares\Third_Party\FatFs\src\ff.o
                0x08008ee6                f_sync
 .text.f_close  0x08008fac       0x54 Middlewares\Third_Party\FatFs\src\ff.o
                0x08008fac                f_close
 .text.FATFS_LinkDriverEx
                0x08009000       0x98 Middlewares\Third_Party\FatFs\src\ff_gen_drv.o
                0x08009000                FATFS_LinkDriverEx
 .text.FATFS_LinkDriver
                0x08009098       0x1e Middlewares\Third_Party\FatFs\src\ff_gen_drv.o
                0x08009098                FATFS_LinkDriver
 *fill*         0x080090b6        0x2 
 .text.ff_convert
                0x080090b8       0x78 Middlewares\Third_Party\FatFs\src\option\ccsbcs.o
                0x080090b8                ff_convert
 .text.ff_wtoupper
                0x08009130      0x114 Middlewares\Third_Party\FatFs\src\option\ccsbcs.o
                0x08009130                ff_wtoupper
 .text.BSP_SD_Init
                0x08009244       0x30 Src\bsp_driver_sd.o
                0x08009244                BSP_SD_Init
 .text.BSP_SD_ReadBlocks_DMA
                0x08009274       0x34 Src\bsp_driver_sd.o
                0x08009274                BSP_SD_ReadBlocks_DMA
 .text.BSP_SD_WriteBlocks_DMA
                0x080092a8       0x34 Src\bsp_driver_sd.o
                0x080092a8                BSP_SD_WriteBlocks_DMA
 .text.BSP_SD_GetCardState
                0x080092dc       0x20 Src\bsp_driver_sd.o
                0x080092dc                BSP_SD_GetCardState
 .text.BSP_SD_GetCardInfo
                0x080092fc       0x1c Src\bsp_driver_sd.o
                0x080092fc                BSP_SD_GetCardInfo
 .text.HAL_SD_AbortCallback
                0x08009318       0x14 Src\bsp_driver_sd.o
                0x08009318                HAL_SD_AbortCallback
 .text.HAL_SD_TxCpltCallback
                0x0800932c       0x14 Src\bsp_driver_sd.o
                0x0800932c                HAL_SD_TxCpltCallback
 .text.HAL_SD_RxCpltCallback
                0x08009340       0x14 Src\bsp_driver_sd.o
                0x08009340                HAL_SD_RxCpltCallback
 .text.BSP_SD_AbortCallback
                0x08009354        0xe Src\bsp_driver_sd.o
                0x08009354                BSP_SD_AbortCallback
 .text.BSP_SD_IsDetected
                0x08009362       0x1a Src\bsp_driver_sd.o
                0x08009362                BSP_SD_IsDetected
 .text.HAL_CAN_MspInit
                0x0800937c       0x88 Src\can.o
                0x0800937c                HAL_CAN_MspInit
 .text.MX_DMA_Init
                0x08009404       0x4c Src\dma.o
                0x08009404                MX_DMA_Init
 .text.MX_FATFS_Init
                0x08009450       0x24 Src\fatfs.o
                0x08009450                MX_FATFS_Init
 .text.get_fattime
                0x08009474       0x10 Src\fatfs.o
                0x08009474                get_fattime
 .text.MX_GPIO_Init
                0x08009484      0x10c Src\gpio.o
                0x08009484                MX_GPIO_Init
 .text.HAL_SYSTICK_Callback
                0x08009590       0x30 Src\main.o
                0x08009590                HAL_SYSTICK_Callback
 .text.main     0x080095c0      0x324 Src\main.o
                0x080095c0                main
 .text.SystemClock_Config
                0x080098e4      0x14c Src\main.o
                0x080098e4                SystemClock_Config
 .text.MX_NVIC_Init
                0x08009a30       0x88 Src\main.o
 .text.Warning_Handler
                0x08009ab8       0x14 Src\main.o
                0x08009ab8                Warning_Handler
 .text.Error_Handler
                0x08009acc       0x58 Src\main.o
                0x08009acc                Error_Handler
 .text.HAL_RTC_MspInit
                0x08009b24       0x34 Src\rtc.o
                0x08009b24                HAL_RTC_MspInit
 .text.SD_CheckStatusWithTimeout
                0x08009b58       0x3a Src\sd_diskio.o
 *fill*         0x08009b92        0x2 
 .text.SD_CheckStatus
                0x08009b94       0x3c Src\sd_diskio.o
 .text.SD_initialize
                0x08009bd0       0x38 Src\sd_diskio.o
                0x08009bd0                SD_initialize
 .text.SD_status
                0x08009c08       0x1c Src\sd_diskio.o
                0x08009c08                SD_status
 .text.SD_read  0x08009c24      0x150 Src\sd_diskio.o
                0x08009c24                SD_read
 .text.SD_write
                0x08009d74      0x150 Src\sd_diskio.o
                0x08009d74                SD_write
 .text.SD_ioctl
                0x08009ec4       0xb0 Src\sd_diskio.o
                0x08009ec4                SD_ioctl
 .text.BSP_SD_WriteCpltCallback
                0x08009f74       0x18 Src\sd_diskio.o
                0x08009f74                BSP_SD_WriteCpltCallback
 .text.BSP_SD_ReadCpltCallback
                0x08009f8c       0x18 Src\sd_diskio.o
                0x08009f8c                BSP_SD_ReadCpltCallback
 .text.MX_SDMMC1_SD_Init
                0x08009fa4       0x44 Src\sdmmc.o
                0x08009fa4                MX_SDMMC1_SD_Init
 .text.HAL_SD_MspInit
                0x08009fe8      0x1c4 Src\sdmmc.o
                0x08009fe8                HAL_SD_MspInit
 .text.HAL_MspInit
                0x0800a1ac       0x48 Src\stm32f7xx_hal_msp.o
                0x0800a1ac                HAL_MspInit
 .text.NMI_Handler
                0x0800a1f4        0xe Src\stm32f7xx_it.o
                0x0800a1f4                NMI_Handler
 .text.HardFault_Handler
                0x0800a202        0xa Src\stm32f7xx_it.o
                0x0800a202                HardFault_Handler
 .text.MemManage_Handler
                0x0800a20c        0x6 Src\stm32f7xx_it.o
                0x0800a20c                MemManage_Handler
 .text.BusFault_Handler
                0x0800a212        0x6 Src\stm32f7xx_it.o
                0x0800a212                BusFault_Handler
 .text.UsageFault_Handler
                0x0800a218        0x6 Src\stm32f7xx_it.o
                0x0800a218                UsageFault_Handler
 .text.SVC_Handler
                0x0800a21e        0xe Src\stm32f7xx_it.o
                0x0800a21e                SVC_Handler
 .text.DebugMon_Handler
                0x0800a22c        0xe Src\stm32f7xx_it.o
                0x0800a22c                DebugMon_Handler
 .text.PendSV_Handler
                0x0800a23a        0xe Src\stm32f7xx_it.o
                0x0800a23a                PendSV_Handler
 .text.SysTick_Handler
                0x0800a248       0x10 Src\stm32f7xx_it.o
                0x0800a248                SysTick_Handler
 .text.RCC_IRQHandler
                0x0800a258        0xe Src\stm32f7xx_it.o
                0x0800a258                RCC_IRQHandler
 *fill*         0x0800a266        0x2 
 .text.CAN1_TX_IRQHandler
                0x0800a268       0x14 Src\stm32f7xx_it.o
                0x0800a268                CAN1_TX_IRQHandler
 .text.CAN1_RX0_IRQHandler
                0x0800a27c       0x14 Src\stm32f7xx_it.o
                0x0800a27c                CAN1_RX0_IRQHandler
 .text.CAN1_RX1_IRQHandler
                0x0800a290       0x14 Src\stm32f7xx_it.o
                0x0800a290                CAN1_RX1_IRQHandler
 .text.CAN1_SCE_IRQHandler
                0x0800a2a4       0x14 Src\stm32f7xx_it.o
                0x0800a2a4                CAN1_SCE_IRQHandler
 .text.USART1_IRQHandler
                0x0800a2b8       0x14 Src\stm32f7xx_it.o
                0x0800a2b8                USART1_IRQHandler
 .text.SDMMC1_IRQHandler
                0x0800a2cc       0x14 Src\stm32f7xx_it.o
                0x0800a2cc                SDMMC1_IRQHandler
 .text.DMA2_Stream3_IRQHandler
                0x0800a2e0       0x14 Src\stm32f7xx_it.o
                0x0800a2e0                DMA2_Stream3_IRQHandler
 .text.DMA2_Stream6_IRQHandler
                0x0800a2f4       0x14 Src\stm32f7xx_it.o
                0x0800a2f4                DMA2_Stream6_IRQHandler
 .text.DMA2_Stream7_IRQHandler
                0x0800a308       0x14 Src\stm32f7xx_it.o
                0x0800a308                DMA2_Stream7_IRQHandler
 .text._sbrk    0x0800a31c       0x58 Src\syscalls.o
                0x0800a31c                _sbrk
 .text.SystemInit
                0x0800a374       0x6c Src\system_stm32f7xx.o
                0x0800a374                SystemInit
 .text.HAL_UART_MspInit
                0x0800a3e0       0xf0 Src\usart.o
                0x0800a3e0                HAL_UART_MspInit
 .text.ActionScheduler_init
                0x0800a4d0       0x9c Src\user\action_scheduler.o
                0x0800a4d0                ActionScheduler_init
 .text.ActionScheduler_startScheduler
                0x0800a56c       0x38 Src\user\action_scheduler.o
                0x0800a56c                ActionScheduler_startScheduler
 .text.ActionScheduler_thread
                0x0800a5a4       0x5c Src\user\action_scheduler.o
                0x0800a5a4                ActionScheduler_thread
 .text._ActionScheduler_SetDateAndTimeFrameHandler
                0x0800a600       0x94 Src\user\action_scheduler.o
 .text._AcionScheduler_StartLogTrigger
                0x0800a694       0x3e Src\user\action_scheduler.o
 .text._AcionScheduler_StopLogTrigger
                0x0800a6d2       0x3e Src\user\action_scheduler.o
 .text._ActionScheduler_idleState
                0x0800a710       0x66 Src\user\action_scheduler.o
 .text._ActionScheduler_logInitState
                0x0800a776       0x80 Src\user\action_scheduler.o
 .text._ActionScheduler_loggingState
                0x0800a7f6      0x138 Src\user\action_scheduler.o
 .text._ActionScheduler_logCloseState
                0x0800a92e       0x64 Src\user\action_scheduler.o
 *fill*         0x0800a992        0x2 
 .text.CANReceiver_init
                0x0800a994      0x164 Src\user\can_receiver.o
                0x0800a994                CANReceiver_init
 .text.CANReceiver_start
                0x0800aaf8       0x2c Src\user\can_receiver.o
                0x0800aaf8                CANReceiver_start
 .text.CANReceiver_pullLastFrame
                0x0800ab24       0x3e Src\user\can_receiver.o
                0x0800ab24                CANReceiver_pullLastFrame
 .text.CANReceiver_RxCallback
                0x0800ab62       0x50 Src\user\can_receiver.o
                0x0800ab62                CANReceiver_RxCallback
 .text.CANReceiver_RxCallbackWrapper
                0x0800abb2       0x24 Src\user\can_receiver.o
                0x0800abb2                CANReceiver_RxCallbackWrapper
 .text.CANReceiver_ErrorCallback
                0x0800abd6       0x36 Src\user\can_receiver.o
                0x0800abd6                CANReceiver_ErrorCallback
 .text.CANReceiver_ErrorCallbackWrapper
                0x0800ac0c       0x28 Src\user\can_receiver.o
                0x0800ac0c                CANReceiver_ErrorCallbackWrapper
 .text.CANTransceiverDriver_HALCANInit
                0x0800ac34       0x72 Src\user\can_transceiver_driver.o
 .text.CANTransceiverDriver_init
                0x0800aca6      0x102 Src\user\can_transceiver_driver.o
                0x0800aca6                CANTransceiverDriver_init
 .text.CANTransceiverDriver_configFiltering
                0x0800ada8      0x110 Src\user\can_transceiver_driver.o
                0x0800ada8                CANTransceiverDriver_configFiltering
 .text.CANTransceiverDriver_receivedMsgCallbackHandler
                0x0800aeb8       0x74 Src\user\can_transceiver_driver.o
                0x0800aeb8                CANTransceiverDriver_receivedMsgCallbackHandler
 .text.CANTransceiverDriver_registerReceiveCallbackToCall
                0x0800af2c       0x60 Src\user\can_transceiver_driver.o
                0x0800af2c                CANTransceiverDriver_registerReceiveCallbackToCall
 .text.checkErrorcode
                0x0800af8c       0x32 Src\user\can_transceiver_driver.o
 .text.CANTransceiverDriver_errorCallbackHandler
                0x0800afbe      0x142 Src\user\can_transceiver_driver.o
                0x0800afbe                CANTransceiverDriver_errorCallbackHandler
 .text.CANTransceiverDriver_registerErrorCallbackToCall
                0x0800b100       0x64 Src\user\can_transceiver_driver.o
                0x0800b100                CANTransceiverDriver_registerErrorCallbackToCall
 .text.CANTransceiverDriver_start
                0x0800b164       0x3e Src\user\can_transceiver_driver.o
                0x0800b164                CANTransceiverDriver_start
 *fill*         0x0800b1a2        0x2 
 .text.HAL_CAN_RxFifo0MsgPendingCallback
                0x0800b1a4       0x64 Src\user\can_transceiver_driver.o
                0x0800b1a4                HAL_CAN_RxFifo0MsgPendingCallback
 .text.HAL_CAN_RxFifo1MsgPendingCallback
                0x0800b208       0x64 Src\user\can_transceiver_driver.o
                0x0800b208                HAL_CAN_RxFifo1MsgPendingCallback
 .text.HAL_CAN_ErrorCallback
                0x0800b26c       0x34 Src\user\can_transceiver_driver.o
                0x0800b26c                HAL_CAN_ErrorCallback
 .text._ConfigDataManager_validateCorrectFrame
                0x0800b2a0       0x4c Src\user\config.o
 .text._ConfigDataManager_validateGPSFrequency
                0x0800b2ec       0x24 Src\user\config.o
 .text._ConfigDataManager_validateCANSpeed
                0x0800b310       0x3c Src\user\config.o
 .text.ConfigDataManager_init
                0x0800b34c      0x440 Src\user\config.o
                0x0800b34c                ConfigDataManager_init
 .text.ConfigDataManager_getConfigPointer
                0x0800b78c       0x2c Src\user\config.o
                0x0800b78c                ConfigDataManager_getConfigPointer
 .text.DataSaver_init
                0x0800b7b8       0x3e Src\user\data_saver.o
                0x0800b7b8                DataSaver_init
 *fill*         0x0800b7f6        0x2 
 .text.DataSaver_startLogging
                0x0800b7f8      0x134 Src\user\data_saver.o
                0x0800b7f8                DataSaver_startLogging
 .text.DataSaver_stopLogging
                0x0800b92c       0x64 Src\user\data_saver.o
                0x0800b92c                DataSaver_stopLogging
 .text.DataSaver_writeCANData
                0x0800b990       0xa2 Src\user\data_saver.o
                0x0800b990                DataSaver_writeCANData
 .text.DataSaver_writeGPSData
                0x0800ba32      0x212 Src\user\data_saver.o
                0x0800ba32                DataSaver_writeGPSData
 .text.DataSaver_saveHeader
                0x0800bc44      0x3ee Src\user\data_saver.o
 .text.DODriver_init
                0x0800c032       0x58 Src\user\do_driver.o
                0x0800c032                DODriver_init
 .text.DODriver_SetHigh
                0x0800c08a       0x42 Src\user\do_driver.o
                0x0800c08a                DODriver_SetHigh
 .text.DODriver_SetLow
                0x0800c0cc       0x42 Src\user\do_driver.o
                0x0800c0cc                DODriver_SetLow
 .text.FIFOQueue_init
                0x0800c10e       0x6c Src\user\fifo_queue.o
                0x0800c10e                FIFOQueue_init
 .text.FIFOQueue_enqueue
                0x0800c17a       0x94 Src\user\fifo_queue.o
                0x0800c17a                FIFOQueue_enqueue
 .text.FIFOQueue_dequeue
                0x0800c20e       0x94 Src\user\fifo_queue.o
                0x0800c20e                FIFOQueue_dequeue
 .text.FIFOQueue_isFull
                0x0800c2a2       0x42 Src\user\fifo_queue.o
                0x0800c2a2                FIFOQueue_isFull
 .text.FIFOQueue_isEmpty
                0x0800c2e4       0x3c Src\user\fifo_queue.o
                0x0800c2e4                FIFOQueue_isEmpty
 .text.FIFOMultiread_init
                0x0800c320       0xa0 Src\user\fifo_queue_multiread.o
                0x0800c320                FIFOMultiread_init
 .text.FIFOMultiread_registerReader
                0x0800c3c0       0xbc Src\user\fifo_queue_multiread.o
                0x0800c3c0                FIFOMultiread_registerReader
 .text.FIFOMultiread_unregisterReader
                0x0800c47c       0x82 Src\user\fifo_queue_multiread.o
                0x0800c47c                FIFOMultiread_unregisterReader
 .text.FIFOMultiread_enqueue
                0x0800c4fe       0xf8 Src\user\fifo_queue_multiread.o
                0x0800c4fe                FIFOMultiread_enqueue
 .text.FIFOMultiread_isFull
                0x0800c5f6       0x8a Src\user\fifo_queue_multiread.o
                0x0800c5f6                FIFOMultiread_isFull
 .text.FIFOMultiread_isEmpty
                0x0800c680       0x94 Src\user\fifo_queue_multiread.o
                0x0800c680                FIFOMultiread_isEmpty
 .text.FIFOMultiread_dequeue
                0x0800c714      0x104 Src\user\fifo_queue_multiread.o
                0x0800c714                FIFOMultiread_dequeue
 .text.FIFOMultiread_lastElement
                0x0800c818       0xea Src\user\fifo_queue_multiread.o
                0x0800c818                FIFOMultiread_lastElement
 .text.FIFOMultiread_elementValOnPosition
                0x0800c902       0xea Src\user\fifo_queue_multiread.o
                0x0800c902                FIFOMultiread_elementValOnPosition
 .text.FIFOMultiread_elementsNumber
                0x0800c9ec       0x9c Src\user\fifo_queue_multiread.o
                0x0800c9ec                FIFOMultiread_elementsNumber
 .text.FileReadingBuffer_init
                0x0800ca88       0x46 Src\user\file_reading_buffer.o
                0x0800ca88                FileReadingBuffer_init
 .text.FileReadingBuffer_checkIfEmpty
                0x0800cace       0x46 Src\user\file_reading_buffer.o
 .text.FileReadingBuffer_readUInt8
                0x0800cb14       0x5a Src\user\file_reading_buffer.o
                0x0800cb14                FileReadingBuffer_readUInt8
 .text.FileReadingBuffer_readUInt16
                0x0800cb6e       0x84 Src\user\file_reading_buffer.o
                0x0800cb6e                FileReadingBuffer_readUInt16
 .text.FileReadingBuffer_readChar
                0x0800cbf2       0x28 Src\user\file_reading_buffer.o
                0x0800cbf2                FileReadingBuffer_readChar
 .text.FileReadingBuffer_readString
                0x0800cc1a       0x54 Src\user\file_reading_buffer.o
                0x0800cc1a                FileReadingBuffer_readString
 *fill*         0x0800cc6e        0x2 
 .text.remapResult
                0x0800cc70       0xc8 Src\user\file_system_wrapper.o
 .text.FileSystemWrapper_init
                0x0800cd38       0x60 Src\user\file_system_wrapper.o
                0x0800cd38                FileSystemWrapper_init
 .text.FileSystemWrapper_open
                0x0800cd98       0x5c Src\user\file_system_wrapper.o
                0x0800cd98                FileSystemWrapper_open
 .text.FileSystemWrapper_writeBinaryData
                0x0800cdf4       0x54 Src\user\file_system_wrapper.o
                0x0800cdf4                FileSystemWrapper_writeBinaryData
 .text.FileSystemWrapper_readData
                0x0800ce48       0x54 Src\user\file_system_wrapper.o
                0x0800ce48                FileSystemWrapper_readData
 .text.FileSystemWrapper_close
                0x0800ce9c       0x44 Src\user\file_system_wrapper.o
                0x0800ce9c                FileSystemWrapper_close
 .text.FileWritingBuffer_checkIfFull
                0x0800cee0       0x30 Src\user\file_writing_buffer.o
 .text.FileWritingBuffer_init
                0x0800cf10       0x44 Src\user\file_writing_buffer.o
                0x0800cf10                FileWritingBuffer_init
 .text.FileWritingBuffer_deInit
                0x0800cf54       0x4a Src\user\file_writing_buffer.o
                0x0800cf54                FileWritingBuffer_deInit
 .text.FileWritingBuffer_writeUInt8
                0x0800cf9e       0x60 Src\user\file_writing_buffer.o
                0x0800cf9e                FileWritingBuffer_writeUInt8
 .text.FileWritingBuffer_writeUInt16
                0x0800cffe       0x5a Src\user\file_writing_buffer.o
                0x0800cffe                FileWritingBuffer_writeUInt16
 .text.FileWritingBuffer_writeUInt32
                0x0800d058       0x8e Src\user\file_writing_buffer.o
                0x0800d058                FileWritingBuffer_writeUInt32
 .text.FileWritingBuffer_writeChar
                0x0800d0e6       0x3a Src\user\file_writing_buffer.o
                0x0800d0e6                FileWritingBuffer_writeChar
 .text.FileWritingBuffer_writeString
                0x0800d120       0x56 Src\user\file_writing_buffer.o
                0x0800d120                FileWritingBuffer_writeString
 .text.FileWritingBuffer_writeFixedPoint32
                0x0800d176       0x22 Src\user\file_writing_buffer.o
                0x0800d176                FileWritingBuffer_writeFixedPoint32
 .text.FileWritingBuffer_writeToFileSystem
                0x0800d198       0x6c Src\user\file_writing_buffer.o
                0x0800d198                FileWritingBuffer_writeToFileSystem
 .text.FixedPoint_constrDecimalFrac
                0x0800d204       0x72 Src\user\fixed_point.o
                0x0800d204                FixedPoint_constrDecimalFrac
 .text.FixedPoint_a_mult_b
                0x0800d276       0x82 Src\user\fixed_point.o
                0x0800d276                FixedPoint_a_mult_b
 .text.LedDriver_init
                0x0800d2f8       0x58 Src\user\led_driver.o
                0x0800d2f8                LedDriver_init
 .text.LedDriver_OnLed
                0x0800d350       0x36 Src\user\led_driver.o
                0x0800d350                LedDriver_OnLed
 .text.LedDriver_OffLed
                0x0800d386       0x36 Src\user\led_driver.o
                0x0800d386                LedDriver_OffLed
 .text.LedDriver_BlinkingLed
                0x0800d3bc       0x4c Src\user\led_driver.o
                0x0800d3bc                LedDriver_BlinkingLed
 .text.LedDriver_1msElapsedCallbackHandler
                0x0800d408       0x72 Src\user\led_driver.o
                0x0800d408                LedDriver_1msElapsedCallbackHandler
 .text.MSTimerDriver_init
                0x0800d47a       0x26 Src\user\ms_timer_driver.o
                0x0800d47a                MSTimerDriver_init
 .text.MSTimerDriver_startCounting
                0x0800d4a0       0x6c Src\user\ms_timer_driver.o
                0x0800d4a0                MSTimerDriver_startCounting
 .text.MSTimerDriver_getMSTime
                0x0800d50c       0x6c Src\user\ms_timer_driver.o
                0x0800d50c                MSTimerDriver_getMSTime
 .text.RTCDriver_HALInit
                0x0800d578       0x74 Src\user\rtc_driver.o
 .text.RTCDriver_HALRestoreTimeAndDate
                0x0800d5ec       0xb8 Src\user\rtc_driver.o
 .text.RTCDriver_HALSetTimeAndDate
                0x0800d6a4       0x84 Src\user\rtc_driver.o
 .text.RTCDriver_init
                0x0800d728       0xc8 Src\user\rtc_driver.o
                0x0800d728                RTCDriver_init
 .text.RTCDriver_getDateAndTime
                0x0800d7f0       0x9a Src\user\rtc_driver.o
                0x0800d7f0                RTCDriver_getDateAndTime
 .text.RTCDriver_setDateAndTime
                0x0800d88a       0x9c Src\user\rtc_driver.o
                0x0800d88a                RTCDriver_setDateAndTime
 .text.findChar
                0x0800d926       0x62 Src\user\string_operations.o
                0x0800d926                findChar
 .text.stringEqual
                0x0800d988       0x58 Src\user\string_operations.o
                0x0800d988                stringEqual
 .text.stringToFixedPoint
                0x0800d9e0       0xf4 Src\user\string_operations.o
                0x0800d9e0                stringToFixedPoint
 .text.decChar2Uint8
                0x0800dad4       0x3e Src\user\string_operations.o
                0x0800dad4                decChar2Uint8
 .text.string2UInt32
                0x0800db12       0x96 Src\user\string_operations.o
                0x0800db12                string2UInt32
 .text.uInt8ToHexStringMinDigits
                0x0800dba8       0x6c Src\user\string_operations.o
                0x0800dba8                uInt8ToHexStringMinDigits
 .text.UartDriver_init
                0x0800dc14       0xbe Src\user\uart_driver.o
                0x0800dc14                UartDriver_init
 .text.UartDriver_sendBytesDMA
                0x0800dcd2       0xce Src\user\uart_driver.o
                0x0800dcd2                UartDriver_sendBytesDMA
 .text.UartDriver_setReceivedByteCallback
                0x0800dda0       0xb0 Src\user\uart_driver.o
                0x0800dda0                UartDriver_setReceivedByteCallback
 .text.UartDriver_startReceiver
                0x0800de50       0x88 Src\user\uart_driver.o
                0x0800de50                UartDriver_startReceiver
 .text.UartDriver_waitForTxTimeout
                0x0800ded8       0x66 Src\user\uart_driver.o
                0x0800ded8                UartDriver_waitForTxTimeout
 .text.UartDriver_getState
                0x0800df3e       0x2c Src\user\uart_driver.o
                0x0800df3e                UartDriver_getState
 .text._UartDriver_receivedBytesCallback
                0x0800df6a       0x8a Src\user\uart_driver.o
 .text._UartDriver_errorCallback
                0x0800dff4       0x1c Src\user\uart_driver.o
 .text._UartDriver_transmitCompleteCallback
                0x0800e010       0x1c Src\user\uart_driver.o
 .text._UartDriver_initHAL
                0x0800e02c       0x92 Src\user\uart_driver.o
 *fill*         0x0800e0be        0x2 
 .text.HAL_UART_TxCpltCallback
                0x0800e0c0       0x24 Src\user\uart_driver.o
                0x0800e0c0                HAL_UART_TxCpltCallback
 .text.HAL_UART_RxCpltCallback
                0x0800e0e4       0x28 Src\user\uart_driver.o
                0x0800e0e4                HAL_UART_RxCpltCallback
 .text.HAL_UART_ErrorCallback
                0x0800e10c       0x28 Src\user\uart_driver.o
                0x0800e10c                HAL_UART_ErrorCallback
 .text.UartReceiverStartLength_init
                0x0800e134       0xf8 Src\user\uart_receiver_start_length.o
                0x0800e134                UartReceiverStartLength_init
 .text.UartReceiverStartLength_registerReader
                0x0800e22c      0x114 Src\user\uart_receiver_start_length.o
                0x0800e22c                UartReceiverStartLength_registerReader
 .text.UartReceiverStartLength_unregisterReader
                0x0800e340       0xca Src\user\uart_receiver_start_length.o
                0x0800e340                UartReceiverStartLength_unregisterReader
 .text.UartReceiverStartLength_start
                0x0800e40a       0x4c Src\user\uart_receiver_start_length.o
                0x0800e40a                UartReceiverStartLength_start
 .text.UartReceiverStartLength_stop
                0x0800e456       0x4c Src\user\uart_receiver_start_length.o
                0x0800e456                UartReceiverStartLength_stop
 .text.UartReceiverStartLength_pullLastSentence
                0x0800e4a2      0x272 Src\user\uart_receiver_start_length.o
                0x0800e4a2                UartReceiverStartLength_pullLastSentence
 .text._UartReceiverStartLength_removeNotStartCharsFromQueueFront
                0x0800e714       0x96 Src\user\uart_receiver_start_length.o
 *fill*         0x0800e7aa        0x2 
 .text._UartReceiverStartLength_receivedByteCallback
                0x0800e7ac       0xb4 Src\user\uart_receiver_start_length.o
 .text.UartReceiverStartTerm_init
                0x0800e860       0xf0 Src\user\uart_receiver_start_term.o
                0x0800e860                UartReceiverStartTerm_init
 .text.UartReceiverStartTerm_registerReader
                0x0800e950      0x108 Src\user\uart_receiver_start_term.o
                0x0800e950                UartReceiverStartTerm_registerReader
 .text.UartReceiverStartTerm_unregisterReader
                0x0800ea58       0xdc Src\user\uart_receiver_start_term.o
                0x0800ea58                UartReceiverStartTerm_unregisterReader
 .text.UartReceiverStartTerm_start
                0x0800eb34       0x6c Src\user\uart_receiver_start_term.o
                0x0800eb34                UartReceiverStartTerm_start
 .text.UartReceiverStartTerm_stop
                0x0800eba0       0x4c Src\user\uart_receiver_start_term.o
                0x0800eba0                UartReceiverStartTerm_stop
 .text.UartReceiverStartTerm_pullLastSentence
                0x0800ebec      0x2ae Src\user\uart_receiver_start_term.o
                0x0800ebec                UartReceiverStartTerm_pullLastSentence
 *fill*         0x0800ee9a        0x2 
 .text.UartReceiverStartTerm_receivedByteCallback
                0x0800ee9c       0xe4 Src\user\uart_receiver_start_term.o
 .text.GPSDriver_init
                0x0800ef80      0x12c Src\user\ublox_m8_gps_driver.o
                0x0800ef80                GPSDriver_init
 .text.GPSDriver_startReceiver
                0x0800f0ac       0x8e Src\user\ublox_m8_gps_driver.o
                0x0800f0ac                GPSDriver_startReceiver
 .text.GPSDriver_stopReceiver
                0x0800f13a       0x6a Src\user\ublox_m8_gps_driver.o
                0x0800f13a                GPSDriver_stopReceiver
 .text.GPSDriver_pullLastFrame
                0x0800f1a4      0x2f8 Src\user\ublox_m8_gps_driver.o
                0x0800f1a4                GPSDriver_pullLastFrame
 .text.GPSDriver_getState
                0x0800f49c       0x32 Src\user\ublox_m8_gps_driver.o
                0x0800f49c                GPSDriver_getState
 .text.GPSDriver_setOFF
                0x0800f4ce       0xa6 Src\user\ublox_m8_gps_driver.o
                0x0800f4ce                GPSDriver_setOFF
 .text._GPSDriver_sendCommand
                0x0800f574       0x52 Src\user\ublox_m8_gps_driver.o
 .text._GPSDriver_getNMEAChecksumValue
                0x0800f5c6       0x68 Src\user\ublox_m8_gps_driver.o
 .text._GPSDriver_checkNMEAChecksum
                0x0800f62e       0xb2 Src\user\ublox_m8_gps_driver.o
 .text._GPSDriver_sendUBXCommandAndWaitForResponse
                0x0800f6e0      0x148 Src\user\ublox_m8_gps_driver.o
 .text._GPSDriver_getUBXChecksumValue
                0x0800f828       0x68 Src\user\ublox_m8_gps_driver.o
 .text._GPSDriver_sendUbxCfgRateUTCCommand
                0x0800f890      0x1e4 Src\user\ublox_m8_gps_driver.o
 .text._GPSDriver_parseTime
                0x0800fa74      0x1bc Src\user\ublox_m8_gps_driver.o
 .text._GPSDriver_parseDate
                0x0800fc30      0x12c Src\user\ublox_m8_gps_driver.o
 .text._GPSDriver_parseLatitude
                0x0800fd5c       0xd4 Src\user\ublox_m8_gps_driver.o
 .text._GPSDriver_parseLongitude
                0x0800fe30       0xd4 Src\user\ublox_m8_gps_driver.o
 .text._GPSDriver_parseFixedPoint
                0x0800ff04       0xd8 Src\user\ublox_m8_gps_driver.o
 .text._GPSDriver_handleGNGGASentence
                0x0800ffdc      0x2ca Src\user\ublox_m8_gps_driver.o
 .text._GPSDriver_handleGNGSASentence
                0x080102a6      0x1c6 Src\user\ublox_m8_gps_driver.o
 .text._GPSDriver_handleGNRMCSentence
                0x0801046c      0x33c Src\user\ublox_m8_gps_driver.o
 .text.Reset_Handler
                0x080107a8       0x50 startup\startup_stm32f767xx.o
                0x080107a8                Reset_Handler
 .text.Default_Handler
                0x080107f8        0x2 startup\startup_stm32f767xx.o
                0x080107f8                RTC_Alarm_IRQHandler
                0x080107f8                EXTI2_IRQHandler
                0x080107f8                TIM8_CC_IRQHandler
                0x080107f8                UART8_IRQHandler
                0x080107f8                SPI4_IRQHandler
                0x080107f8                TIM1_CC_IRQHandler
                0x080107f8                DMA2_Stream5_IRQHandler
                0x080107f8                JPEG_IRQHandler
                0x080107f8                DMA1_Stream5_IRQHandler
                0x080107f8                CAN3_RX1_IRQHandler
                0x080107f8                PVD_IRQHandler
                0x080107f8                TAMP_STAMP_IRQHandler
                0x080107f8                CAN2_RX1_IRQHandler
                0x080107f8                EXTI3_IRQHandler
                0x080107f8                TIM8_TRG_COM_TIM14_IRQHandler
                0x080107f8                DFSDM1_FLT1_IRQHandler
                0x080107f8                TIM1_UP_TIM10_IRQHandler
                0x080107f8                TIM8_UP_TIM13_IRQHandler
                0x080107f8                I2C3_ER_IRQHandler
                0x080107f8                DFSDM1_FLT2_IRQHandler
                0x080107f8                EXTI0_IRQHandler
                0x080107f8                I2C2_EV_IRQHandler
                0x080107f8                DMA1_Stream2_IRQHandler
                0x080107f8                FPU_IRQHandler
                0x080107f8                OTG_HS_WKUP_IRQHandler
                0x080107f8                CAN3_SCE_IRQHandler
                0x080107f8                LTDC_ER_IRQHandler
                0x080107f8                CAN2_SCE_IRQHandler
                0x080107f8                DMA2_Stream2_IRQHandler
                0x080107f8                SPI1_IRQHandler
                0x080107f8                TIM6_DAC_IRQHandler
                0x080107f8                TIM1_BRK_TIM9_IRQHandler
                0x080107f8                DCMI_IRQHandler
                0x080107f8                CAN2_RX0_IRQHandler
                0x080107f8                SAI2_IRQHandler
                0x080107f8                DFSDM1_FLT3_IRQHandler
                0x080107f8                USART6_IRQHandler
                0x080107f8                CAN3_RX0_IRQHandler
                0x080107f8                USART3_IRQHandler
                0x080107f8                UART5_IRQHandler
                0x080107f8                DMA2_Stream0_IRQHandler
                0x080107f8                TIM4_IRQHandler
                0x080107f8                QUADSPI_IRQHandler
                0x080107f8                I2C1_EV_IRQHandler
                0x080107f8                DMA1_Stream6_IRQHandler
                0x080107f8                DMA1_Stream1_IRQHandler
                0x080107f8                UART4_IRQHandler
                0x080107f8                TIM3_IRQHandler
                0x080107f8                TIM8_BRK_TIM12_IRQHandler
                0x080107f8                Default_Handler
                0x080107f8                CEC_IRQHandler
                0x080107f8                EXTI15_10_IRQHandler
                0x080107f8                ADC_IRQHandler
                0x080107f8                DMA1_Stream7_IRQHandler
                0x080107f8                SPI5_IRQHandler
                0x080107f8                TIM7_IRQHandler
                0x080107f8                CAN2_TX_IRQHandler
                0x080107f8                TIM5_IRQHandler
                0x080107f8                I2C3_EV_IRQHandler
                0x080107f8                EXTI9_5_IRQHandler
                0x080107f8                RTC_WKUP_IRQHandler
                0x080107f8                LTDC_IRQHandler
                0x080107f8                ETH_WKUP_IRQHandler
                0x080107f8                SPDIF_RX_IRQHandler
                0x080107f8                SPI2_IRQHandler
                0x080107f8                OTG_HS_EP1_IN_IRQHandler
                0x080107f8                DMA1_Stream0_IRQHandler
                0x080107f8                EXTI4_IRQHandler
                0x080107f8                RNG_IRQHandler
                0x080107f8                ETH_IRQHandler
                0x080107f8                OTG_HS_EP1_OUT_IRQHandler
                0x080107f8                WWDG_IRQHandler
                0x080107f8                SPI6_IRQHandler
                0x080107f8                MDIOS_IRQHandler
                0x080107f8                I2C4_EV_IRQHandler
                0x080107f8                CAN3_TX_IRQHandler
                0x080107f8                TIM2_IRQHandler
                0x080107f8                OTG_FS_WKUP_IRQHandler
                0x080107f8                TIM1_TRG_COM_TIM11_IRQHandler
                0x080107f8                OTG_HS_IRQHandler
                0x080107f8                DMA2D_IRQHandler
                0x080107f8                EXTI1_IRQHandler
                0x080107f8                SDMMC2_IRQHandler
                0x080107f8                UART7_IRQHandler
                0x080107f8                USART2_IRQHandler
                0x080107f8                DFSDM1_FLT0_IRQHandler
                0x080107f8                I2C2_ER_IRQHandler
                0x080107f8                DMA2_Stream1_IRQHandler
                0x080107f8                FLASH_IRQHandler
                0x080107f8                DMA2_Stream4_IRQHandler
                0x080107f8                OTG_FS_IRQHandler
                0x080107f8                SPI3_IRQHandler
                0x080107f8                DMA1_Stream4_IRQHandler
                0x080107f8                I2C1_ER_IRQHandler
                0x080107f8                FMC_IRQHandler
                0x080107f8                LPTIM1_IRQHandler
                0x080107f8                I2C4_ER_IRQHandler
                0x080107f8                SAI1_IRQHandler
                0x080107f8                DMA1_Stream3_IRQHandler
 *fill*         0x080107fa        0x2 
 .text.__errno  0x080107fc        0xc c:/program files (x86)/atollic/truestudio for stm32 9.2.0/armtools/bin/../lib/gcc/arm-atollic-eabi/6.3.1/../../../../arm-atollic-eabi/lib/armv7e-m/fpu/fpv5-d16\libc_nano.a(lib_a-errno.o)
                0x080107fc                __errno
 .text.__libc_init_array
                0x08010808       0x48 c:/program files (x86)/atollic/truestudio for stm32 9.2.0/armtools/bin/../lib/gcc/arm-atollic-eabi/6.3.1/../../../../arm-atollic-eabi/lib/armv7e-m/fpu/fpv5-d16\libc_nano.a(lib_a-init.o)
                0x08010808                __libc_init_array
 .text.memcpy   0x08010850       0x16 c:/program files (x86)/atollic/truestudio for stm32 9.2.0/armtools/bin/../lib/gcc/arm-atollic-eabi/6.3.1/../../../../arm-atollic-eabi/lib/armv7e-m/fpu/fpv5-d16\libc_nano.a(lib_a-memcpy-stub.o)
                0x08010850                memcpy
 .text.memset   0x08010866       0x10 c:/program files (x86)/atollic/truestudio for stm32 9.2.0/armtools/bin/../lib/gcc/arm-atollic-eabi/6.3.1/../../../../arm-atollic-eabi/lib/armv7e-m/fpu/fpv5-d16\libc_nano.a(lib_a-memset.o)
                0x08010866                memset
 *fill*         0x08010876        0x2 
 .text.sprintf  0x08010878       0x48 c:/program files (x86)/atollic/truestudio for stm32 9.2.0/armtools/bin/../lib/gcc/arm-atollic-eabi/6.3.1/../../../../arm-atollic-eabi/lib/armv7e-m/fpu/fpv5-d16\libc_nano.a(lib_a-sprintf.o)
                0x08010878                siprintf
                0x08010878                sprintf
 .text.__ssputs_r
                0x080108c0       0xb6 c:/program files (x86)/atollic/truestudio for stm32 9.2.0/armtools/bin/../lib/gcc/arm-atollic-eabi/6.3.1/../../../../arm-atollic-eabi/lib/armv7e-m/fpu/fpv5-d16\libc_nano.a(lib_a-nano-svfprintf.o)
                0x080108c0                __ssputs_r
 *fill*         0x08010976        0x2 
 .text._svfprintf_r
                0x08010978      0x1e8 c:/program files (x86)/atollic/truestudio for stm32 9.2.0/armtools/bin/../lib/gcc/arm-atollic-eabi/6.3.1/../../../../arm-atollic-eabi/lib/armv7e-m/fpu/fpv5-d16\libc_nano.a(lib_a-nano-svfprintf.o)
                0x08010978                _svfiprintf_r
                0x08010978                _svfprintf_r
 .text._printf_common
                0x08010b60       0xec c:/program files (x86)/atollic/truestudio for stm32 9.2.0/armtools/bin/../lib/gcc/arm-atollic-eabi/6.3.1/../../../../arm-atollic-eabi/lib/armv7e-m/fpu/fpv5-d16\libc_nano.a(lib_a-nano-vfprintf_i.o)
                0x08010b60                _printf_common
 .text._printf_i
                0x08010c4c      0x240 c:/program files (x86)/atollic/truestudio for stm32 9.2.0/armtools/bin/../lib/gcc/arm-atollic-eabi/6.3.1/../../../../arm-atollic-eabi/lib/armv7e-m/fpu/fpv5-d16\libc_nano.a(lib_a-nano-vfprintf_i.o)
                0x08010c4c                _printf_i
 .text.memmove  0x08010e8c       0x34 c:/program files (x86)/atollic/truestudio for stm32 9.2.0/armtools/bin/../lib/gcc/arm-atollic-eabi/6.3.1/../../../../arm-atollic-eabi/lib/armv7e-m/fpu/fpv5-d16\libc_nano.a(lib_a-memmove.o)
                0x08010e8c                memmove
 .text._free_r  0x08010ec0       0x9c c:/program files (x86)/atollic/truestudio for stm32 9.2.0/armtools/bin/../lib/gcc/arm-atollic-eabi/6.3.1/../../../../arm-atollic-eabi/lib/armv7e-m/fpu/fpv5-d16\libc_nano.a(lib_a-nano-freer.o)
                0x08010ec0                _free_r
 .text._malloc_r
                0x08010f5c       0xbc c:/program files (x86)/atollic/truestudio for stm32 9.2.0/armtools/bin/../lib/gcc/arm-atollic-eabi/6.3.1/../../../../arm-atollic-eabi/lib/armv7e-m/fpu/fpv5-d16\libc_nano.a(lib_a-nano-mallocr.o)
                0x08010f5c                _malloc_r
 .text._realloc_r
                0x08011018       0x4c c:/program files (x86)/atollic/truestudio for stm32 9.2.0/armtools/bin/../lib/gcc/arm-atollic-eabi/6.3.1/../../../../arm-atollic-eabi/lib/armv7e-m/fpu/fpv5-d16\libc_nano.a(lib_a-nano-reallocr.o)
                0x08011018                _realloc_r
 .text._sbrk_r  0x08011064       0x20 c:/program files (x86)/atollic/truestudio for stm32 9.2.0/armtools/bin/../lib/gcc/arm-atollic-eabi/6.3.1/../../../../arm-atollic-eabi/lib/armv7e-m/fpu/fpv5-d16\libc_nano.a(lib_a-sbrkr.o)
                0x08011064                _sbrk_r
 .text.__malloc_lock
                0x08011084        0x2 c:/program files (x86)/atollic/truestudio for stm32 9.2.0/armtools/bin/../lib/gcc/arm-atollic-eabi/6.3.1/../../../../arm-atollic-eabi/lib/armv7e-m/fpu/fpv5-d16\libc_nano.a(lib_a-mlock.o)
                0x08011084                __malloc_lock
 .text.__malloc_unlock
                0x08011086        0x2 c:/program files (x86)/atollic/truestudio for stm32 9.2.0/armtools/bin/../lib/gcc/arm-atollic-eabi/6.3.1/../../../../arm-atollic-eabi/lib/armv7e-m/fpu/fpv5-d16\libc_nano.a(lib_a-mlock.o)
                0x08011086                __malloc_unlock
 .text._malloc_usable_size_r
                0x08011088       0x12 c:/program files (x86)/atollic/truestudio for stm32 9.2.0/armtools/bin/../lib/gcc/arm-atollic-eabi/6.3.1/../../../../arm-atollic-eabi/lib/armv7e-m/fpu/fpv5-d16\libc_nano.a(lib_a-nano-msizer.o)
                0x08011088                _malloc_usable_size_r
 *(.glue_7)
 .glue_7        0x0801109a        0x0 linker stubs
 *(.glue_7t)
 .glue_7t       0x0801109a        0x0 linker stubs
 *(.eh_frame)
 *fill*         0x0801109a        0x2 
 .eh_frame      0x0801109c        0x0 c:/program files (x86)/atollic/truestudio for stm32 9.2.0/armtools/bin/../lib/gcc/arm-atollic-eabi/6.3.1/armv7e-m/fpu/fpv5-d16/crtbegin.o
 *(.init)
 .init          0x0801109c        0x4 c:/program files (x86)/atollic/truestudio for stm32 9.2.0/armtools/bin/../lib/gcc/arm-atollic-eabi/6.3.1/armv7e-m/fpu/fpv5-d16/crti.o
                0x0801109c                _init
 .init          0x080110a0        0x8 c:/program files (x86)/atollic/truestudio for stm32 9.2.0/armtools/bin/../lib/gcc/arm-atollic-eabi/6.3.1/armv7e-m/fpu/fpv5-d16/crtn.o
 *(.fini)
 .fini          0x080110a8        0x4 c:/program files (x86)/atollic/truestudio for stm32 9.2.0/armtools/bin/../lib/gcc/arm-atollic-eabi/6.3.1/armv7e-m/fpu/fpv5-d16/crti.o
                0x080110a8                _fini
 .fini          0x080110ac        0x8 c:/program files (x86)/atollic/truestudio for stm32 9.2.0/armtools/bin/../lib/gcc/arm-atollic-eabi/6.3.1/armv7e-m/fpu/fpv5-d16/crtn.o
                0x080110b4                . = ALIGN (0x4)
                0x080110b4                _etext = .

.vfp11_veneer   0x080110b4        0x0
 .vfp11_veneer  0x080110b4        0x0 linker stubs

.v4_bx          0x080110b4        0x0
 .v4_bx         0x080110b4        0x0 linker stubs

.iplt           0x080110b4        0x0
 .iplt          0x080110b4        0x0 c:/program files (x86)/atollic/truestudio for stm32 9.2.0/armtools/bin/../lib/gcc/arm-atollic-eabi/6.3.1/armv7e-m/fpu/fpv5-d16/crtbegin.o

.rodata         0x080110b4      0x9c0
                0x080110b4                . = ALIGN (0x4)
 *(.rodata)
 .rodata        0x080110b4       0x48 Middlewares\Third_Party\FatFs\src\ff.o
 .rodata        0x080110fc      0x14f Src\main.o
 *fill*         0x0801124b        0x1 
 .rodata        0x0801124c        0xf Src\user\config.o
 *fill*         0x0801125b        0x1 
 .rodata        0x0801125c       0x2f Src\user\data_saver.o
 *fill*         0x0801128b        0x1 
 .rodata        0x0801128c        0x1 Src\user\file_system_wrapper.o
 *fill*         0x0801128d        0x3 
 .rodata        0x08011290       0x20 Src\user\string_operations.o
 .rodata        0x080112b0       0x50 Src\user\uart_receiver_start_length.o
 .rodata        0x08011300       0x5b Src\user\uart_receiver_start_term.o
 *fill*         0x0801135b        0x1 
 .rodata        0x0801135c      0x245 Src\user\ublox_m8_gps_driver.o
 *(.rodata*)
 *fill*         0x080115a1        0x3 
 .rodata.flagBitshiftOffset.8945
                0x080115a4        0x8 Drivers\STM32F7xx_HAL_Driver\Src\stm32f7xx_hal_dma.o
 .rodata.ExCvt  0x080115ac       0x80 Middlewares\Third_Party\FatFs\src\ff.o
 .rodata.LfnOfs
                0x0801162c        0xd Middlewares\Third_Party\FatFs\src\ff.o
 *fill*         0x08011639        0x3 
 .rodata.Tbl    0x0801163c      0x100 Middlewares\Third_Party\FatFs\src\option\ccsbcs.o
 .rodata.cvt1.9682
                0x0801173c      0x1f2 Middlewares\Third_Party\FatFs\src\option\ccsbcs.o
 *fill*         0x0801192e        0x2 
 .rodata.cvt2.9683
                0x08011930       0xbc Middlewares\Third_Party\FatFs\src\option\ccsbcs.o
 .rodata.SD_Driver
                0x080119ec       0x14 Src\sd_diskio.o
                0x080119ec                SD_Driver
 .rodata.AHBPrescTable
                0x08011a00       0x10 Src\system_stm32f7xx.o
                0x08011a00                AHBPrescTable
 .rodata.APBPrescTable
                0x08011a10        0x8 Src\system_stm32f7xx.o
                0x08011a10                APBPrescTable
 .rodata.backupRegistersIndexes
                0x08011a18        0xc Src\user\rtc_driver.o
 .rodata.backupRegistersValues
                0x08011a24        0xc Src\user\rtc_driver.o
 .rodata.ubxCfgRateACKAnswerPrefix
                0x08011a30        0x8 Src\user\ublox_m8_gps_driver.o
 .rodata.ubxCfgRateNAKAnswerPrefix
                0x08011a38        0x8 Src\user\ublox_m8_gps_driver.o
 .rodata._svfprintf_r.str1.1
                0x08011a40       0x11 c:/program files (x86)/atollic/truestudio for stm32 9.2.0/armtools/bin/../lib/gcc/arm-atollic-eabi/6.3.1/../../../../arm-atollic-eabi/lib/armv7e-m/fpu/fpv5-d16\libc_nano.a(lib_a-nano-svfprintf.o)
 .rodata._printf_i.str1.1
                0x08011a51       0x22 c:/program files (x86)/atollic/truestudio for stm32 9.2.0/armtools/bin/../lib/gcc/arm-atollic-eabi/6.3.1/../../../../arm-atollic-eabi/lib/armv7e-m/fpu/fpv5-d16\libc_nano.a(lib_a-nano-vfprintf_i.o)
                0x08011a74                . = ALIGN (0x4)
 *fill*         0x08011a73        0x1 

.ARM.extab
 *(.ARM.extab* .gnu.linkonce.armextab.*)

.ARM            0x08011a74        0x8
                0x08011a74                __exidx_start = .
 *(.ARM.exidx*)
 .ARM.exidx     0x08011a74        0x8 c:/program files (x86)/atollic/truestudio for stm32 9.2.0/armtools/bin/../lib/gcc/arm-atollic-eabi/6.3.1/armv7e-m/fpu/fpv5-d16\libgcc.a(_udivmoddi4.o)
                0x08011a7c                __exidx_end = .

.rel.dyn        0x08011a7c        0x0
 .rel.iplt      0x08011a7c        0x0 c:/program files (x86)/atollic/truestudio for stm32 9.2.0/armtools/bin/../lib/gcc/arm-atollic-eabi/6.3.1/armv7e-m/fpu/fpv5-d16/crtbegin.o

.preinit_array  0x08011a7c        0x0
                0x08011a7c                PROVIDE (__preinit_array_start, .)
 *(.preinit_array*)
                0x08011a7c                PROVIDE (__preinit_array_end, .)

.init_array     0x08011a7c        0x4
                0x08011a7c                PROVIDE (__init_array_start, .)
 *(SORT(.init_array.*))
 *(.init_array*)
 .init_array    0x08011a7c        0x4 c:/program files (x86)/atollic/truestudio for stm32 9.2.0/armtools/bin/../lib/gcc/arm-atollic-eabi/6.3.1/armv7e-m/fpu/fpv5-d16/crtbegin.o
                0x08011a80                PROVIDE (__init_array_end, .)

.fini_array     0x08011a80        0x4
                [!provide]                PROVIDE (__fini_array_start, .)
 *(SORT(.fini_array.*))
 *(.fini_array*)
 .fini_array    0x08011a80        0x4 c:/program files (x86)/atollic/truestudio for stm32 9.2.0/armtools/bin/../lib/gcc/arm-atollic-eabi/6.3.1/armv7e-m/fpu/fpv5-d16/crtbegin.o
                [!provide]                PROVIDE (__fini_array_end, .)
                0x08011a84                _sidata = LOADADDR (.data)

.data           0x20000000       0x78 load address 0x08011a84
                0x20000000                . = ALIGN (0x4)
                0x20000000                _sdata = .
 *(.data)
 *(.data*)
 .data.uwTickPrio
                0x20000000        0x4 Drivers\STM32F7xx_HAL_Driver\Src\stm32f7xx_hal.o
                0x20000000                uwTickPrio
 .data.uwTickFreq
                0x20000004        0x1 Drivers\STM32F7xx_HAL_Driver\Src\stm32f7xx_hal.o
                0x20000004                uwTickFreq
 *fill*         0x20000005        0x1 
 .data.ledDebug1Pin
                0x20000006        0x2 Src\main.o
                0x20000006                ledDebug1Pin
 .data.ledDebug2Pin
                0x20000008        0x2 Src\main.o
                0x20000008                ledDebug2Pin
 .data.gpsResetPin
                0x2000000a        0x2 Src\main.o
                0x2000000a                gpsResetPin
 .data.Stat     0x2000000c        0x1 Src\sd_diskio.o
 *fill*         0x2000000d        0x3 
 .data.SystemCoreClock
                0x20000010        0x4 Src\system_stm32f7xx.o
                0x20000010                SystemCoreClock
 .data._impure_ptr
                0x20000014        0x4 c:/program files (x86)/atollic/truestudio for stm32 9.2.0/armtools/bin/../lib/gcc/arm-atollic-eabi/6.3.1/../../../../arm-atollic-eabi/lib/armv7e-m/fpu/fpv5-d16\libc_nano.a(lib_a-impure.o)
                0x20000014                _impure_ptr
 .data.impure_data
                0x20000018       0x60 c:/program files (x86)/atollic/truestudio for stm32 9.2.0/armtools/bin/../lib/gcc/arm-atollic-eabi/6.3.1/../../../../arm-atollic-eabi/lib/armv7e-m/fpu/fpv5-d16\libc_nano.a(lib_a-impure.o)
                0x20000078                . = ALIGN (0x4)
                0x20000078                _edata = .

.igot.plt       0x20000078        0x0 load address 0x08011afc
 .igot.plt      0x20000078        0x0 c:/program files (x86)/atollic/truestudio for stm32 9.2.0/armtools/bin/../lib/gcc/arm-atollic-eabi/6.3.1/armv7e-m/fpu/fpv5-d16/crtbegin.o
                0x20000078                . = ALIGN (0x4)

.bss            0x20000078     0xf338 load address 0x08011afc
                0x20000078                _sbss = .
                0x20000078                __bss_start__ = _sbss
 *(.bss)
 .bss           0x20000078       0x1c c:/program files (x86)/atollic/truestudio for stm32 9.2.0/armtools/bin/../lib/gcc/arm-atollic-eabi/6.3.1/armv7e-m/fpu/fpv5-d16/crtbegin.o
 *(.bss*)
 .bss.FatFs     0x20000094        0x4 Middlewares\Third_Party\FatFs\src\ff.o
 .bss.Fsid      0x20000098        0x2 Middlewares\Third_Party\FatFs\src\ff.o
 *fill*         0x2000009a        0x2 
 .bss.Files     0x2000009c       0x20 Middlewares\Third_Party\FatFs\src\ff.o
 .bss.LfnBuf    0x200000bc      0x200 Middlewares\Third_Party\FatFs\src\ff.o
 .bss.disk      0x200002bc        0xc Middlewares\Third_Party\FatFs\src\ff_gen_drv.o
                0x200002bc                disk
 .bss.errorInCounter
                0x200002c8        0x2 Src\main.o
 *fill*         0x200002ca        0x2 
 .bss.scratch   0x200002cc      0x200 Src\sd_diskio.o
 .bss.WriteStatus
                0x200004cc        0x4 Src\sd_diskio.o
 .bss.ReadStatus
                0x200004d0        0x4 Src\sd_diskio.o
 .bss.heap_end.7010
                0x200004d4        0x4 Src\syscalls.o
 .bss.__malloc_free_list
                0x200004d8        0x4 c:/program files (x86)/atollic/truestudio for stm32 9.2.0/armtools/bin/../lib/gcc/arm-atollic-eabi/6.3.1/../../../../arm-atollic-eabi/lib/armv7e-m/fpu/fpv5-d16\libc_nano.a(lib_a-nano-mallocr.o)
                0x200004d8                __malloc_free_list
 .bss.__malloc_sbrk_start
                0x200004dc        0x4 c:/program files (x86)/atollic/truestudio for stm32 9.2.0/armtools/bin/../lib/gcc/arm-atollic-eabi/6.3.1/../../../../arm-atollic-eabi/lib/armv7e-m/fpu/fpv5-d16\libc_nano.a(lib_a-nano-mallocr.o)
                0x200004dc                __malloc_sbrk_start
 *(COMMON)
 COMMON         0x200004e0        0x4 Drivers\STM32F7xx_HAL_Driver\Src\stm32f7xx_hal.o
                0x200004e0                uwTick
 COMMON         0x200004e4       0x28 Src\can.o
                0x200004e4                hcan1
 COMMON         0x2000050c      0x26c Src\fatfs.o
                0x2000050c                retSD
                0x20000510                SDPath
                0x20000514                SDFile
                0x20000544                SDFatFS
 COMMON         0x20000778     0xe9f0 Src\main.o
                0x20000778                configDataManager
                0x2000ab1c                uartGpsUBXReceiverTerm
                0x2000bbc4                uartGpsDriver
                0x2000bc00                gpsResetDriver
                0x2000bc10                uartGpsNMEAReceiverTerm
                0x2000ccb0                ledDebug1Driver
                0x2000ccc8                gpsDriver
                0x2000cd44                canReceiver
                0x2000ed60                ledDebug2Driver
                0x2000ed78                canTransceiverDriver
                0x2000edac                rtcDriver
                0x2000edb4                actionScheduler
                0x2000edd4                dataSaver
                0x2000ef24                fileSystem
                0x2000f15c                msTimerDriver
 COMMON         0x2000f168       0x20 Src\rtc.o
                0x2000f168                hrtc
 COMMON         0x2000f188      0x144 Src\sdmmc.o
                0x2000f188                hsd1
                0x2000f20c                hdma_sdmmc1_rx
                0x2000f26c                hdma_sdmmc1_tx
 COMMON         0x2000f2cc       0xe0 Src\usart.o
                0x2000f2cc                hdma_usart1_tx
                0x2000f32c                huart1
 COMMON         0x2000f3ac        0x4 c:/program files (x86)/atollic/truestudio for stm32 9.2.0/armtools/bin/../lib/gcc/arm-atollic-eabi/6.3.1/../../../../arm-atollic-eabi/lib/armv7e-m/fpu/fpv5-d16\libc_nano.a(lib_a-reent.o)
                0x2000f3ac                errno
                0x2000f3b0                . = ALIGN (0x4)
                0x2000f3b0                _ebss = .
                0x2000f3b0                __bss_end__ = _ebss

._user_heap_stack
                0x2000f3b0    0x60200 load address 0x08011afc
                0x2000f3b0                . = ALIGN (0x4)
                0x2000f3b0                PROVIDE (end, .)
                [!provide]                PROVIDE (_end, .)
                0x2000f5b0                . = (. + _Min_Heap_Size)
 *fill*         0x2000f3b0      0x200 
                0x2006f5b0                . = (. + _Min_Stack_Size)
 *fill*         0x2000f5b0    0x60000 
                0x2006f5b0                . = ALIGN (0x4)

/DISCARD/
 libc.a(*)
 libm.a(*)
 libgcc.a(*)

.ARM.attributes
                0x00000000       0x2e
 *(.ARM.attributes)
 .ARM.attributes
                0x00000000       0x20 c:/program files (x86)/atollic/truestudio for stm32 9.2.0/armtools/bin/../lib/gcc/arm-atollic-eabi/6.3.1/armv7e-m/fpu/fpv5-d16/crti.o
 .ARM.attributes
                0x00000020       0x32 c:/program files (x86)/atollic/truestudio for stm32 9.2.0/armtools/bin/../lib/gcc/arm-atollic-eabi/6.3.1/armv7e-m/fpu/fpv5-d16/crtbegin.o
 .ARM.attributes
                0x00000052       0x37 Drivers\STM32F7xx_HAL_Driver\Src\stm32f7xx_hal.o
 .ARM.attributes
                0x00000089       0x37 Drivers\STM32F7xx_HAL_Driver\Src\stm32f7xx_hal_can.o
 .ARM.attributes
                0x000000c0       0x37 Drivers\STM32F7xx_HAL_Driver\Src\stm32f7xx_hal_cortex.o
 .ARM.attributes
                0x000000f7       0x37 Drivers\STM32F7xx_HAL_Driver\Src\stm32f7xx_hal_dma.o
 .ARM.attributes
                0x0000012e       0x37 Drivers\STM32F7xx_HAL_Driver\Src\stm32f7xx_hal_gpio.o
 .ARM.attributes
                0x00000165       0x37 Drivers\STM32F7xx_HAL_Driver\Src\stm32f7xx_hal_pwr.o
 .ARM.attributes
                0x0000019c       0x37 Drivers\STM32F7xx_HAL_Driver\Src\stm32f7xx_hal_pwr_ex.o
 .ARM.attributes
                0x000001d3       0x37 Drivers\STM32F7xx_HAL_Driver\Src\stm32f7xx_hal_rcc.o
 .ARM.attributes
                0x0000020a       0x37 Drivers\STM32F7xx_HAL_Driver\Src\stm32f7xx_hal_rcc_ex.o
 .ARM.attributes
                0x00000241       0x37 Drivers\STM32F7xx_HAL_Driver\Src\stm32f7xx_hal_rtc.o
 .ARM.attributes
                0x00000278       0x37 Drivers\STM32F7xx_HAL_Driver\Src\stm32f7xx_hal_rtc_ex.o
 .ARM.attributes
                0x000002af       0x37 Drivers\STM32F7xx_HAL_Driver\Src\stm32f7xx_hal_sd.o
 .ARM.attributes
                0x000002e6       0x37 Drivers\STM32F7xx_HAL_Driver\Src\stm32f7xx_hal_uart.o
 .ARM.attributes
                0x0000031d       0x37 Drivers\STM32F7xx_HAL_Driver\Src\stm32f7xx_ll_sdmmc.o
 .ARM.attributes
                0x00000354       0x37 Middlewares\Third_Party\FatFs\src\diskio.o
 .ARM.attributes
                0x0000038b       0x37 Middlewares\Third_Party\FatFs\src\ff.o
 .ARM.attributes
                0x000003c2       0x37 Middlewares\Third_Party\FatFs\src\ff_gen_drv.o
 .ARM.attributes
                0x000003f9       0x37 Middlewares\Third_Party\FatFs\src\option\ccsbcs.o
 .ARM.attributes
                0x00000430       0x37 Src\bsp_driver_sd.o
 .ARM.attributes
                0x00000467       0x37 Src\can.o
 .ARM.attributes
                0x0000049e       0x37 Src\dma.o
 .ARM.attributes
                0x000004d5       0x37 Src\fatfs.o
 .ARM.attributes
                0x0000050c       0x37 Src\gpio.o
 .ARM.attributes
                0x00000543       0x37 Src\main.o
 .ARM.attributes
                0x0000057a       0x37 Src\rtc.o
 .ARM.attributes
                0x000005b1       0x37 Src\sd_diskio.o
 .ARM.attributes
                0x000005e8       0x37 Src\sdmmc.o
 .ARM.attributes
                0x0000061f       0x37 Src\stm32f7xx_hal_msp.o
 .ARM.attributes
                0x00000656       0x37 Src\stm32f7xx_it.o
 .ARM.attributes
                0x0000068d       0x37 Src\syscalls.o
 .ARM.attributes
                0x000006c4       0x37 Src\system_stm32f7xx.o
 .ARM.attributes
                0x000006fb       0x37 Src\usart.o
 .ARM.attributes
                0x00000732       0x37 Src\user\action_scheduler.o
 .ARM.attributes
                0x00000769       0x37 Src\user\can_receiver.o
 .ARM.attributes
                0x000007a0       0x37 Src\user\can_transceiver_driver.o
 .ARM.attributes
                0x000007d7       0x37 Src\user\config.o
 .ARM.attributes
                0x0000080e       0x37 Src\user\data_saver.o
 .ARM.attributes
                0x00000845       0x37 Src\user\do_driver.o
 .ARM.attributes
                0x0000087c       0x37 Src\user\fifo_queue.o
 .ARM.attributes
                0x000008b3       0x37 Src\user\fifo_queue_multiread.o
 .ARM.attributes
                0x000008ea       0x37 Src\user\file_reading_buffer.o
 .ARM.attributes
                0x00000921       0x37 Src\user\file_system_wrapper.o
 .ARM.attributes
                0x00000958       0x37 Src\user\file_writing_buffer.o
 .ARM.attributes
                0x0000098f       0x37 Src\user\fixed_point.o
 .ARM.attributes